Archive member included to satisfy reference by file (symbol)

/usr/bin/../lib/gcc/arm-none-eabi/7.3.1/thumb/v7e-m/fpv4-sp/hard/libgcc.a(_aeabi_uldivmod.o)
                              CMakeFiles/jd_smartwatch.dir/lvgl/src/lv_misc/lv_printf.c.obj (__aeabi_uldivmod)
/usr/bin/../lib/gcc/arm-none-eabi/7.3.1/thumb/v7e-m/fpv4-sp/hard/libgcc.a(_udivmoddi4.o)
                              /usr/bin/../lib/gcc/arm-none-eabi/7.3.1/thumb/v7e-m/fpv4-sp/hard/libgcc.a(_aeabi_uldivmod.o) (__udivmoddi4)
/usr/bin/../lib/gcc/arm-none-eabi/7.3.1/thumb/v7e-m/fpv4-sp/hard/libgcc.a(_dvmd_tls.o)
                              /usr/bin/../lib/gcc/arm-none-eabi/7.3.1/thumb/v7e-m/fpv4-sp/hard/libgcc.a(_aeabi_uldivmod.o) (__aeabi_ldiv0)
/usr/bin/../lib/gcc/arm-none-eabi/7.3.1/../../../../arm-none-eabi/lib/thumb/v7e-m/fpv4-sp/hard/libc_nano.a(lib_a-exit.o)
                              /usr/bin/../lib/gcc/arm-none-eabi/7.3.1/../../../../arm-none-eabi/lib/thumb/v7e-m/fpv4-sp/hard/crt0.o (exit)
/usr/bin/../lib/gcc/arm-none-eabi/7.3.1/../../../../arm-none-eabi/lib/thumb/v7e-m/fpv4-sp/hard/libc_nano.a(lib_a-impure.o)
                              /usr/bin/../lib/gcc/arm-none-eabi/7.3.1/../../../../arm-none-eabi/lib/thumb/v7e-m/fpv4-sp/hard/libc_nano.a(lib_a-exit.o) (_global_impure_ptr)
/usr/bin/../lib/gcc/arm-none-eabi/7.3.1/../../../../arm-none-eabi/lib/thumb/v7e-m/fpv4-sp/hard/libc_nano.a(lib_a-init.o)
                              /usr/bin/../lib/gcc/arm-none-eabi/7.3.1/../../../../arm-none-eabi/lib/thumb/v7e-m/fpv4-sp/hard/crt0.o (__libc_init_array)
/usr/bin/../lib/gcc/arm-none-eabi/7.3.1/../../../../arm-none-eabi/lib/thumb/v7e-m/fpv4-sp/hard/libc_nano.a(lib_a-locale.o)
                              CMakeFiles/jd_smartwatch.dir/__/toolchains/nRF5/nRF5_SDK_16.0.0_98a08e2/components/libraries/log/src/nrf_log_str_formatter.c.obj (__locale_ctype_ptr)
/usr/bin/../lib/gcc/arm-none-eabi/7.3.1/../../../../arm-none-eabi/lib/thumb/v7e-m/fpv4-sp/hard/libc_nano.a(lib_a-mbtowc_r.o)
                              /usr/bin/../lib/gcc/arm-none-eabi/7.3.1/../../../../arm-none-eabi/lib/thumb/v7e-m/fpv4-sp/hard/libc_nano.a(lib_a-locale.o) (__ascii_mbtowc)
/usr/bin/../lib/gcc/arm-none-eabi/7.3.1/../../../../arm-none-eabi/lib/thumb/v7e-m/fpv4-sp/hard/libc_nano.a(lib_a-memcmp.o)
                              CMakeFiles/jd_smartwatch.dir/__/toolchains/nRF5/nRF5_SDK_16.0.0_98a08e2/components/ble/common/ble_advdata.c.obj (memcmp)
/usr/bin/../lib/gcc/arm-none-eabi/7.3.1/../../../../arm-none-eabi/lib/thumb/v7e-m/fpv4-sp/hard/libc_nano.a(lib_a-memcpy-stub.o)
                              CMakeFiles/jd_smartwatch.dir/__/toolchains/nRF5/nRF5_SDK_16.0.0_98a08e2/components/libraries/ringbuf/nrf_ringbuf.c.obj (memcpy)
/usr/bin/../lib/gcc/arm-none-eabi/7.3.1/../../../../arm-none-eabi/lib/thumb/v7e-m/fpv4-sp/hard/libc_nano.a(lib_a-memset.o)
                              /usr/bin/../lib/gcc/arm-none-eabi/7.3.1/../../../../arm-none-eabi/lib/thumb/v7e-m/fpv4-sp/hard/crt0.o (memset)
/usr/bin/../lib/gcc/arm-none-eabi/7.3.1/../../../../arm-none-eabi/lib/thumb/v7e-m/fpv4-sp/hard/libc_nano.a(lib_a-nano-vfprintf_float.o)
                              (_printf_float)
/usr/bin/../lib/gcc/arm-none-eabi/7.3.1/../../../../arm-none-eabi/lib/thumb/v7e-m/fpv4-sp/hard/libc_nano.a(lib_a-nano-vfprintf_i.o)
                              /usr/bin/../lib/gcc/arm-none-eabi/7.3.1/../../../../arm-none-eabi/lib/thumb/v7e-m/fpv4-sp/hard/libc_nano.a(lib_a-nano-vfprintf_float.o) (_printf_common)
/usr/bin/../lib/gcc/arm-none-eabi/7.3.1/../../../../arm-none-eabi/lib/thumb/v7e-m/fpv4-sp/hard/libc_nano.a(lib_a-printf.o)
                              CMakeFiles/jd_smartwatch.dir/utils.c.obj (printf)
/usr/bin/../lib/gcc/arm-none-eabi/7.3.1/../../../../arm-none-eabi/lib/thumb/v7e-m/fpv4-sp/hard/libc_nano.a(lib_a-snprintf.o)
                              CMakeFiles/jd_smartwatch.dir/app/display/brightness/display_brightness.c.obj (snprintf)
/usr/bin/../lib/gcc/arm-none-eabi/7.3.1/../../../../arm-none-eabi/lib/thumb/v7e-m/fpv4-sp/hard/libc_nano.a(lib_a-strcat.o)
                              CMakeFiles/jd_smartwatch.dir/lvgl/src/lv_widgets/lv_dropdown.c.obj (strcat)
/usr/bin/../lib/gcc/arm-none-eabi/7.3.1/../../../../arm-none-eabi/lib/thumb/v7e-m/fpv4-sp/hard/libc_nano.a(lib_a-strcmp.o)
                              CMakeFiles/jd_smartwatch.dir/lvgl/src/lv_core/lv_obj.c.obj (strcmp)
/usr/bin/../lib/gcc/arm-none-eabi/7.3.1/../../../../arm-none-eabi/lib/thumb/v7e-m/fpv4-sp/hard/libc_nano.a(lib_a-strcpy.o)
                              CMakeFiles/jd_smartwatch.dir/__/toolchains/nRF5/nRF5_SDK_16.0.0_98a08e2/external/segger_rtt/SEGGER_RTT.c.obj (strcpy)
/usr/bin/../lib/gcc/arm-none-eabi/7.3.1/../../../../arm-none-eabi/lib/thumb/v7e-m/fpv4-sp/hard/libc_nano.a(lib_a-strlen.o)
                              CMakeFiles/jd_smartwatch.dir/__/toolchains/nRF5/nRF5_SDK_16.0.0_98a08e2/external/fprintf/nrf_fprintf_format.c.obj (strlen)
[...]
Memory Configuration

Name             Origin             Length             Attributes
FLASH            0x0000000000026000 0x000000000005a000 xr
RAM              0x0000000020002290 0x000000000000dd70 xrw
*default*        0x0000000000000000 0xffffffffffffffff

Linker script and memory map


.text           0x0000000000026000    0x36b04
 *(.isr_vector)
 .isr_vector    0x0000000000026000      0x200 CMakeFiles/jd_smartwatch.dir/__/toolchains/nRF5/nRF5_SDK_16.0.0_98a08e2/modules/nrfx/mdk/gcc_startup_nrf52.S.obj
                0x0000000000026000                __isr_vector
 *(.text*)
 .text          0x0000000000026200       0x40 /usr/bin/../lib/gcc/arm-none-eabi/7.3.1/thumb/v7e-m/fpv4-sp/hard/crtbegin.o
 .text          0x0000000000026240       0x74 /usr/bin/../lib/gcc/arm-none-eabi/7.3.1/../../../../arm-none-eabi/lib/thumb/v7e-m/fpv4-sp/hard/crt0.o
                0x0000000000026240                _mainCRTStartup
                0x0000000000026240                _start
 .text          0x00000000000262b4       0x3c CMakeFiles/jd_smartwatch.dir/__/toolchains/nRF5/nRF5_SDK_16.0.0_98a08e2/modules/nrfx/mdk/gcc_startup_nrf52.S.obj
                0x00000000000262b4                Reset_Handler
                0x00000000000262dc                NMI_Handler
                0x00000000000262de                HardFault_Handler
                0x00000000000262e0                MemoryManagement_Handler
                0x00000000000262e2                BusFault_Handler
                0x00000000000262e4                UsageFault_Handler
                0x00000000000262e8                DebugMon_Handler
                0x00000000000262ec                SysTick_Handler
                0x00000000000262ee                RTC0_IRQHandler
                0x00000000000262ee                SWI0_EGU0_IRQHandler
                0x00000000000262ee                PWM1_IRQHandler
                0x00000000000262ee                RADIO_IRQHandler
                0x00000000000262ee                PDM_IRQHandler
                0x00000000000262ee                TEMP_IRQHandler
                0x00000000000262ee                QDEC_IRQHandler
                0x00000000000262ee                FPU_IRQHandler
                0x00000000000262ee                I2S_IRQHandler
                0x00000000000262ee                SWI4_EGU4_IRQHandler
                0x00000000000262ee                PWM2_IRQHandler
                0x00000000000262ee                ECB_IRQHandler
                0x00000000000262ee                Default_Handler
                0x00000000000262ee                CCM_AAR_IRQHandler
                0x00000000000262ee                WDT_IRQHandler
                0x00000000000262ee                SWI5_EGU5_IRQHandler
                0x00000000000262ee                RNG_IRQHandler
                0x00000000000262ee                RTC2_IRQHandler
                0x00000000000262ee                PWM0_IRQHandler
                0x00000000000262ee                SWI3_EGU3_IRQHandler
                0x00000000000262ee                SWI1_EGU1_IRQHandler
                0x00000000000262ee                SPIM2_SPIS2_SPI2_IRQHandler
                0x00000000000262ee                NFCT_IRQHandler
                0x00000000000262ee                MWU_IRQHandler
                0x00000000000262ee                COMP_LPCOMP_IRQHandler
 .text.SystemInit
                0x00000000000262f0      0x3c0 CMakeFiles/jd_smartwatch.dir/__/toolchains/nRF5/nRF5_SDK_16.0.0_98a08e2/modules/nrfx/mdk/system_nrf52.c.obj
                0x00000000000262f0                SystemInit
 .text.nrf_atomic_u32_fetch_store
                0x00000000000266b0       0x14 CMakeFiles/jd_smartwatch.dir/__/toolchains/nRF5/nRF5_SDK_16.0.0_98a08e2/components/libraries/atomic/nrf_atomic.c.obj
                0x00000000000266b0                nrf_atomic_u32_fetch_store
 .text.nrf_atomic_u32_fetch_or
                0x00000000000266c4       0x18 CMakeFiles/jd_smartwatch.dir/__/toolchains/nRF5/nRF5_SDK_16.0.0_98a08e2/components/libraries/atomic/nrf_atomic.c.obj
                0x00000000000266c4                nrf_atomic_u32_fetch_or
 .text.nrf_atomic_u32_or
                0x00000000000266dc       0x18 CMakeFiles/jd_smartwatch.dir/__/toolchains/nRF5/nRF5_SDK_16.0.0_98a08e2/components/libraries/atomic/nrf_atomic.c.obj
                0x00000000000266dc                nrf_atomic_u32_or
 .text.nrf_atomic_u32_and
                0x00000000000266f4       0x18 CMakeFiles/jd_smartwatch.dir/__/toolchains/nRF5/nRF5_SDK_16.0.0_98a08e2/components/libraries/atomic/nrf_atomic.c.obj
                0x00000000000266f4                nrf_atomic_u32_and
 .text.nrf_atomic_u32_fetch_add
                0x000000000002670c       0x18 CMakeFiles/jd_smartwatch.dir/__/toolchains/nRF5/nRF5_SDK_16.0.0_98a08e2/components/libraries/atomic/nrf_atomic.c.obj
                0x000000000002670c                nrf_atomic_u32_fetch_add
 .text.nrf_atomic_u32_add
                0x0000000000026724       0x18 CMakeFiles/jd_smartwatch.dir/__/toolchains/nRF5/nRF5_SDK_16.0.0_98a08e2/components/libraries/atomic/nrf_atomic.c.obj
                0x0000000000026724                nrf_atomic_u32_add
 .text.nrf_atomic_u32_sub
                0x000000000002673c       0x18 CMakeFiles/jd_smartwatch.dir/__/toolchains/nRF5/nRF5_SDK_16.0.0_98a08e2/components/libraries/atomic/nrf_atomic.c.obj
                0x000000000002673c                nrf_atomic_u32_sub
 .text.nrf_atomic_flag_set_fetch
                0x0000000000026754       0x18 CMakeFiles/jd_smartwatch.dir/__/toolchains/nRF5/nRF5_SDK_16.0.0_98a08e2/components/libraries/atomic/nrf_atomic.c.obj
                0x0000000000026754                nrf_atomic_flag_set_fetch
 .text.nrf_atomic_flag_set
                0x000000000002676c       0x18 CMakeFiles/jd_smartwatch.dir/__/toolchains/nRF5/nRF5_SDK_16.0.0_98a08e2/components/libraries/atomic/nrf_atomic.c.obj
                0x000000000002676c                nrf_atomic_flag_set
 .text.nrf_atomic_flag_clear_fetch
                0x0000000000026784       0x18 CMakeFiles/jd_smartwatch.dir/__/toolchains/nRF5/nRF5_SDK_16.0.0_98a08e2/components/libraries/atomic/nrf_atomic.c.obj
                0x0000000000026784                nrf_atomic_flag_clear_fetch
 .text.nrf_atomic_flag_clear
                0x000000000002679c       0x18 CMakeFiles/jd_smartwatch.dir/__/toolchains/nRF5/nRF5_SDK_16.0.0_98a08e2/components/libraries/atomic/nrf_atomic.c.obj
                0x000000000002679c                nrf_atomic_flag_clear
 .text.nrf_ringbuf_init
                0x00000000000267b4       0x1c CMakeFiles/jd_smartwatch.dir/__/toolchains/nRF5/nRF5_SDK_16.0.0_98a08e2/components/libraries/ringbuf/nrf_ringbuf.c.obj
                0x00000000000267b4                nrf_ringbuf_init
 .text.nrf_ringbuf_alloc
                0x00000000000267d0       0x90 CMakeFiles/jd_smartwatch.dir/__/toolchains/nRF5/nRF5_SDK_16.0.0_98a08e2/components/libraries/ringbuf/nrf_ringbuf.c.obj
                0x00000000000267d0                nrf_ringbuf_alloc
 .text.nrf_ringbuf_put
                0x0000000000026860       0x34 CMakeFiles/jd_smartwatch.dir/__/toolchains/nRF5/nRF5_SDK_16.0.0_98a08e2/components/libraries/ringbuf/nrf_ringbuf.c.obj
                0x0000000000026860                nrf_ringbuf_put
 .text.nrf_ringbuf_free
                0x0000000000026894       0x28 CMakeFiles/jd_smartwatch.dir/__/toolchains/nRF5/nRF5_SDK_16.0.0_98a08e2/components/libraries/ringbuf/nrf_ringbuf.c.obj
                0x0000000000026894                nrf_ringbuf_free
 .text.nrf_balloc_init
                0x00000000000268bc       0x38 CMakeFiles/jd_smartwatch.dir/__/toolchains/nRF5/nRF5_SDK_16.0.0_98a08e2/components/libraries/balloc/nrf_balloc.c.obj
                0x00000000000268bc                nrf_balloc_init
 .text.nrf_balloc_alloc
                0x00000000000268f4       0x50 CMakeFiles/jd_smartwatch.dir/__/toolchains/nRF5/nRF5_SDK_16.0.0_98a08e2/components/libraries/balloc/nrf_balloc.c.obj
                0x00000000000268f4                nrf_balloc_alloc
 .text.nrf_balloc_free
                0x0000000000026944       0x38 CMakeFiles/jd_smartwatch.dir/__/toolchains/nRF5/nRF5_SDK_16.0.0_98a08e2/components/libraries/balloc/nrf_balloc.c.obj
                0x0000000000026944                nrf_balloc_free
 .text.nrf_memobj_pool_init
                0x000000000002697c        0x4 CMakeFiles/jd_smartwatch.dir/__/toolchains/nRF5/nRF5_SDK_16.0.0_98a08e2/components/libraries/memobj/nrf_memobj.c.obj
                0x000000000002697c                nrf_memobj_pool_init
 .text.nrf_memobj_alloc
                0x0000000000026980       0x84 CMakeFiles/jd_smartwatch.dir/__/toolchains/nRF5/nRF5_SDK_16.0.0_98a08e2/components/libraries/memobj/nrf_memobj.c.obj
                0x0000000000026980                nrf_memobj_alloc
 .text.nrf_memobj_free
                0x0000000000026a04       0x34 CMakeFiles/jd_smartwatch.dir/__/toolchains/nRF5/nRF5_SDK_16.0.0_98a08e2/components/libraries/memobj/nrf_memobj.c.obj
                0x0000000000026a04                nrf_memobj_free
 .text.nrf_memobj_get
                0x0000000000026a38        0x8 CMakeFiles/jd_smartwatch.dir/__/toolchains/nRF5/nRF5_SDK_16.0.0_98a08e2/components/libraries/memobj/nrf_memobj.c.obj
                0x0000000000026a38                nrf_memobj_get
 .text.nrf_memobj_put
                0x0000000000026a40       0x44 CMakeFiles/jd_smartwatch.dir/__/toolchains/nRF5/nRF5_SDK_16.0.0_98a08e2/components/libraries/memobj/nrf_memobj.c.obj
                0x0000000000026a40                nrf_memobj_put
 .text.nrf_memobj_write
                0x0000000000026a84       0x68 CMakeFiles/jd_smartwatch.dir/__/toolchains/nRF5/nRF5_SDK_16.0.0_98a08e2/components/libraries/memobj/nrf_memobj.c.obj
                0x0000000000026a84                nrf_memobj_write
 .text.nrf_memobj_read
                0x0000000000026aec       0x68 CMakeFiles/jd_smartwatch.dir/__/toolchains/nRF5/nRF5_SDK_16.0.0_98a08e2/components/libraries/memobj/nrf_memobj.c.obj
                0x0000000000026aec                nrf_memobj_read
 .text.nrf_strerror_get
                0x0000000000026b54       0x6c CMakeFiles/jd_smartwatch.dir/__/toolchains/nRF5/nRF5_SDK_16.0.0_98a08e2/components/libraries/strerror/nrf_strerror.c.obj
                0x0000000000026b54                nrf_strerror_get
 .text.nrf_fprintf_buffer_flush
                0x0000000000026bc0       0x18 CMakeFiles/jd_smartwatch.dir/__/toolchains/nRF5/nRF5_SDK_16.0.0_98a08e2/external/fprintf/nrf_fprintf.c.obj
                0x0000000000026bc0                nrf_fprintf_buffer_flush
 .text.nrf_fprintf
                0x0000000000026bd8       0x20 CMakeFiles/jd_smartwatch.dir/__/toolchains/nRF5/nRF5_SDK_16.0.0_98a08e2/external/fprintf/nrf_fprintf.c.obj
                0x0000000000026bd8                nrf_fprintf
 .text.unsigned_print
                0x0000000000026bf8      0x148 CMakeFiles/jd_smartwatch.dir/__/toolchains/nRF5/nRF5_SDK_16.0.0_98a08e2/external/fprintf/nrf_fprintf_format.c.obj
 .text.nrf_fprintf_fmt
                0x0000000000026d40      0x6e4 CMakeFiles/jd_smartwatch.dir/__/toolchains/nRF5/nRF5_SDK_16.0.0_98a08e2/external/fprintf/nrf_fprintf_format.c.obj
                0x0000000000026d40                nrf_fprintf_fmt
 .text.nrf_log_std_entry_process
                0x0000000000027424      0x14c CMakeFiles/jd_smartwatch.dir/__/toolchains/nRF5/nRF5_SDK_16.0.0_98a08e2/components/libraries/log/src/nrf_log_str_formatter.c.obj
                0x0000000000027424                nrf_log_std_entry_process
 .text.nrf_log_hexdump_entry_process
                0x0000000000027570      0x160 CMakeFiles/jd_smartwatch.dir/__/toolchains/nRF5/nRF5_SDK_16.0.0_98a08e2/components/libraries/log/src/nrf_log_str_formatter.c.obj
                0x0000000000027570                nrf_log_hexdump_entry_process
 .text.log_skip
                0x00000000000276d0       0xd4 CMakeFiles/jd_smartwatch.dir/__/toolchains/nRF5/nRF5_SDK_16.0.0_98a08e2/components/libraries/log/src/nrf_log_frontend.c.obj
 .text.nrf_log_init
                0x00000000000277a4       0x3c CMakeFiles/jd_smartwatch.dir/__/toolchains/nRF5/nRF5_SDK_16.0.0_98a08e2/components/libraries/log/src/nrf_log_frontend.c.obj
                0x00000000000277a4                nrf_log_init
 .text.nrf_log_module_name_get
                0x00000000000277e0       0x58 CMakeFiles/jd_smartwatch.dir/__/toolchains/nRF5/nRF5_SDK_16.0.0_98a08e2/components/libraries/log/src/nrf_log_frontend.c.obj
                0x00000000000277e0                nrf_log_module_name_get
 .text.nrf_log_color_id_get
                0x0000000000027838       0x2c CMakeFiles/jd_smartwatch.dir/__/toolchains/nRF5/nRF5_SDK_16.0.0_98a08e2/components/libraries/log/src/nrf_log_frontend.c.obj
                0x0000000000027838                nrf_log_color_id_get
 .text.nrf_log_push
                0x0000000000027864       0x64 CMakeFiles/jd_smartwatch.dir/__/toolchains/nRF5/nRF5_SDK_16.0.0_98a08e2/components/libraries/log/src/nrf_log_frontend.c.obj
                0x0000000000027864                nrf_log_push
 .text.nrf_log_frontend_std_0
                0x00000000000278c8       0xf0 CMakeFiles/jd_smartwatch.dir/__/toolchains/nRF5/nRF5_SDK_16.0.0_98a08e2/components/libraries/log/src/nrf_log_frontend.c.obj
                0x00000000000278c8                nrf_log_frontend_std_0
 .text.nrf_log_frontend_dequeue.part.6
                0x00000000000279b8      0x26c CMakeFiles/jd_smartwatch.dir/__/toolchains/nRF5/nRF5_SDK_16.0.0_98a08e2/components/libraries/log/src/nrf_log_frontend.c.obj
 .text.nrf_log_frontend_std_1
                0x0000000000027c24      0x100 CMakeFiles/jd_smartwatch.dir/__/toolchains/nRF5/nRF5_SDK_16.0.0_98a08e2/components/libraries/log/src/nrf_log_frontend.c.obj
                0x0000000000027c24                nrf_log_frontend_std_1
 .text.nrf_log_frontend_std_2
                0x0000000000027d24      0x104 CMakeFiles/jd_smartwatch.dir/__/toolchains/nRF5/nRF5_SDK_16.0.0_98a08e2/components/libraries/log/src/nrf_log_frontend.c.obj
                0x0000000000027d24                nrf_log_frontend_std_2
 .text.nrf_log_frontend_std_3
                0x0000000000027e28      0x110 CMakeFiles/jd_smartwatch.dir/__/toolchains/nRF5/nRF5_SDK_16.0.0_98a08e2/components/libraries/log/src/nrf_log_frontend.c.obj
                0x0000000000027e28                nrf_log_frontend_std_3
 .text.nrf_log_frontend_std_4
                0x0000000000027f38      0x12c CMakeFiles/jd_smartwatch.dir/__/toolchains/nRF5/nRF5_SDK_16.0.0_98a08e2/components/libraries/log/src/nrf_log_frontend.c.obj
                0x0000000000027f38                nrf_log_frontend_std_4
 .text.nrf_log_frontend_std_5
                0x0000000000028064      0x13c CMakeFiles/jd_smartwatch.dir/__/toolchains/nRF5/nRF5_SDK_16.0.0_98a08e2/components/libraries/log/src/nrf_log_frontend.c.obj
                0x0000000000028064                nrf_log_frontend_std_5
 .text.nrf_log_frontend_dequeue
                0x00000000000281a0       0x18 CMakeFiles/jd_smartwatch.dir/__/toolchains/nRF5/nRF5_SDK_16.0.0_98a08e2/components/libraries/log/src/nrf_log_frontend.c.obj
                0x00000000000281a0                nrf_log_frontend_dequeue
 .text.nrf_log_backend_add
                0x00000000000281b8       0x68 CMakeFiles/jd_smartwatch.dir/__/toolchains/nRF5/nRF5_SDK_16.0.0_98a08e2/components/libraries/log/src/nrf_log_frontend.c.obj
                0x00000000000281b8                nrf_log_backend_add
 .text.nrf_log_panic
                0x0000000000028220       0x2c CMakeFiles/jd_smartwatch.dir/__/toolchains/nRF5/nRF5_SDK_16.0.0_98a08e2/components/libraries/log/src/nrf_log_frontend.c.obj
                0x0000000000028220                nrf_log_panic
 .text.nrf_log_default_backends_init
                0x000000000002824c       0x20 CMakeFiles/jd_smartwatch.dir/__/toolchains/nRF5/nRF5_SDK_16.0.0_98a08e2/components/libraries/log/src/nrf_log_default_backends.c.obj
                0x000000000002824c                nrf_log_default_backends_init
 .text.nrf_log_backend_rtt_flush
                0x000000000002826c        0x4 CMakeFiles/jd_smartwatch.dir/__/toolchains/nRF5/nRF5_SDK_16.0.0_98a08e2/components/libraries/log/src/nrf_log_backend_rtt.c.obj
 .text.nrf_log_backend_rtt_put
                0x0000000000028270       0x20 CMakeFiles/jd_smartwatch.dir/__/toolchains/nRF5/nRF5_SDK_16.0.0_98a08e2/components/libraries/log/src/nrf_log_backend_rtt.c.obj
 .text.serial_tx
                0x0000000000028290       0x54 CMakeFiles/jd_smartwatch.dir/__/toolchains/nRF5/nRF5_SDK_16.0.0_98a08e2/components/libraries/log/src/nrf_log_backend_rtt.c.obj
 .text.nrf_log_backend_rtt_panic_set
                0x00000000000282e4        0x4 CMakeFiles/jd_smartwatch.dir/__/toolchains/nRF5/nRF5_SDK_16.0.0_98a08e2/components/libraries/log/src/nrf_log_backend_rtt.c.obj
 .text.nrf_log_backend_rtt_init
                0x00000000000282e8        0x4 CMakeFiles/jd_smartwatch.dir/__/toolchains/nRF5/nRF5_SDK_16.0.0_98a08e2/components/libraries/log/src/nrf_log_backend_rtt.c.obj
                0x00000000000282e8                nrf_log_backend_rtt_init
 .text.nrf_log_backend_serial_put
                0x00000000000282ec       0xd4 CMakeFiles/jd_smartwatch.dir/__/toolchains/nRF5/nRF5_SDK_16.0.0_98a08e2/components/libraries/log/src/nrf_log_backend_serial.c.obj
                0x00000000000282ec                nrf_log_backend_serial_put
 .text.SEGGER_RTT_WriteNoLock
                0x00000000000283c0      0x168 CMakeFiles/jd_smartwatch.dir/__/toolchains/nRF5/nRF5_SDK_16.0.0_98a08e2/external/segger_rtt/SEGGER_RTT.c.obj
                0x00000000000283c0                SEGGER_RTT_WriteNoLock
 .text.SEGGER_RTT_Init
                0x0000000000028528       0x60 CMakeFiles/jd_smartwatch.dir/__/toolchains/nRF5/nRF5_SDK_16.0.0_98a08e2/external/segger_rtt/SEGGER_RTT.c.obj
                0x0000000000028528                SEGGER_RTT_Init
 .text.app_error_handler_bare
                0x0000000000028588       0x20 CMakeFiles/jd_smartwatch.dir/__/toolchains/nRF5/nRF5_SDK_16.0.0_98a08e2/components/libraries/util/app_error.c.obj
                0x0000000000028588                app_error_handler_bare
 .text.app_error_save_and_stop
                0x00000000000285a8       0x64 CMakeFiles/jd_smartwatch.dir/__/toolchains/nRF5/nRF5_SDK_16.0.0_98a08e2/components/libraries/util/app_error.c.obj
                0x00000000000285a8                app_error_save_and_stop
 .text.app_error_fault_handler
                0x000000000002860c       0xdc CMakeFiles/jd_smartwatch.dir/__/toolchains/nRF5/nRF5_SDK_16.0.0_98a08e2/components/libraries/util/app_error_weak.c.obj
                0x000000000002860c                app_error_fault_handler
 .text.clock_irq_handler
                0x00000000000286e8       0x44 CMakeFiles/jd_smartwatch.dir/__/toolchains/nRF5/nRF5_SDK_16.0.0_98a08e2/integration/nrfx/legacy/nrf_drv_clock.c.obj
 .text.soc_evt_handler
                0x000000000002872c       0x28 CMakeFiles/jd_smartwatch.dir/__/toolchains/nRF5/nRF5_SDK_16.0.0_98a08e2/integration/nrfx/legacy/nrf_drv_clock.c.obj
 .text.sd_state_evt_handler
                0x0000000000028754       0xa0 CMakeFiles/jd_smartwatch.dir/__/toolchains/nRF5/nRF5_SDK_16.0.0_98a08e2/integration/nrfx/legacy/nrf_drv_clock.c.obj
 .text.nrf_drv_clock_init
                0x00000000000287f4       0x3c CMakeFiles/jd_smartwatch.dir/__/toolchains/nRF5/nRF5_SDK_16.0.0_98a08e2/integration/nrfx/legacy/nrf_drv_clock.c.obj
                0x00000000000287f4                nrf_drv_clock_init
 .text.nrf_drv_clock_lfclk_request
                0x0000000000028830       0x6c CMakeFiles/jd_smartwatch.dir/__/toolchains/nRF5/nRF5_SDK_16.0.0_98a08e2/integration/nrfx/legacy/nrf_drv_clock.c.obj
                0x0000000000028830                nrf_drv_clock_lfclk_request
 .text.nrfx_clock_init
                0x000000000002889c       0x1c CMakeFiles/jd_smartwatch.dir/__/toolchains/nRF5/nRF5_SDK_16.0.0_98a08e2/modules/nrfx/drivers/src/nrfx_clock.c.obj
                0x000000000002889c                nrfx_clock_init
 .text.nrfx_clock_enable
                0x00000000000288b8       0x24 CMakeFiles/jd_smartwatch.dir/__/toolchains/nRF5/nRF5_SDK_16.0.0_98a08e2/modules/nrfx/drivers/src/nrfx_clock.c.obj
                0x00000000000288b8                nrfx_clock_enable
 .text.nrfx_clock_lfclk_start
                0x00000000000288dc       0x60 CMakeFiles/jd_smartwatch.dir/__/toolchains/nRF5/nRF5_SDK_16.0.0_98a08e2/modules/nrfx/drivers/src/nrfx_clock.c.obj
                0x00000000000288dc                nrfx_clock_lfclk_start
 .text.nrfx_clock_lfclk_stop
                0x000000000002893c       0x18 CMakeFiles/jd_smartwatch.dir/__/toolchains/nRF5/nRF5_SDK_16.0.0_98a08e2/modules/nrfx/drivers/src/nrfx_clock.c.obj
                0x000000000002893c                nrfx_clock_lfclk_stop
 .text.POWER_CLOCK_IRQHandler
                0x0000000000028954       0xb8 CMakeFiles/jd_smartwatch.dir/__/toolchains/nRF5/nRF5_SDK_16.0.0_98a08e2/modules/nrfx/drivers/src/nrfx_clock.c.obj
                0x0000000000028954                POWER_CLOCK_IRQHandler
 .text.nrf_atflags_set
                0x0000000000028a0c       0x14 CMakeFiles/jd_smartwatch.dir/__/toolchains/nRF5/nRF5_SDK_16.0.0_98a08e2/components/libraries/atomic_flags/nrf_atflags.c.obj
                0x0000000000028a0c                nrf_atflags_set
 .text.nrf_atflags_fetch_set
                0x0000000000028a20       0x20 CMakeFiles/jd_smartwatch.dir/__/toolchains/nRF5/nRF5_SDK_16.0.0_98a08e2/components/libraries/atomic_flags/nrf_atflags.c.obj
                0x0000000000028a20                nrf_atflags_fetch_set
 .text.nrf_atflags_clear
                0x0000000000028a40       0x14 CMakeFiles/jd_smartwatch.dir/__/toolchains/nRF5/nRF5_SDK_16.0.0_98a08e2/components/libraries/atomic_flags/nrf_atflags.c.obj
                0x0000000000028a40                nrf_atflags_clear
 .text.nrf_atflags_get
                0x0000000000028a54       0x14 CMakeFiles/jd_smartwatch.dir/__/toolchains/nRF5/nRF5_SDK_16.0.0_98a08e2/components/libraries/atomic_flags/nrf_atflags.c.obj
                0x0000000000028a54                nrf_atflags_get
 .text.nrf_atflags_find_and_set_flag
                0x0000000000028a68       0x88 CMakeFiles/jd_smartwatch.dir/__/toolchains/nRF5/nRF5_SDK_16.0.0_98a08e2/components/libraries/atomic_flags/nrf_atflags.c.obj
                0x0000000000028a68                nrf_atflags_find_and_set_flag
 .text.app_util_critical_region_enter
                0x0000000000028af0       0x4c CMakeFiles/jd_smartwatch.dir/__/toolchains/nRF5/nRF5_SDK_16.0.0_98a08e2/components/libraries/util/app_util_platform.c.obj
                0x0000000000028af0                app_util_critical_region_enter
 .text.app_util_critical_region_exit
                0x0000000000028b3c       0x30 CMakeFiles/jd_smartwatch.dir/__/toolchains/nRF5/nRF5_SDK_16.0.0_98a08e2/components/libraries/util/app_util_platform.c.obj
                0x0000000000028b3c                app_util_critical_region_exit
 .text.nrf_section_iter_init
                0x0000000000028b6c       0x14 CMakeFiles/jd_smartwatch.dir/__/toolchains/nRF5/nRF5_SDK_16.0.0_98a08e2/components/libraries/experimental_section_vars/nrf_section_iter.c.obj
                0x0000000000028b6c                nrf_section_iter_init
 .text.nrf_section_iter_next
                0x0000000000028b80       0x18 CMakeFiles/jd_smartwatch.dir/__/toolchains/nRF5/nRF5_SDK_16.0.0_98a08e2/components/libraries/experimental_section_vars/nrf_section_iter.c.obj
                0x0000000000028b80                nrf_section_iter_next
 .text.sd_evt_get
                0x0000000000028b98        0x4 CMakeFiles/jd_smartwatch.dir/__/toolchains/nRF5/nRF5_SDK_16.0.0_98a08e2/components/softdevice/common/nrf_sdh_soc.c.obj
 .text.nrf_sdh_soc_evts_poll
                0x0000000000028b9c       0x4c CMakeFiles/jd_smartwatch.dir/__/toolchains/nRF5/nRF5_SDK_16.0.0_98a08e2/components/softdevice/common/nrf_sdh_soc.c.obj
 .text.sd_ble_enable
                0x0000000000028be8        0x4 CMakeFiles/jd_smartwatch.dir/__/toolchains/nRF5/nRF5_SDK_16.0.0_98a08e2/components/softdevice/common/nrf_sdh_ble.c.obj
 .text.sd_ble_cfg_set
                0x0000000000028bec        0x4 CMakeFiles/jd_smartwatch.dir/__/toolchains/nRF5/nRF5_SDK_16.0.0_98a08e2/components/softdevice/common/nrf_sdh_ble.c.obj
 .text.sd_ble_evt_get
                0x0000000000028bf0        0x4 CMakeFiles/jd_smartwatch.dir/__/toolchains/nRF5/nRF5_SDK_16.0.0_98a08e2/components/softdevice/common/nrf_sdh_ble.c.obj
 .text.nrf_sdh_ble_evts_poll
                0x0000000000028bf4       0x58 CMakeFiles/jd_smartwatch.dir/__/toolchains/nRF5/nRF5_SDK_16.0.0_98a08e2/components/softdevice/common/nrf_sdh_ble.c.obj
 .text.nrf_sdh_ble_default_cfg_set
                0x0000000000028c4c      0x178 CMakeFiles/jd_smartwatch.dir/__/toolchains/nRF5/nRF5_SDK_16.0.0_98a08e2/components/softdevice/common/nrf_sdh_ble.c.obj
                0x0000000000028c4c                nrf_sdh_ble_default_cfg_set
 .text.nrf_sdh_ble_enable
                0x0000000000028dc4       0x9c CMakeFiles/jd_smartwatch.dir/__/toolchains/nRF5/nRF5_SDK_16.0.0_98a08e2/components/softdevice/common/nrf_sdh_ble.c.obj
                0x0000000000028dc4                nrf_sdh_ble_enable
 .text.sd_softdevice_enable
                0x0000000000028e60        0x4 CMakeFiles/jd_smartwatch.dir/__/toolchains/nRF5/nRF5_SDK_16.0.0_98a08e2/components/softdevice/common/nrf_sdh.c.obj
 .text.sd_softdevice_disable
                0x0000000000028e64        0x4 CMakeFiles/jd_smartwatch.dir/__/toolchains/nRF5/nRF5_SDK_16.0.0_98a08e2/components/softdevice/common/nrf_sdh.c.obj
 .text.nrf_sdh_enable_request
                0x0000000000028e68      0x114 CMakeFiles/jd_smartwatch.dir/__/toolchains/nRF5/nRF5_SDK_16.0.0_98a08e2/components/softdevice/common/nrf_sdh.c.obj
                0x0000000000028e68                nrf_sdh_enable_request
 .text.nrf_sdh_disable_request
                0x0000000000028f7c       0xe0 CMakeFiles/jd_smartwatch.dir/__/toolchains/nRF5/nRF5_SDK_16.0.0_98a08e2/components/softdevice/common/nrf_sdh.c.obj
                0x0000000000028f7c                nrf_sdh_disable_request
 .text.nrf_sdh_request_continue
                0x000000000002905c       0x20 CMakeFiles/jd_smartwatch.dir/__/toolchains/nRF5/nRF5_SDK_16.0.0_98a08e2/components/softdevice/common/nrf_sdh.c.obj
                0x000000000002905c                nrf_sdh_request_continue
 .text.nrf_sdh_is_enabled
                0x000000000002907c        0xc CMakeFiles/jd_smartwatch.dir/__/toolchains/nRF5/nRF5_SDK_16.0.0_98a08e2/components/softdevice/common/nrf_sdh.c.obj
                0x000000000002907c                nrf_sdh_is_enabled
 .text.nrf_sdh_evts_poll
                0x0000000000029088       0x2c CMakeFiles/jd_smartwatch.dir/__/toolchains/nRF5/nRF5_SDK_16.0.0_98a08e2/components/softdevice/common/nrf_sdh.c.obj
                0x0000000000029088                nrf_sdh_evts_poll
 .text.ble_evt_handler
                0x00000000000290b4      0x160 CMakeFiles/jd_smartwatch.dir/__/toolchains/nRF5/nRF5_SDK_16.0.0_98a08e2/components/ble/common/ble_conn_state.c.obj
 .text.ble_conn_state_valid
                0x0000000000029214       0x14 CMakeFiles/jd_smartwatch.dir/__/toolchains/nRF5/nRF5_SDK_16.0.0_98a08e2/components/ble/common/ble_conn_state.c.obj
                0x0000000000029214                ble_conn_state_valid
 .text.ble_conn_state_role
                0x0000000000029228       0x34 CMakeFiles/jd_smartwatch.dir/__/toolchains/nRF5/nRF5_SDK_16.0.0_98a08e2/components/ble/common/ble_conn_state.c.obj
                0x0000000000029228                ble_conn_state_role
 .text.ble_conn_state_status
                0x000000000002925c       0x34 CMakeFiles/jd_smartwatch.dir/__/toolchains/nRF5/nRF5_SDK_16.0.0_98a08e2/components/ble/common/ble_conn_state.c.obj
                0x000000000002925c                ble_conn_state_status
 .text.ble_conn_state_encrypted
                0x0000000000029290       0x30 CMakeFiles/jd_smartwatch.dir/__/toolchains/nRF5/nRF5_SDK_16.0.0_98a08e2/components/ble/common/ble_conn_state.c.obj
                0x0000000000029290                ble_conn_state_encrypted
 .text.ble_conn_state_mitm_protected
                0x00000000000292c0       0x30 CMakeFiles/jd_smartwatch.dir/__/toolchains/nRF5/nRF5_SDK_16.0.0_98a08e2/components/ble/common/ble_conn_state.c.obj
                0x00000000000292c0                ble_conn_state_mitm_protected
 .text.ble_conn_state_lesc
                0x00000000000292f0       0x30 CMakeFiles/jd_smartwatch.dir/__/toolchains/nRF5/nRF5_SDK_16.0.0_98a08e2/components/ble/common/ble_conn_state.c.obj
                0x00000000000292f0                ble_conn_state_lesc
 .text.ble_conn_state_user_flag_acquire
                0x0000000000029320       0x14 CMakeFiles/jd_smartwatch.dir/__/toolchains/nRF5/nRF5_SDK_16.0.0_98a08e2/components/ble/common/ble_conn_state.c.obj
                0x0000000000029320                ble_conn_state_user_flag_acquire
 .text.ble_conn_state_user_flag_get
                0x0000000000029334       0x38 CMakeFiles/jd_smartwatch.dir/__/toolchains/nRF5/nRF5_SDK_16.0.0_98a08e2/components/ble/common/ble_conn_state.c.obj
                0x0000000000029334                ble_conn_state_user_flag_get
 .text.ble_conn_state_user_flag_set
                0x000000000002936c       0x44 CMakeFiles/jd_smartwatch.dir/__/toolchains/nRF5/nRF5_SDK_16.0.0_98a08e2/components/ble/common/ble_conn_state.c.obj
                0x000000000002936c                ble_conn_state_user_flag_set
 .text.ble_conn_state_for_each_set_user_flag
                0x00000000000293b0       0x58 CMakeFiles/jd_smartwatch.dir/__/toolchains/nRF5/nRF5_SDK_16.0.0_98a08e2/components/ble/common/ble_conn_state.c.obj
                0x00000000000293b0                ble_conn_state_for_each_set_user_flag
 .text.sd_ble_gap_conn_param_update
                0x0000000000029408        0x4 CMakeFiles/jd_smartwatch.dir/__/toolchains/nRF5/nRF5_SDK_16.0.0_98a08e2/components/ble/common/ble_conn_params.c.obj
 .text.sd_ble_gap_disconnect
                0x000000000002940c        0x4 CMakeFiles/jd_smartwatch.dir/__/toolchains/nRF5/nRF5_SDK_16.0.0_98a08e2/components/ble/common/ble_conn_params.c.obj
 .text.sd_ble_gap_ppcp_set
                0x0000000000029410        0x4 CMakeFiles/jd_smartwatch.dir/__/toolchains/nRF5/nRF5_SDK_16.0.0_98a08e2/components/ble/common/ble_conn_params.c.obj
 .text.sd_ble_gap_ppcp_get
                0x0000000000029414        0x4 CMakeFiles/jd_smartwatch.dir/__/toolchains/nRF5/nRF5_SDK_16.0.0_98a08e2/components/ble/common/ble_conn_params.c.obj
 .text.update_timeout_handler
                0x0000000000029418       0x80 CMakeFiles/jd_smartwatch.dir/__/toolchains/nRF5/nRF5_SDK_16.0.0_98a08e2/components/ble/common/ble_conn_params.c.obj
 .text.ble_evt_handler
                0x0000000000029498      0x1d4 CMakeFiles/jd_smartwatch.dir/__/toolchains/nRF5/nRF5_SDK_16.0.0_98a08e2/components/ble/common/ble_conn_params.c.obj
 .text.ble_conn_params_init
                0x000000000002966c       0x7c CMakeFiles/jd_smartwatch.dir/__/toolchains/nRF5/nRF5_SDK_16.0.0_98a08e2/components/ble/common/ble_conn_params.c.obj
                0x000000000002966c                ble_conn_params_init
 .text.sd_ble_gap_addr_get
                0x00000000000296e8        0x4 CMakeFiles/jd_smartwatch.dir/__/toolchains/nRF5/nRF5_SDK_16.0.0_98a08e2/components/ble/common/ble_advdata.c.obj
 .text.sd_ble_gap_appearance_get
                0x00000000000296ec        0x4 CMakeFiles/jd_smartwatch.dir/__/toolchains/nRF5/nRF5_SDK_16.0.0_98a08e2/components/ble/common/ble_advdata.c.obj
 .text.sd_ble_gap_device_name_get
                0x00000000000296f0        0x4 CMakeFiles/jd_smartwatch.dir/__/toolchains/nRF5/nRF5_SDK_16.0.0_98a08e2/components/ble/common/ble_advdata.c.obj
 .text.sd_ble_uuid_encode
                0x00000000000296f4        0x4 CMakeFiles/jd_smartwatch.dir/__/toolchains/nRF5/nRF5_SDK_16.0.0_98a08e2/components/ble/common/ble_advdata.c.obj
 .text.uuid_list_sized_encode
                0x00000000000296f8       0xb4 CMakeFiles/jd_smartwatch.dir/__/toolchains/nRF5/nRF5_SDK_16.0.0_98a08e2/components/ble/common/ble_advdata.c.obj
 .text.ble_advdata_encode
                0x00000000000297ac      0x3fc CMakeFiles/jd_smartwatch.dir/__/toolchains/nRF5/nRF5_SDK_16.0.0_98a08e2/components/ble/common/ble_advdata.c.obj
                0x00000000000297ac                ble_advdata_encode
 .text.ble_advdata_parse
                0x0000000000029ba8       0x58 CMakeFiles/jd_smartwatch.dir/__/toolchains/nRF5/nRF5_SDK_16.0.0_98a08e2/components/ble/common/ble_advdata.c.obj
                0x0000000000029ba8                ble_advdata_parse
 .text.ble_srv_is_notification_enabled
                0x0000000000029c00        0x8 CMakeFiles/jd_smartwatch.dir/__/toolchains/nRF5/nRF5_SDK_16.0.0_98a08e2/components/ble/common/ble_srv_common.c.obj
                0x0000000000029c00                ble_srv_is_notification_enabled
 .text.nrf_queue_push
                0x0000000000029c08       0xec CMakeFiles/jd_smartwatch.dir/__/toolchains/nRF5/nRF5_SDK_16.0.0_98a08e2/components/libraries/queue/nrf_queue.c.obj
                0x0000000000029c08                nrf_queue_push
 .text.nrf_queue_generic_pop
                0x0000000000029cf4       0xd0 CMakeFiles/jd_smartwatch.dir/__/toolchains/nRF5/nRF5_SDK_16.0.0_98a08e2/components/libraries/queue/nrf_queue.c.obj
                0x0000000000029cf4                nrf_queue_generic_pop
 .text.nrf_queue_is_empty
                0x0000000000029dc4       0x10 CMakeFiles/jd_smartwatch.dir/__/toolchains/nRF5/nRF5_SDK_16.0.0_98a08e2/components/libraries/queue/nrf_queue.c.obj
                0x0000000000029dc4                nrf_queue_is_empty
 .text.nrf_pwr_mgmt_init
                0x0000000000029dd4       0x2c CMakeFiles/jd_smartwatch.dir/__/toolchains/nRF5/nRF5_SDK_16.0.0_98a08e2/components/libraries/pwr_mgmt/nrf_pwr_mgmt.c.obj
                0x0000000000029dd4                nrf_pwr_mgmt_init
 .text.nrfx_gpiote_init
                0x0000000000029e00       0x84 CMakeFiles/jd_smartwatch.dir/__/toolchains/nRF5/nRF5_SDK_16.0.0_98a08e2/modules/nrfx/drivers/src/nrfx_gpiote.c.obj
                0x0000000000029e00                nrfx_gpiote_init
 .text.nrfx_gpiote_is_init
                0x0000000000029e84       0x14 CMakeFiles/jd_smartwatch.dir/__/toolchains/nRF5/nRF5_SDK_16.0.0_98a08e2/modules/nrfx/drivers/src/nrfx_gpiote.c.obj
                0x0000000000029e84                nrfx_gpiote_is_init
 .text.nrfx_gpiote_out_init
                0x0000000000029e98      0x108 CMakeFiles/jd_smartwatch.dir/__/toolchains/nRF5/nRF5_SDK_16.0.0_98a08e2/modules/nrfx/drivers/src/nrfx_gpiote.c.obj
                0x0000000000029e98                nrfx_gpiote_out_init
 .text.nrfx_gpiote_out_uninit
                0x0000000000029fa0       0x64 CMakeFiles/jd_smartwatch.dir/__/toolchains/nRF5/nRF5_SDK_16.0.0_98a08e2/modules/nrfx/drivers/src/nrfx_gpiote.c.obj
                0x0000000000029fa0                nrfx_gpiote_out_uninit
 .text.nrfx_gpiote_out_task_enable
                0x000000000002a004       0x24 CMakeFiles/jd_smartwatch.dir/__/toolchains/nRF5/nRF5_SDK_16.0.0_98a08e2/modules/nrfx/drivers/src/nrfx_gpiote.c.obj
                0x000000000002a004                nrfx_gpiote_out_task_enable
 .text.nrfx_gpiote_out_task_disable
                0x000000000002a028       0x24 CMakeFiles/jd_smartwatch.dir/__/toolchains/nRF5/nRF5_SDK_16.0.0_98a08e2/modules/nrfx/drivers/src/nrfx_gpiote.c.obj
                0x000000000002a028                nrfx_gpiote_out_task_disable
 .text.nrfx_gpiote_set_task_addr_get
                0x000000000002a04c       0x1c CMakeFiles/jd_smartwatch.dir/__/toolchains/nRF5/nRF5_SDK_16.0.0_98a08e2/modules/nrfx/drivers/src/nrfx_gpiote.c.obj
                0x000000000002a04c                nrfx_gpiote_set_task_addr_get
 .text.nrfx_gpiote_clr_task_addr_get
                0x000000000002a068       0x1c CMakeFiles/jd_smartwatch.dir/__/toolchains/nRF5/nRF5_SDK_16.0.0_98a08e2/modules/nrfx/drivers/src/nrfx_gpiote.c.obj
                0x000000000002a068                nrfx_gpiote_clr_task_addr_get
 .text.nrfx_gpiote_out_task_force
                0x000000000002a084       0x30 CMakeFiles/jd_smartwatch.dir/__/toolchains/nRF5/nRF5_SDK_16.0.0_98a08e2/modules/nrfx/drivers/src/nrfx_gpiote.c.obj
                0x000000000002a084                nrfx_gpiote_out_task_force
 .text.GPIOTE_IRQHandler
                0x000000000002a0b4      0x2f0 CMakeFiles/jd_smartwatch.dir/__/toolchains/nRF5/nRF5_SDK_16.0.0_98a08e2/modules/nrfx/drivers/src/nrfx_gpiote.c.obj
                0x000000000002a0b4                GPIOTE_IRQHandler
 .text.UARTE0_UART0_IRQHandler
                0x000000000002a3a4        0xc CMakeFiles/jd_smartwatch.dir/__/toolchains/nRF5/nRF5_SDK_16.0.0_98a08e2/modules/nrfx/drivers/src/prs/nrfx_prs.c.obj
                0x000000000002a3a4                UARTE0_UART0_IRQHandler
 .text.nrfx_prs_acquire
                0x000000000002a3b0       0x4c CMakeFiles/jd_smartwatch.dir/__/toolchains/nRF5/nRF5_SDK_16.0.0_98a08e2/modules/nrfx/drivers/src/prs/nrfx_prs.c.obj
                0x000000000002a3b0                nrfx_prs_acquire
 .text.SAADC_IRQHandler
                0x000000000002a3fc      0x1f0 CMakeFiles/jd_smartwatch.dir/__/toolchains/nRF5/nRF5_SDK_16.0.0_98a08e2/modules/nrfx/drivers/src/nrfx_saadc.c.obj
                0x000000000002a3fc                SAADC_IRQHandler
 .text.nrfx_saadc_init
                0x000000000002a5ec       0xa8 CMakeFiles/jd_smartwatch.dir/__/toolchains/nRF5/nRF5_SDK_16.0.0_98a08e2/modules/nrfx/drivers/src/nrfx_saadc.c.obj
                0x000000000002a5ec                nrfx_saadc_init
 .text.nrfx_saadc_buffer_convert
                0x000000000002a694       0xc4 CMakeFiles/jd_smartwatch.dir/__/toolchains/nRF5/nRF5_SDK_16.0.0_98a08e2/modules/nrfx/drivers/src/nrfx_saadc.c.obj
                0x000000000002a694                nrfx_saadc_buffer_convert
 .text.nrfx_saadc_calibrate_offset
                0x000000000002a758       0x44 CMakeFiles/jd_smartwatch.dir/__/toolchains/nRF5/nRF5_SDK_16.0.0_98a08e2/modules/nrfx/drivers/src/nrfx_saadc.c.obj
                0x000000000002a758                nrfx_saadc_calibrate_offset
 .text.nrfx_saadc_abort
                0x000000000002a79c       0x64 CMakeFiles/jd_smartwatch.dir/__/toolchains/nRF5/nRF5_SDK_16.0.0_98a08e2/modules/nrfx/drivers/src/nrfx_saadc.c.obj
                0x000000000002a79c                nrfx_saadc_abort
 .text.SPIM1_SPIS1_TWIM1_TWIS1_SPI1_TWI1_IRQHandler
                0x000000000002a800       0x54 CMakeFiles/jd_smartwatch.dir/__/toolchains/nRF5/nRF5_SDK_16.0.0_98a08e2/modules/nrfx/drivers/src/nrfx_spim.c.obj
                0x000000000002a800                SPIM1_SPIS1_TWIM1_TWIS1_SPI1_TWI1_IRQHandler
 .text.nrfx_spim_init
                0x000000000002a854      0x1f4 CMakeFiles/jd_smartwatch.dir/__/toolchains/nRF5/nRF5_SDK_16.0.0_98a08e2/modules/nrfx/drivers/src/nrfx_spim.c.obj
                0x000000000002a854                nrfx_spim_init
 .text.nrfx_spim_xfer
                0x000000000002aa48      0x158 CMakeFiles/jd_smartwatch.dir/__/toolchains/nRF5/nRF5_SDK_16.0.0_98a08e2/modules/nrfx/drivers/src/nrfx_spim.c.obj
                0x000000000002aa48                nrfx_spim_xfer
 .text.nrfx_twi_twim_bus_recover
                0x000000000002aba0       0x98 CMakeFiles/jd_smartwatch.dir/__/toolchains/nRF5/nRF5_SDK_16.0.0_98a08e2/modules/nrfx/drivers/src/nrfx_twi_twim.c.obj
                0x000000000002aba0                nrfx_twi_twim_bus_recover
 .text.SPIM0_SPIS0_TWIM0_TWIS0_SPI0_TWI0_IRQHandler
                0x000000000002ac38      0x208 CMakeFiles/jd_smartwatch.dir/__/toolchains/nRF5/nRF5_SDK_16.0.0_98a08e2/modules/nrfx/drivers/src/nrfx_twim.c.obj
                0x000000000002ac38                SPIM0_SPIS0_TWIM0_TWIS0_SPI0_TWI0_IRQHandler
 .text.nrfx_twim_init
                0x000000000002ae40       0xf0 CMakeFiles/jd_smartwatch.dir/__/toolchains/nRF5/nRF5_SDK_16.0.0_98a08e2/modules/nrfx/drivers/src/nrfx_twim.c.obj
                0x000000000002ae40                nrfx_twim_init
 .text.nrfx_ppi_channel_alloc
                0x000000000002af30       0x78 CMakeFiles/jd_smartwatch.dir/__/toolchains/nRF5/nRF5_SDK_16.0.0_98a08e2/modules/nrfx/drivers/src/nrfx_ppi.c.obj
                0x000000000002af30                nrfx_ppi_channel_alloc
 .text.nrfx_ppi_channel_free
                0x000000000002afa8       0x48 CMakeFiles/jd_smartwatch.dir/__/toolchains/nRF5/nRF5_SDK_16.0.0_98a08e2/modules/nrfx/drivers/src/nrfx_ppi.c.obj
                0x000000000002afa8                nrfx_ppi_channel_free
 .text.nrfx_ppi_channel_assign
                0x000000000002aff0       0x4c CMakeFiles/jd_smartwatch.dir/__/toolchains/nRF5/nRF5_SDK_16.0.0_98a08e2/modules/nrfx/drivers/src/nrfx_ppi.c.obj
                0x000000000002aff0                nrfx_ppi_channel_assign
 .text.nrfx_ppi_channel_enable
                0x000000000002b03c       0x30 CMakeFiles/jd_smartwatch.dir/__/toolchains/nRF5/nRF5_SDK_16.0.0_98a08e2/modules/nrfx/drivers/src/nrfx_ppi.c.obj
                0x000000000002b03c                nrfx_ppi_channel_enable
 .text.nrfx_ppi_channel_disable
                0x000000000002b06c       0x30 CMakeFiles/jd_smartwatch.dir/__/toolchains/nRF5/nRF5_SDK_16.0.0_98a08e2/modules/nrfx/drivers/src/nrfx_ppi.c.obj
                0x000000000002b06c                nrfx_ppi_channel_disable
 .text.nrf_drv_ppi_init
                0x000000000002b09c       0x14 CMakeFiles/jd_smartwatch.dir/__/toolchains/nRF5/nRF5_SDK_16.0.0_98a08e2/integration/nrfx/legacy/nrf_drv_ppi.c.obj
                0x000000000002b09c                nrf_drv_ppi_init
 .text.pwm_ready_tick
                0x000000000002b0b0       0x5c CMakeFiles/jd_smartwatch.dir/__/toolchains/nRF5/nRF5_SDK_16.0.0_98a08e2/components/libraries/pwm/app_pwm.c.obj
                0x000000000002b0b0                pwm_ready_tick
 .text.app_pwm_channel_duty_ticks_set
                0x000000000002b10c      0x1b4 CMakeFiles/jd_smartwatch.dir/__/toolchains/nRF5/nRF5_SDK_16.0.0_98a08e2/components/libraries/pwm/app_pwm.c.obj
                0x000000000002b10c                app_pwm_channel_duty_ticks_set
 .text.app_pwm_channel_duty_set
                0x000000000002b2c0      0x1d4 CMakeFiles/jd_smartwatch.dir/__/toolchains/nRF5/nRF5_SDK_16.0.0_98a08e2/components/libraries/pwm/app_pwm.c.obj
                0x000000000002b2c0                app_pwm_channel_duty_set
 .text.app_pwm_init
                0x000000000002b494      0x58c CMakeFiles/jd_smartwatch.dir/__/toolchains/nRF5/nRF5_SDK_16.0.0_98a08e2/components/libraries/pwm/app_pwm.c.obj
                0x000000000002b494                app_pwm_init
 .text.app_pwm_enable
                0x000000000002ba20       0x80 CMakeFiles/jd_smartwatch.dir/__/toolchains/nRF5/nRF5_SDK_16.0.0_98a08e2/components/libraries/pwm/app_pwm.c.obj
                0x000000000002ba20                app_pwm_enable
 .text.app_pwm_disable
                0x000000000002baa0       0x70 CMakeFiles/jd_smartwatch.dir/__/toolchains/nRF5/nRF5_SDK_16.0.0_98a08e2/components/libraries/pwm/app_pwm.c.obj
                0x000000000002baa0                app_pwm_disable
 .text.app_timer_callback
                0x000000000002bb10       0x20 CMakeFiles/jd_smartwatch.dir/__/toolchains/nRF5/nRF5_SDK_16.0.0_98a08e2/components/libraries/timer/app_timer_freertos.c.obj
 .text.app_timer_init
                0x000000000002bb30        0x4 CMakeFiles/jd_smartwatch.dir/__/toolchains/nRF5/nRF5_SDK_16.0.0_98a08e2/components/libraries/timer/app_timer_freertos.c.obj
                0x000000000002bb30                app_timer_init
 .text.app_timer_create
                0x000000000002bb34       0x64 CMakeFiles/jd_smartwatch.dir/__/toolchains/nRF5/nRF5_SDK_16.0.0_98a08e2/components/libraries/timer/app_timer_freertos.c.obj
                0x000000000002bb34                app_timer_create
 .text.app_timer_start
                0x000000000002bb98       0xc4 CMakeFiles/jd_smartwatch.dir/__/toolchains/nRF5/nRF5_SDK_16.0.0_98a08e2/components/libraries/timer/app_timer_freertos.c.obj
                0x000000000002bb98                app_timer_start
 .text.app_timer_stop
                0x000000000002bc5c       0x68 CMakeFiles/jd_smartwatch.dir/__/toolchains/nRF5/nRF5_SDK_16.0.0_98a08e2/components/libraries/timer/app_timer_freertos.c.obj
                0x000000000002bc5c                app_timer_stop
 .text.nrfx_timer_init
                0x000000000002bcc4       0xf0 CMakeFiles/jd_smartwatch.dir/__/toolchains/nRF5/nRF5_SDK_16.0.0_98a08e2/modules/nrfx/drivers/src/nrfx_timer.c.obj
                0x000000000002bcc4                nrfx_timer_init
 .text.nrfx_timer_uninit
                0x000000000002bdb4       0x5c CMakeFiles/jd_smartwatch.dir/__/toolchains/nRF5/nRF5_SDK_16.0.0_98a08e2/modules/nrfx/drivers/src/nrfx_timer.c.obj
                0x000000000002bdb4                nrfx_timer_uninit
 .text.nrfx_timer_enable
                0x000000000002be10       0x1c CMakeFiles/jd_smartwatch.dir/__/toolchains/nRF5/nRF5_SDK_16.0.0_98a08e2/modules/nrfx/drivers/src/nrfx_timer.c.obj
                0x000000000002be10                nrfx_timer_enable
 .text.nrfx_timer_disable
                0x000000000002be2c       0x1c CMakeFiles/jd_smartwatch.dir/__/toolchains/nRF5/nRF5_SDK_16.0.0_98a08e2/modules/nrfx/drivers/src/nrfx_timer.c.obj
                0x000000000002be2c                nrfx_timer_disable
 .text.nrfx_timer_clear
                0x000000000002be48        0x8 CMakeFiles/jd_smartwatch.dir/__/toolchains/nRF5/nRF5_SDK_16.0.0_98a08e2/modules/nrfx/drivers/src/nrfx_timer.c.obj
                0x000000000002be48                nrfx_timer_clear
 .text.nrfx_timer_compare
                0x000000000002be50       0x3c CMakeFiles/jd_smartwatch.dir/__/toolchains/nRF5/nRF5_SDK_16.0.0_98a08e2/modules/nrfx/drivers/src/nrfx_timer.c.obj
                0x000000000002be50                nrfx_timer_compare
 .text.nrfx_timer_extended_compare
                0x000000000002be8c       0x60 CMakeFiles/jd_smartwatch.dir/__/toolchains/nRF5/nRF5_SDK_16.0.0_98a08e2/modules/nrfx/drivers/src/nrfx_timer.c.obj
                0x000000000002be8c                nrfx_timer_extended_compare
 .text.nrfx_timer_compare_int_enable
                0x000000000002beec       0x30 CMakeFiles/jd_smartwatch.dir/__/toolchains/nRF5/nRF5_SDK_16.0.0_98a08e2/modules/nrfx/drivers/src/nrfx_timer.c.obj
                0x000000000002beec                nrfx_timer_compare_int_enable
 .text.nrfx_timer_compare_int_disable
                0x000000000002bf1c       0x10 CMakeFiles/jd_smartwatch.dir/__/toolchains/nRF5/nRF5_SDK_16.0.0_98a08e2/modules/nrfx/drivers/src/nrfx_timer.c.obj
                0x000000000002bf1c                nrfx_timer_compare_int_disable
 .text.TIMER0_IRQHandler
                0x000000000002bf2c       0x58 CMakeFiles/jd_smartwatch.dir/__/toolchains/nRF5/nRF5_SDK_16.0.0_98a08e2/modules/nrfx/drivers/src/nrfx_timer.c.obj
                0x000000000002bf2c                TIMER0_IRQHandler
 .text.TIMER1_IRQHandler
                0x000000000002bf84       0x58 CMakeFiles/jd_smartwatch.dir/__/toolchains/nRF5/nRF5_SDK_16.0.0_98a08e2/modules/nrfx/drivers/src/nrfx_timer.c.obj
                0x000000000002bf84                TIMER1_IRQHandler
 .text.TIMER2_IRQHandler
                0x000000000002bfdc       0x58 CMakeFiles/jd_smartwatch.dir/__/toolchains/nRF5/nRF5_SDK_16.0.0_98a08e2/modules/nrfx/drivers/src/nrfx_timer.c.obj
                0x000000000002bfdc                TIMER2_IRQHandler
 .text.TIMER3_IRQHandler
                0x000000000002c034       0x58 CMakeFiles/jd_smartwatch.dir/__/toolchains/nRF5/nRF5_SDK_16.0.0_98a08e2/modules/nrfx/drivers/src/nrfx_timer.c.obj
                0x000000000002c034                TIMER3_IRQHandler
 .text.TIMER4_IRQHandler
                0x000000000002c08c       0x58 CMakeFiles/jd_smartwatch.dir/__/toolchains/nRF5/nRF5_SDK_16.0.0_98a08e2/modules/nrfx/drivers/src/nrfx_timer.c.obj
                0x000000000002c08c                TIMER4_IRQHandler
 .text.sd_ble_gap_data_length_update
                0x000000000002c0e4        0x4 CMakeFiles/jd_smartwatch.dir/__/toolchains/nRF5/nRF5_SDK_16.0.0_98a08e2/components/ble/nrf_ble_gatt/nrf_ble_gatt.c.obj
 .text.sd_ble_gattc_exchange_mtu_request
                0x000000000002c0e8        0x4 CMakeFiles/jd_smartwatch.dir/__/toolchains/nRF5/nRF5_SDK_16.0.0_98a08e2/components/ble/nrf_ble_gatt/nrf_ble_gatt.c.obj
 .text.sd_ble_gatts_exchange_mtu_reply
                0x000000000002c0ec        0x4 CMakeFiles/jd_smartwatch.dir/__/toolchains/nRF5/nRF5_SDK_16.0.0_98a08e2/components/ble/nrf_ble_gatt/nrf_ble_gatt.c.obj
 .text.nrf_ble_gatt_init
                0x000000000002c0f0       0x2c CMakeFiles/jd_smartwatch.dir/__/toolchains/nRF5/nRF5_SDK_16.0.0_98a08e2/components/ble/nrf_ble_gatt/nrf_ble_gatt.c.obj
                0x000000000002c0f0                nrf_ble_gatt_init
 .text.nrf_ble_gatt_on_ble_evt
                0x000000000002c11c      0x240 CMakeFiles/jd_smartwatch.dir/__/toolchains/nRF5/nRF5_SDK_16.0.0_98a08e2/components/ble/nrf_ble_gatt/nrf_ble_gatt.c.obj
                0x000000000002c11c                nrf_ble_gatt_on_ble_evt
 .text.sd_ble_gatts_rw_authorize_reply
                0x000000000002c35c        0x4 CMakeFiles/jd_smartwatch.dir/__/toolchains/nRF5/nRF5_SDK_16.0.0_98a08e2/components/ble/nrf_ble_qwr/nrf_ble_qwr.c.obj
 .text.sd_ble_user_mem_reply
                0x000000000002c360        0x4 CMakeFiles/jd_smartwatch.dir/__/toolchains/nRF5/nRF5_SDK_16.0.0_98a08e2/components/ble/nrf_ble_qwr/nrf_ble_qwr.c.obj
 .text.nrf_ble_qwr_init
                0x000000000002c364       0x54 CMakeFiles/jd_smartwatch.dir/__/toolchains/nRF5/nRF5_SDK_16.0.0_98a08e2/components/ble/nrf_ble_qwr/nrf_ble_qwr.c.obj
                0x000000000002c364                nrf_ble_qwr_init
 .text.nrf_ble_qwr_conn_handle_assign
                0x000000000002c3b8       0x18 CMakeFiles/jd_smartwatch.dir/__/toolchains/nRF5/nRF5_SDK_16.0.0_98a08e2/components/ble/nrf_ble_qwr/nrf_ble_qwr.c.obj
                0x000000000002c3b8                nrf_ble_qwr_conn_handle_assign
 .text.nrf_ble_qwr_on_ble_evt
                0x000000000002c3d0      0x3c8 CMakeFiles/jd_smartwatch.dir/__/toolchains/nRF5/nRF5_SDK_16.0.0_98a08e2/components/ble/nrf_ble_qwr/nrf_ble_qwr.c.obj
                0x000000000002c3d0                nrf_ble_qwr_on_ble_evt
 .text.sd_ble_gap_adv_set_configure
                0x000000000002c798        0x4 CMakeFiles/jd_smartwatch.dir/__/toolchains/nRF5/nRF5_SDK_16.0.0_98a08e2/components/ble/ble_advertising/ble_advertising.c.obj
 .text.sd_ble_gap_adv_start
                0x000000000002c79c        0x4 CMakeFiles/jd_smartwatch.dir/__/toolchains/nRF5/nRF5_SDK_16.0.0_98a08e2/components/ble/ble_advertising/ble_advertising.c.obj
 .text.sd_ble_gap_adv_stop
                0x000000000002c7a0        0x4 CMakeFiles/jd_smartwatch.dir/__/toolchains/nRF5/nRF5_SDK_16.0.0_98a08e2/components/ble/ble_advertising/ble_advertising.c.obj
 .text.ble_advertising_start.part.4
                0x000000000002c7a4      0x2b8 CMakeFiles/jd_smartwatch.dir/__/toolchains/nRF5/nRF5_SDK_16.0.0_98a08e2/components/ble/ble_advertising/ble_advertising.c.obj
 .text.ble_advertising_conn_cfg_tag_set
                0x000000000002ca5c        0x8 CMakeFiles/jd_smartwatch.dir/__/toolchains/nRF5/nRF5_SDK_16.0.0_98a08e2/components/ble/ble_advertising/ble_advertising.c.obj
                0x000000000002ca5c                ble_advertising_conn_cfg_tag_set
 .text.ble_advertising_init
                0x000000000002ca64      0x100 CMakeFiles/jd_smartwatch.dir/__/toolchains/nRF5/nRF5_SDK_16.0.0_98a08e2/components/ble/ble_advertising/ble_advertising.c.obj
                0x000000000002ca64                ble_advertising_init
 .text.ble_advertising_start
                0x000000000002cb64      0x2c0 CMakeFiles/jd_smartwatch.dir/__/toolchains/nRF5/nRF5_SDK_16.0.0_98a08e2/components/ble/ble_advertising/ble_advertising.c.obj
                0x000000000002cb64                ble_advertising_start
 .text.ble_advertising_on_ble_evt
                0x000000000002ce24       0x8c CMakeFiles/jd_smartwatch.dir/__/toolchains/nRF5/nRF5_SDK_16.0.0_98a08e2/components/ble/ble_advertising/ble_advertising.c.obj
                0x000000000002ce24                ble_advertising_on_ble_evt
 .text.ble_advertising_whitelist_reply
                0x000000000002ceb0       0x2c CMakeFiles/jd_smartwatch.dir/__/toolchains/nRF5/nRF5_SDK_16.0.0_98a08e2/components/ble/ble_advertising/ble_advertising.c.obj
                0x000000000002ceb0                ble_advertising_whitelist_reply
 .text.ble_advertising_restart_without_whitelist
                0x000000000002cedc       0x60 CMakeFiles/jd_smartwatch.dir/__/toolchains/nRF5/nRF5_SDK_16.0.0_98a08e2/components/ble/ble_advertising/ble_advertising.c.obj
                0x000000000002cedc                ble_advertising_restart_without_whitelist
 .text.nrf_atfifo_init
                0x000000000002cf3c       0x30 CMakeFiles/jd_smartwatch.dir/__/toolchains/nRF5/nRF5_SDK_16.0.0_98a08e2/components/libraries/atomic_fifo/nrf_atfifo.c.obj
                0x000000000002cf3c                nrf_atfifo_init
 .text.nrf_atfifo_clear
                0x000000000002cf6c       0x44 CMakeFiles/jd_smartwatch.dir/__/toolchains/nRF5/nRF5_SDK_16.0.0_98a08e2/components/libraries/atomic_fifo/nrf_atfifo.c.obj
                0x000000000002cf6c                nrf_atfifo_clear
 .text.nrf_atfifo_item_alloc
                0x000000000002cfb0       0x58 CMakeFiles/jd_smartwatch.dir/__/toolchains/nRF5/nRF5_SDK_16.0.0_98a08e2/components/libraries/atomic_fifo/nrf_atfifo.c.obj
                0x000000000002cfb0                nrf_atfifo_item_alloc
 .text.nrf_atfifo_item_put
                0x000000000002d008       0x20 CMakeFiles/jd_smartwatch.dir/__/toolchains/nRF5/nRF5_SDK_16.0.0_98a08e2/components/libraries/atomic_fifo/nrf_atfifo.c.obj
                0x000000000002d008                nrf_atfifo_item_put
 .text.nrf_atfifo_item_get
                0x000000000002d028       0x5c CMakeFiles/jd_smartwatch.dir/__/toolchains/nRF5/nRF5_SDK_16.0.0_98a08e2/components/libraries/atomic_fifo/nrf_atfifo.c.obj
                0x000000000002d028                nrf_atfifo_item_get
 .text.nrf_atfifo_item_free
                0x000000000002d084       0x20 CMakeFiles/jd_smartwatch.dir/__/toolchains/nRF5/nRF5_SDK_16.0.0_98a08e2/components/libraries/atomic_fifo/nrf_atfifo.c.obj
                0x000000000002d084                nrf_atfifo_item_free
 .text.gc_record_find_next
                0x000000000002d0a4       0xe4 CMakeFiles/jd_smartwatch.dir/__/toolchains/nRF5/nRF5_SDK_16.0.0_98a08e2/components/libraries/fds/fds.c.obj
 .text.record_find_by_desc
                0x000000000002d188       0xf8 CMakeFiles/jd_smartwatch.dir/__/toolchains/nRF5/nRF5_SDK_16.0.0_98a08e2/components/libraries/fds/fds.c.obj
 .text.queue_process
                0x000000000002d280      0x810 CMakeFiles/jd_smartwatch.dir/__/toolchains/nRF5/nRF5_SDK_16.0.0_98a08e2/components/libraries/fds/fds.c.obj
 .text.fs_event_handler
                0x000000000002da90        0x8 CMakeFiles/jd_smartwatch.dir/__/toolchains/nRF5/nRF5_SDK_16.0.0_98a08e2/components/libraries/fds/fds.c.obj
 .text.fds_register
                0x000000000002da98       0x30 CMakeFiles/jd_smartwatch.dir/__/toolchains/nRF5/nRF5_SDK_16.0.0_98a08e2/components/libraries/fds/fds.c.obj
                0x000000000002da98                fds_register
 .text.fds_init
                0x000000000002dac8      0x3e4 CMakeFiles/jd_smartwatch.dir/__/toolchains/nRF5/nRF5_SDK_16.0.0_98a08e2/components/libraries/fds/fds.c.obj
                0x000000000002dac8                fds_init
 .text.fds_record_open
                0x000000000002deac       0x54 CMakeFiles/jd_smartwatch.dir/__/toolchains/nRF5/nRF5_SDK_16.0.0_98a08e2/components/libraries/fds/fds.c.obj
                0x000000000002deac                fds_record_open
 .text.fds_record_close
                0x000000000002df00       0x54 CMakeFiles/jd_smartwatch.dir/__/toolchains/nRF5/nRF5_SDK_16.0.0_98a08e2/components/libraries/fds/fds.c.obj
                0x000000000002df00                fds_record_close
 .text.fds_record_write
                0x000000000002df54      0x14c CMakeFiles/jd_smartwatch.dir/__/toolchains/nRF5/nRF5_SDK_16.0.0_98a08e2/components/libraries/fds/fds.c.obj
                0x000000000002df54                fds_record_write
 .text.fds_record_update
                0x000000000002e0a0      0x150 CMakeFiles/jd_smartwatch.dir/__/toolchains/nRF5/nRF5_SDK_16.0.0_98a08e2/components/libraries/fds/fds.c.obj
                0x000000000002e0a0                fds_record_update
 .text.fds_file_delete
                0x000000000002e1f0       0x78 CMakeFiles/jd_smartwatch.dir/__/toolchains/nRF5/nRF5_SDK_16.0.0_98a08e2/components/libraries/fds/fds.c.obj
                0x000000000002e1f0                fds_file_delete
 .text.fds_gc   0x000000000002e268       0x7c CMakeFiles/jd_smartwatch.dir/__/toolchains/nRF5/nRF5_SDK_16.0.0_98a08e2/components/libraries/fds/fds.c.obj
                0x000000000002e268                fds_gc
 .text.fds_record_find
                0x000000000002e2e4       0xfc CMakeFiles/jd_smartwatch.dir/__/toolchains/nRF5/nRF5_SDK_16.0.0_98a08e2/components/libraries/fds/fds.c.obj
                0x000000000002e2e4                fds_record_find
 .text.fds_record_find_by_key
                0x000000000002e3e0       0xf0 CMakeFiles/jd_smartwatch.dir/__/toolchains/nRF5/nRF5_SDK_16.0.0_98a08e2/components/libraries/fds/fds.c.obj
                0x000000000002e3e0                fds_record_find_by_key
 .text.fds_record_find_in_file
                0x000000000002e4d0       0xf0 CMakeFiles/jd_smartwatch.dir/__/toolchains/nRF5/nRF5_SDK_16.0.0_98a08e2/components/libraries/fds/fds.c.obj
                0x000000000002e4d0                fds_record_find_in_file
 .text.fds_record_id_from_desc
                0x000000000002e5c0       0x14 CMakeFiles/jd_smartwatch.dir/__/toolchains/nRF5/nRF5_SDK_16.0.0_98a08e2/components/libraries/fds/fds.c.obj
                0x000000000002e5c0                fds_record_id_from_desc
 .text.fds_stat
                0x000000000002e5d4      0x190 CMakeFiles/jd_smartwatch.dir/__/toolchains/nRF5/nRF5_SDK_16.0.0_98a08e2/components/libraries/fds/fds.c.obj
                0x000000000002e5d4                fds_stat
 .text.nrf_fstorage_init
                0x000000000002e764       0x5c CMakeFiles/jd_smartwatch.dir/__/toolchains/nRF5/nRF5_SDK_16.0.0_98a08e2/components/libraries/fstorage/nrf_fstorage.c.obj
                0x000000000002e764                nrf_fstorage_init
 .text.nrf_fstorage_write
                0x000000000002e7c0      0x13c CMakeFiles/jd_smartwatch.dir/__/toolchains/nRF5/nRF5_SDK_16.0.0_98a08e2/components/libraries/fstorage/nrf_fstorage.c.obj
                0x000000000002e7c0                nrf_fstorage_write
 .text.nrf_fstorage_erase
                0x000000000002e8fc       0xf4 CMakeFiles/jd_smartwatch.dir/__/toolchains/nRF5/nRF5_SDK_16.0.0_98a08e2/components/libraries/fstorage/nrf_fstorage.c.obj
                0x000000000002e8fc                nrf_fstorage_erase
 .text.sd_flash_write
                0x000000000002e9f0        0x4 CMakeFiles/jd_smartwatch.dir/__/toolchains/nRF5/nRF5_SDK_16.0.0_98a08e2/components/libraries/fstorage/nrf_fstorage_sd.c.obj
 .text.sd_flash_page_erase
                0x000000000002e9f4        0x4 CMakeFiles/jd_smartwatch.dir/__/toolchains/nRF5/nRF5_SDK_16.0.0_98a08e2/components/libraries/fstorage/nrf_fstorage_sd.c.obj
 .text.rmap     0x000000000002e9f8        0x4 CMakeFiles/jd_smartwatch.dir/__/toolchains/nRF5/nRF5_SDK_16.0.0_98a08e2/components/libraries/fstorage/nrf_fstorage_sd.c.obj
 .text.wmap     0x000000000002e9fc        0x4 CMakeFiles/jd_smartwatch.dir/__/toolchains/nRF5/nRF5_SDK_16.0.0_98a08e2/components/libraries/fstorage/nrf_fstorage_sd.c.obj
 .text.is_busy  0x000000000002ea00       0x10 CMakeFiles/jd_smartwatch.dir/__/toolchains/nRF5/nRF5_SDK_16.0.0_98a08e2/components/libraries/fstorage/nrf_fstorage_sd.c.obj
 .text.nrf_fstorage_sdh_req_handler
                0x000000000002ea10       0x14 CMakeFiles/jd_smartwatch.dir/__/toolchains/nRF5/nRF5_SDK_16.0.0_98a08e2/components/libraries/fstorage/nrf_fstorage_sd.c.obj
                0x000000000002ea10                nrf_fstorage_sdh_req_handler
 .text.read     0x000000000002ea24       0x10 CMakeFiles/jd_smartwatch.dir/__/toolchains/nRF5/nRF5_SDK_16.0.0_98a08e2/components/libraries/fstorage/nrf_fstorage_sd.c.obj
 .text.uninit   0x000000000002ea34       0x20 CMakeFiles/jd_smartwatch.dir/__/toolchains/nRF5/nRF5_SDK_16.0.0_98a08e2/components/libraries/fstorage/nrf_fstorage_sd.c.obj
 .text.init     0x000000000002ea54       0x38 CMakeFiles/jd_smartwatch.dir/__/toolchains/nRF5/nRF5_SDK_16.0.0_98a08e2/components/libraries/fstorage/nrf_fstorage_sd.c.obj
 .text.queue_process
                0x000000000002ea8c      0x18c CMakeFiles/jd_smartwatch.dir/__/toolchains/nRF5/nRF5_SDK_16.0.0_98a08e2/components/libraries/fstorage/nrf_fstorage_sd.c.obj
 .text.write    0x000000000002ec18       0x70 CMakeFiles/jd_smartwatch.dir/__/toolchains/nRF5/nRF5_SDK_16.0.0_98a08e2/components/libraries/fstorage/nrf_fstorage_sd.c.obj
 .text.erase    0x000000000002ec88       0x6c CMakeFiles/jd_smartwatch.dir/__/toolchains/nRF5/nRF5_SDK_16.0.0_98a08e2/components/libraries/fstorage/nrf_fstorage_sd.c.obj
 .text.nrf_fstorage_sdh_state_handler
                0x000000000002ecf4      0x1a0 CMakeFiles/jd_smartwatch.dir/__/toolchains/nRF5/nRF5_SDK_16.0.0_98a08e2/components/libraries/fstorage/nrf_fstorage_sd.c.obj
                0x000000000002ecf4                nrf_fstorage_sdh_state_handler
 .text.nrf_fstorage_sys_evt_handler
                0x000000000002ee94      0x254 CMakeFiles/jd_smartwatch.dir/__/toolchains/nRF5/nRF5_SDK_16.0.0_98a08e2/components/libraries/fstorage/nrf_fstorage_sd.c.obj
                0x000000000002ee94                nrf_fstorage_sys_evt_handler
 .text.sd_ble_gattc_char_value_by_uuid_read
                0x000000000002f0e8        0x4 CMakeFiles/jd_smartwatch.dir/__/toolchains/nRF5/nRF5_SDK_16.0.0_98a08e2/components/ble/peer_manager/gatt_cache_manager.c.obj
 .text.sd_ble_gattc_read
                0x000000000002f0ec        0x4 CMakeFiles/jd_smartwatch.dir/__/toolchains/nRF5/nRF5_SDK_16.0.0_98a08e2/components/ble/peer_manager/gatt_cache_manager.c.obj
 .text.sd_ble_gatts_value_get
                0x000000000002f0f0        0x4 CMakeFiles/jd_smartwatch.dir/__/toolchains/nRF5/nRF5_SDK_16.0.0_98a08e2/components/ble/peer_manager/gatt_cache_manager.c.obj
 .text.sd_ble_gatts_initial_user_handle_get
                0x000000000002f0f4        0x4 CMakeFiles/jd_smartwatch.dir/__/toolchains/nRF5/nRF5_SDK_16.0.0_98a08e2/components/ble/peer_manager/gatt_cache_manager.c.obj
 .text.sd_ble_gatts_attr_get
                0x000000000002f0f8        0x4 CMakeFiles/jd_smartwatch.dir/__/toolchains/nRF5/nRF5_SDK_16.0.0_98a08e2/components/ble/peer_manager/gatt_cache_manager.c.obj
 .text.car_update_pending_handle
                0x000000000002f0fc       0x4c CMakeFiles/jd_smartwatch.dir/__/toolchains/nRF5/nRF5_SDK_16.0.0_98a08e2/components/ble/peer_manager/gatt_cache_manager.c.obj
 .text.db_update_pending_handle
                0x000000000002f148      0x108 CMakeFiles/jd_smartwatch.dir/__/toolchains/nRF5/nRF5_SDK_16.0.0_98a08e2/components/ble/peer_manager/gatt_cache_manager.c.obj
 .text.local_db_apply_in_evt
                0x000000000002f250       0xfc CMakeFiles/jd_smartwatch.dir/__/toolchains/nRF5/nRF5_SDK_16.0.0_98a08e2/components/ble/peer_manager/gatt_cache_manager.c.obj
 .text.sc_send_pending_handle
                0x000000000002f34c      0x180 CMakeFiles/jd_smartwatch.dir/__/toolchains/nRF5/nRF5_SDK_16.0.0_98a08e2/components/ble/peer_manager/gatt_cache_manager.c.obj
 .text.apply_pending_handle
                0x000000000002f4cc       0xfc CMakeFiles/jd_smartwatch.dir/__/toolchains/nRF5/nRF5_SDK_16.0.0_98a08e2/components/ble/peer_manager/gatt_cache_manager.c.obj
 .text.gcm_im_evt_handler
                0x000000000002f5c8      0x180 CMakeFiles/jd_smartwatch.dir/__/toolchains/nRF5/nRF5_SDK_16.0.0_98a08e2/components/ble/peer_manager/gatt_cache_manager.c.obj
                0x000000000002f5c8                gcm_im_evt_handler
 .text.gcm_pdb_evt_handler
                0x000000000002f748       0xe8 CMakeFiles/jd_smartwatch.dir/__/toolchains/nRF5/nRF5_SDK_16.0.0_98a08e2/components/ble/peer_manager/gatt_cache_manager.c.obj
                0x000000000002f748                gcm_pdb_evt_handler
 .text.gcm_init
                0x000000000002f830       0xc4 CMakeFiles/jd_smartwatch.dir/__/toolchains/nRF5/nRF5_SDK_16.0.0_98a08e2/components/ble/peer_manager/gatt_cache_manager.c.obj
                0x000000000002f830                gcm_init
 .text.gcm_ble_evt_handler
                0x000000000002f8f4      0x2ec CMakeFiles/jd_smartwatch.dir/__/toolchains/nRF5/nRF5_SDK_16.0.0_98a08e2/components/ble/peer_manager/gatt_cache_manager.c.obj
                0x000000000002f8f4                gcm_ble_evt_handler
 .text.sd_ble_gatts_service_changed
                0x000000000002fbe0        0x4 CMakeFiles/jd_smartwatch.dir/__/toolchains/nRF5/nRF5_SDK_16.0.0_98a08e2/components/ble/peer_manager/gatts_cache_manager.c.obj
 .text.sd_ble_gatts_sys_attr_set
                0x000000000002fbe4        0x4 CMakeFiles/jd_smartwatch.dir/__/toolchains/nRF5/nRF5_SDK_16.0.0_98a08e2/components/ble/peer_manager/gatts_cache_manager.c.obj
 .text.sd_ble_gatts_sys_attr_get
                0x000000000002fbe8        0x4 CMakeFiles/jd_smartwatch.dir/__/toolchains/nRF5/nRF5_SDK_16.0.0_98a08e2/components/ble/peer_manager/gatts_cache_manager.c.obj
 .text.sd_ble_gatts_initial_user_handle_get
                0x000000000002fbec        0x4 CMakeFiles/jd_smartwatch.dir/__/toolchains/nRF5/nRF5_SDK_16.0.0_98a08e2/components/ble/peer_manager/gatts_cache_manager.c.obj
 .text.service_changed_pending_set
                0x000000000002fbf0       0xac CMakeFiles/jd_smartwatch.dir/__/toolchains/nRF5/nRF5_SDK_16.0.0_98a08e2/components/ble/peer_manager/gatts_cache_manager.c.obj
 .text.gscm_pdb_evt_handler
                0x000000000002fc9c       0x18 CMakeFiles/jd_smartwatch.dir/__/toolchains/nRF5/nRF5_SDK_16.0.0_98a08e2/components/ble/peer_manager/gatts_cache_manager.c.obj
                0x000000000002fc9c                gscm_pdb_evt_handler
 .text.gscm_init
                0x000000000002fcb4       0x10 CMakeFiles/jd_smartwatch.dir/__/toolchains/nRF5/nRF5_SDK_16.0.0_98a08e2/components/ble/peer_manager/gatts_cache_manager.c.obj
                0x000000000002fcb4                gscm_init
 .text.gscm_local_db_cache_update
                0x000000000002fcc4       0xd4 CMakeFiles/jd_smartwatch.dir/__/toolchains/nRF5/nRF5_SDK_16.0.0_98a08e2/components/ble/peer_manager/gatts_cache_manager.c.obj
                0x000000000002fcc4                gscm_local_db_cache_update
 .text.gscm_local_db_cache_apply
                0x000000000002fd98       0xac CMakeFiles/jd_smartwatch.dir/__/toolchains/nRF5/nRF5_SDK_16.0.0_98a08e2/components/ble/peer_manager/gatts_cache_manager.c.obj
                0x000000000002fd98                gscm_local_db_cache_apply
 .text.gscm_service_changed_ind_needed
                0x000000000002fe44       0x2c CMakeFiles/jd_smartwatch.dir/__/toolchains/nRF5/nRF5_SDK_16.0.0_98a08e2/components/ble/peer_manager/gatts_cache_manager.c.obj
                0x000000000002fe44                gscm_service_changed_ind_needed
 .text.gscm_service_changed_ind_send
                0x000000000002fe70       0x5c CMakeFiles/jd_smartwatch.dir/__/toolchains/nRF5/nRF5_SDK_16.0.0_98a08e2/components/ble/peer_manager/gatts_cache_manager.c.obj
                0x000000000002fe70                gscm_service_changed_ind_send
 .text.gscm_db_change_notification_done
                0x000000000002fecc       0x24 CMakeFiles/jd_smartwatch.dir/__/toolchains/nRF5/nRF5_SDK_16.0.0_98a08e2/components/ble/peer_manager/gatts_cache_manager.c.obj
                0x000000000002fecc                gscm_db_change_notification_done
 .text.sd_ble_gap_whitelist_set
                0x000000000002fef0        0x4 CMakeFiles/jd_smartwatch.dir/__/toolchains/nRF5/nRF5_SDK_16.0.0_98a08e2/components/ble/peer_manager/id_manager.c.obj
 .text.sd_ble_gap_device_identities_set
                0x000000000002fef4        0x4 CMakeFiles/jd_smartwatch.dir/__/toolchains/nRF5/nRF5_SDK_16.0.0_98a08e2/components/ble/peer_manager/id_manager.c.obj
 .text.sd_ecb_block_encrypt
                0x000000000002fef8        0x4 CMakeFiles/jd_smartwatch.dir/__/toolchains/nRF5/nRF5_SDK_16.0.0_98a08e2/components/ble/peer_manager/id_manager.c.obj
 .text.peers_id_keys_get
                0x000000000002fefc      0x1f8 CMakeFiles/jd_smartwatch.dir/__/toolchains/nRF5/nRF5_SDK_16.0.0_98a08e2/components/ble/peer_manager/id_manager.c.obj
 .text.im_ble_evt_handler
                0x00000000000300f4      0x1e4 CMakeFiles/jd_smartwatch.dir/__/toolchains/nRF5/nRF5_SDK_16.0.0_98a08e2/components/ble/peer_manager/id_manager.c.obj
                0x00000000000300f4                im_ble_evt_handler
 .text.im_is_duplicate_bonding_data
                0x00000000000302d8      0x100 CMakeFiles/jd_smartwatch.dir/__/toolchains/nRF5/nRF5_SDK_16.0.0_98a08e2/components/ble/peer_manager/id_manager.c.obj
                0x00000000000302d8                im_is_duplicate_bonding_data
 .text.im_find_duplicate_bonding_data
                0x00000000000303d8       0x40 CMakeFiles/jd_smartwatch.dir/__/toolchains/nRF5/nRF5_SDK_16.0.0_98a08e2/components/ble/peer_manager/id_manager.c.obj
                0x00000000000303d8                im_find_duplicate_bonding_data
 .text.im_peer_id_get_by_conn_handle
                0x0000000000030418       0x2c CMakeFiles/jd_smartwatch.dir/__/toolchains/nRF5/nRF5_SDK_16.0.0_98a08e2/components/ble/peer_manager/id_manager.c.obj
                0x0000000000030418                im_peer_id_get_by_conn_handle
 .text.im_ble_addr_get
                0x0000000000030444       0x3c CMakeFiles/jd_smartwatch.dir/__/toolchains/nRF5/nRF5_SDK_16.0.0_98a08e2/components/ble/peer_manager/id_manager.c.obj
                0x0000000000030444                im_ble_addr_get
 .text.im_master_ids_compare
                0x0000000000030480       0x44 CMakeFiles/jd_smartwatch.dir/__/toolchains/nRF5/nRF5_SDK_16.0.0_98a08e2/components/ble/peer_manager/id_manager.c.obj
                0x0000000000030480                im_master_ids_compare
 .text.im_peer_id_get_by_master_id
                0x00000000000304c4       0xf0 CMakeFiles/jd_smartwatch.dir/__/toolchains/nRF5/nRF5_SDK_16.0.0_98a08e2/components/ble/peer_manager/id_manager.c.obj
                0x00000000000304c4                im_peer_id_get_by_master_id
 .text.im_conn_handle_get
                0x00000000000305b4       0x40 CMakeFiles/jd_smartwatch.dir/__/toolchains/nRF5/nRF5_SDK_16.0.0_98a08e2/components/ble/peer_manager/id_manager.c.obj
                0x00000000000305b4                im_conn_handle_get
 .text.im_new_peer_id
                0x00000000000305f4       0x14 CMakeFiles/jd_smartwatch.dir/__/toolchains/nRF5/nRF5_SDK_16.0.0_98a08e2/components/ble/peer_manager/id_manager.c.obj
                0x00000000000305f4                im_new_peer_id
 .text.im_peer_free
                0x0000000000030608       0x5c CMakeFiles/jd_smartwatch.dir/__/toolchains/nRF5/nRF5_SDK_16.0.0_98a08e2/components/ble/peer_manager/id_manager.c.obj
                0x0000000000030608                im_peer_free
 .text.im_device_identities_list_set
                0x0000000000030664      0x114 CMakeFiles/jd_smartwatch.dir/__/toolchains/nRF5/nRF5_SDK_16.0.0_98a08e2/components/ble/peer_manager/id_manager.c.obj
                0x0000000000030664                im_device_identities_list_set
 .text.im_whitelist_get
                0x0000000000030778       0x3c CMakeFiles/jd_smartwatch.dir/__/toolchains/nRF5/nRF5_SDK_16.0.0_98a08e2/components/ble/peer_manager/id_manager.c.obj
                0x0000000000030778                im_whitelist_get
 .text.im_whitelist_set
                0x00000000000307b4       0x9c CMakeFiles/jd_smartwatch.dir/__/toolchains/nRF5/nRF5_SDK_16.0.0_98a08e2/components/ble/peer_manager/id_manager.c.obj
                0x00000000000307b4                im_whitelist_set
 .text.peer_data_delete_process
                0x0000000000030850       0xd0 CMakeFiles/jd_smartwatch.dir/__/toolchains/nRF5/nRF5_SDK_16.0.0_98a08e2/components/ble/peer_manager/peer_data_storage.c.obj
 .text.fds_evt_handler
                0x0000000000030920       0xfc CMakeFiles/jd_smartwatch.dir/__/toolchains/nRF5/nRF5_SDK_16.0.0_98a08e2/components/ble/peer_manager/peer_data_storage.c.obj
 .text.pds_init
                0x0000000000030a1c       0xac CMakeFiles/jd_smartwatch.dir/__/toolchains/nRF5/nRF5_SDK_16.0.0_98a08e2/components/ble/peer_manager/peer_data_storage.c.obj
                0x0000000000030a1c                pds_init
 .text.pds_peer_data_read
                0x0000000000030ac8       0x8c CMakeFiles/jd_smartwatch.dir/__/toolchains/nRF5/nRF5_SDK_16.0.0_98a08e2/components/ble/peer_manager/peer_data_storage.c.obj
                0x0000000000030ac8                pds_peer_data_read
 .text.pds_peer_data_iterate_prepare
                0x0000000000030b54       0x10 CMakeFiles/jd_smartwatch.dir/__/toolchains/nRF5/nRF5_SDK_16.0.0_98a08e2/components/ble/peer_manager/peer_data_storage.c.obj
                0x0000000000030b54                pds_peer_data_iterate_prepare
 .text.pds_peer_data_iterate
                0x0000000000030b64       0x5c CMakeFiles/jd_smartwatch.dir/__/toolchains/nRF5/nRF5_SDK_16.0.0_98a08e2/components/ble/peer_manager/peer_data_storage.c.obj
                0x0000000000030b64                pds_peer_data_iterate
 .text.pds_peer_data_store
                0x0000000000030bc0       0xc4 CMakeFiles/jd_smartwatch.dir/__/toolchains/nRF5/nRF5_SDK_16.0.0_98a08e2/components/ble/peer_manager/peer_data_storage.c.obj
                0x0000000000030bc0                pds_peer_data_store
 .text.pds_peer_id_allocate
                0x0000000000030c84        0x8 CMakeFiles/jd_smartwatch.dir/__/toolchains/nRF5/nRF5_SDK_16.0.0_98a08e2/components/ble/peer_manager/peer_data_storage.c.obj
                0x0000000000030c84                pds_peer_id_allocate
 .text.pds_peer_id_free
                0x0000000000030c8c       0x18 CMakeFiles/jd_smartwatch.dir/__/toolchains/nRF5/nRF5_SDK_16.0.0_98a08e2/components/ble/peer_manager/peer_data_storage.c.obj
                0x0000000000030c8c                pds_peer_id_free
 .text.pds_peer_id_is_allocated
                0x0000000000030ca4        0x4 CMakeFiles/jd_smartwatch.dir/__/toolchains/nRF5/nRF5_SDK_16.0.0_98a08e2/components/ble/peer_manager/peer_data_storage.c.obj
                0x0000000000030ca4                pds_peer_id_is_allocated
 .text.pds_peer_id_is_deleted
                0x0000000000030ca8        0x4 CMakeFiles/jd_smartwatch.dir/__/toolchains/nRF5/nRF5_SDK_16.0.0_98a08e2/components/ble/peer_manager/peer_data_storage.c.obj
                0x0000000000030ca8                pds_peer_id_is_deleted
 .text.pds_next_peer_id_get
                0x0000000000030cac        0x4 CMakeFiles/jd_smartwatch.dir/__/toolchains/nRF5/nRF5_SDK_16.0.0_98a08e2/components/ble/peer_manager/peer_data_storage.c.obj
                0x0000000000030cac                pds_next_peer_id_get
 .text.pds_next_deleted_peer_id_get
                0x0000000000030cb0        0x4 CMakeFiles/jd_smartwatch.dir/__/toolchains/nRF5/nRF5_SDK_16.0.0_98a08e2/components/ble/peer_manager/peer_data_storage.c.obj
                0x0000000000030cb0                pds_next_deleted_peer_id_get
 .text.write_buf_store
                0x0000000000030cb4      0x10c CMakeFiles/jd_smartwatch.dir/__/toolchains/nRF5/nRF5_SDK_16.0.0_98a08e2/components/ble/peer_manager/peer_database.c.obj
                0x0000000000030cb4                write_buf_store
 .text.pdb_pds_evt_handler
                0x0000000000030dc0      0x1f0 CMakeFiles/jd_smartwatch.dir/__/toolchains/nRF5/nRF5_SDK_16.0.0_98a08e2/components/ble/peer_manager/peer_database.c.obj
                0x0000000000030dc0                pdb_pds_evt_handler
 .text.pdb_init
                0x0000000000030fb0       0xd8 CMakeFiles/jd_smartwatch.dir/__/toolchains/nRF5/nRF5_SDK_16.0.0_98a08e2/components/ble/peer_manager/peer_database.c.obj
                0x0000000000030fb0                pdb_init
 .text.pdb_peer_free
                0x0000000000031088      0x1b8 CMakeFiles/jd_smartwatch.dir/__/toolchains/nRF5/nRF5_SDK_16.0.0_98a08e2/components/ble/peer_manager/peer_database.c.obj
                0x0000000000031088                pdb_peer_free
 .text.pdb_peer_data_ptr_get
                0x0000000000031240        0x8 CMakeFiles/jd_smartwatch.dir/__/toolchains/nRF5/nRF5_SDK_16.0.0_98a08e2/components/ble/peer_manager/peer_database.c.obj
                0x0000000000031240                pdb_peer_data_ptr_get
 .text.pdb_write_buf_get
                0x0000000000031248      0x300 CMakeFiles/jd_smartwatch.dir/__/toolchains/nRF5/nRF5_SDK_16.0.0_98a08e2/components/ble/peer_manager/peer_database.c.obj
                0x0000000000031248                pdb_write_buf_get
 .text.pdb_write_buf_release
                0x0000000000031548      0x138 CMakeFiles/jd_smartwatch.dir/__/toolchains/nRF5/nRF5_SDK_16.0.0_98a08e2/components/ble/peer_manager/peer_database.c.obj
                0x0000000000031548                pdb_write_buf_release
 .text.pdb_write_buf_store
                0x0000000000031680      0x114 CMakeFiles/jd_smartwatch.dir/__/toolchains/nRF5/nRF5_SDK_16.0.0_98a08e2/components/ble/peer_manager/peer_database.c.obj
                0x0000000000031680                pdb_write_buf_store
 .text.peer_id_init
                0x0000000000031794       0x10 CMakeFiles/jd_smartwatch.dir/__/toolchains/nRF5/nRF5_SDK_16.0.0_98a08e2/components/ble/peer_manager/peer_id.c.obj
                0x0000000000031794                peer_id_init
 .text.peer_id_allocate
                0x00000000000317a4       0x3c CMakeFiles/jd_smartwatch.dir/__/toolchains/nRF5/nRF5_SDK_16.0.0_98a08e2/components/ble/peer_manager/peer_id.c.obj
                0x00000000000317a4                peer_id_allocate
 .text.peer_id_delete
                0x00000000000317e0       0x24 CMakeFiles/jd_smartwatch.dir/__/toolchains/nRF5/nRF5_SDK_16.0.0_98a08e2/components/ble/peer_manager/peer_id.c.obj
                0x00000000000317e0                peer_id_delete
 .text.peer_id_free
                0x0000000000031804       0x28 CMakeFiles/jd_smartwatch.dir/__/toolchains/nRF5/nRF5_SDK_16.0.0_98a08e2/components/ble/peer_manager/peer_id.c.obj
                0x0000000000031804                peer_id_free
 .text.peer_id_is_allocated
                0x000000000003182c       0x14 CMakeFiles/jd_smartwatch.dir/__/toolchains/nRF5/nRF5_SDK_16.0.0_98a08e2/components/ble/peer_manager/peer_id.c.obj
                0x000000000003182c                peer_id_is_allocated
 .text.peer_id_is_deleted
                0x0000000000031840       0x14 CMakeFiles/jd_smartwatch.dir/__/toolchains/nRF5/nRF5_SDK_16.0.0_98a08e2/components/ble/peer_manager/peer_id.c.obj
                0x0000000000031840                peer_id_is_deleted
 .text.peer_id_get_next_used
                0x0000000000031854       0x7c CMakeFiles/jd_smartwatch.dir/__/toolchains/nRF5/nRF5_SDK_16.0.0_98a08e2/components/ble/peer_manager/peer_id.c.obj
                0x0000000000031854                peer_id_get_next_used
 .text.peer_id_get_next_deleted
                0x00000000000318d0       0x40 CMakeFiles/jd_smartwatch.dir/__/toolchains/nRF5/nRF5_SDK_16.0.0_98a08e2/components/ble/peer_manager/peer_id.c.obj
                0x00000000000318d0                peer_id_get_next_deleted
 .text.ble_evt_handler
                0x0000000000031910       0x24 CMakeFiles/jd_smartwatch.dir/__/toolchains/nRF5/nRF5_SDK_16.0.0_98a08e2/components/ble/peer_manager/peer_manager.c.obj
 .text.pm_peer_ranks_get.part.4
                0x0000000000031934       0xe8 CMakeFiles/jd_smartwatch.dir/__/toolchains/nRF5/nRF5_SDK_16.0.0_98a08e2/components/ble/peer_manager/peer_manager.c.obj
 .text.pm_pdb_evt_handler
                0x0000000000031a1c      0x290 CMakeFiles/jd_smartwatch.dir/__/toolchains/nRF5/nRF5_SDK_16.0.0_98a08e2/components/ble/peer_manager/peer_manager.c.obj
                0x0000000000031a1c                pm_pdb_evt_handler
 .text.pm_sm_evt_handler
                0x0000000000031cac       0x2c CMakeFiles/jd_smartwatch.dir/__/toolchains/nRF5/nRF5_SDK_16.0.0_98a08e2/components/ble/peer_manager/peer_manager.c.obj
                0x0000000000031cac                pm_sm_evt_handler
 .text.pm_gcm_evt_handler
                0x0000000000031cd8       0x28 CMakeFiles/jd_smartwatch.dir/__/toolchains/nRF5/nRF5_SDK_16.0.0_98a08e2/components/ble/peer_manager/peer_manager.c.obj
                0x0000000000031cd8                pm_gcm_evt_handler
 .text.pm_gscm_evt_handler
                0x0000000000031d00       0x28 CMakeFiles/jd_smartwatch.dir/__/toolchains/nRF5/nRF5_SDK_16.0.0_98a08e2/components/ble/peer_manager/peer_manager.c.obj
                0x0000000000031d00                pm_gscm_evt_handler
 .text.pm_im_evt_handler
                0x0000000000031d28       0x28 CMakeFiles/jd_smartwatch.dir/__/toolchains/nRF5/nRF5_SDK_16.0.0_98a08e2/components/ble/peer_manager/peer_manager.c.obj
                0x0000000000031d28                pm_im_evt_handler
 .text.pm_init  0x0000000000031d50       0xe8 CMakeFiles/jd_smartwatch.dir/__/toolchains/nRF5/nRF5_SDK_16.0.0_98a08e2/components/ble/peer_manager/peer_manager.c.obj
                0x0000000000031d50                pm_init
 .text.pm_register
                0x0000000000031e38       0x38 CMakeFiles/jd_smartwatch.dir/__/toolchains/nRF5/nRF5_SDK_16.0.0_98a08e2/components/ble/peer_manager/peer_manager.c.obj
                0x0000000000031e38                pm_register
 .text.pm_sec_params_set
                0x0000000000031e70       0x14 CMakeFiles/jd_smartwatch.dir/__/toolchains/nRF5/nRF5_SDK_16.0.0_98a08e2/components/ble/peer_manager/peer_manager.c.obj
                0x0000000000031e70                pm_sec_params_set
 .text.pm_conn_secure
                0x0000000000031e84       0x1c CMakeFiles/jd_smartwatch.dir/__/toolchains/nRF5/nRF5_SDK_16.0.0_98a08e2/components/ble/peer_manager/peer_manager.c.obj
                0x0000000000031e84                pm_conn_secure
 .text.pm_conn_sec_config_reply
                0x0000000000031ea0        0x8 CMakeFiles/jd_smartwatch.dir/__/toolchains/nRF5/nRF5_SDK_16.0.0_98a08e2/components/ble/peer_manager/peer_manager.c.obj
                0x0000000000031ea0                pm_conn_sec_config_reply
 .text.pm_whitelist_set
                0x0000000000031ea8       0x14 CMakeFiles/jd_smartwatch.dir/__/toolchains/nRF5/nRF5_SDK_16.0.0_98a08e2/components/ble/peer_manager/peer_manager.c.obj
                0x0000000000031ea8                pm_whitelist_set
 .text.pm_whitelist_get
                0x0000000000031ebc       0x30 CMakeFiles/jd_smartwatch.dir/__/toolchains/nRF5/nRF5_SDK_16.0.0_98a08e2/components/ble/peer_manager/peer_manager.c.obj
                0x0000000000031ebc                pm_whitelist_get
 .text.pm_device_identities_list_set
                0x0000000000031eec       0x14 CMakeFiles/jd_smartwatch.dir/__/toolchains/nRF5/nRF5_SDK_16.0.0_98a08e2/components/ble/peer_manager/peer_manager.c.obj
                0x0000000000031eec                pm_device_identities_list_set
 .text.pm_conn_sec_status_get
                0x0000000000031f00       0x14 CMakeFiles/jd_smartwatch.dir/__/toolchains/nRF5/nRF5_SDK_16.0.0_98a08e2/components/ble/peer_manager/peer_manager.c.obj
                0x0000000000031f00                pm_conn_sec_status_get
 .text.pm_peer_id_get
                0x0000000000031f14       0x28 CMakeFiles/jd_smartwatch.dir/__/toolchains/nRF5/nRF5_SDK_16.0.0_98a08e2/components/ble/peer_manager/peer_manager.c.obj
                0x0000000000031f14                pm_peer_id_get
 .text.pm_next_peer_id_get
                0x0000000000031f3c       0x2c CMakeFiles/jd_smartwatch.dir/__/toolchains/nRF5/nRF5_SDK_16.0.0_98a08e2/components/ble/peer_manager/peer_manager.c.obj
                0x0000000000031f3c                pm_next_peer_id_get
 .text.pm_peer_data_remote_db_load
                0x0000000000031f68       0x3c CMakeFiles/jd_smartwatch.dir/__/toolchains/nRF5/nRF5_SDK_16.0.0_98a08e2/components/ble/peer_manager/peer_manager.c.obj
                0x0000000000031f68                pm_peer_data_remote_db_load
 .text.pm_peer_data_remote_db_store
                0x0000000000031fa4       0x5c CMakeFiles/jd_smartwatch.dir/__/toolchains/nRF5/nRF5_SDK_16.0.0_98a08e2/components/ble/peer_manager/peer_manager.c.obj
                0x0000000000031fa4                pm_peer_data_remote_db_store
 .text.pm_peer_delete
                0x0000000000032000       0x14 CMakeFiles/jd_smartwatch.dir/__/toolchains/nRF5/nRF5_SDK_16.0.0_98a08e2/components/ble/peer_manager/peer_manager.c.obj
                0x0000000000032000                pm_peer_delete
 .text.pm_peers_delete
                0x0000000000032014       0xd0 CMakeFiles/jd_smartwatch.dir/__/toolchains/nRF5/nRF5_SDK_16.0.0_98a08e2/components/ble/peer_manager/peer_manager.c.obj
                0x0000000000032014                pm_peers_delete
 .text.pm_peer_ranks_get
                0x00000000000320e4       0x1c CMakeFiles/jd_smartwatch.dir/__/toolchains/nRF5/nRF5_SDK_16.0.0_98a08e2/components/ble/peer_manager/peer_manager.c.obj
                0x00000000000320e4                pm_peer_ranks_get
 .text.pm_peer_rank_highest
                0x0000000000032100      0x158 CMakeFiles/jd_smartwatch.dir/__/toolchains/nRF5/nRF5_SDK_16.0.0_98a08e2/components/ble/peer_manager/peer_manager.c.obj
                0x0000000000032100                pm_peer_rank_highest
 .text.sd_ble_gap_disconnect
                0x0000000000032258        0x4 CMakeFiles/jd_smartwatch.dir/__/toolchains/nRF5/nRF5_SDK_16.0.0_98a08e2/components/ble/peer_manager/peer_manager_handler.c.obj
 .text.pm_handler_on_pm_evt
                0x000000000003225c      0x358 CMakeFiles/jd_smartwatch.dir/__/toolchains/nRF5/nRF5_SDK_16.0.0_98a08e2/components/ble/peer_manager/peer_manager_handler.c.obj
                0x000000000003225c                pm_handler_on_pm_evt
 .text.pm_handler_flash_clean
                0x00000000000325b4      0x5d4 CMakeFiles/jd_smartwatch.dir/__/toolchains/nRF5/nRF5_SDK_16.0.0_98a08e2/components/ble/peer_manager/peer_manager_handler.c.obj
                0x00000000000325b4                pm_handler_flash_clean
 .text.pm_handler_secure_on_connection
                0x0000000000032b88       0xdc CMakeFiles/jd_smartwatch.dir/__/toolchains/nRF5/nRF5_SDK_16.0.0_98a08e2/components/ble/peer_manager/peer_manager_handler.c.obj
                0x0000000000032b88                pm_handler_secure_on_connection
 .text.pm_buffer_init
                0x0000000000032c64       0x2c CMakeFiles/jd_smartwatch.dir/__/toolchains/nRF5/nRF5_SDK_16.0.0_98a08e2/components/ble/peer_manager/pm_buffer.c.obj
                0x0000000000032c64                pm_buffer_init
 .text.pm_buffer_block_acquire
                0x0000000000032c90       0x90 CMakeFiles/jd_smartwatch.dir/__/toolchains/nRF5/nRF5_SDK_16.0.0_98a08e2/components/ble/peer_manager/pm_buffer.c.obj
                0x0000000000032c90                pm_buffer_block_acquire
 .text.pm_buffer_ptr_get
                0x0000000000032d20       0x34 CMakeFiles/jd_smartwatch.dir/__/toolchains/nRF5/nRF5_SDK_16.0.0_98a08e2/components/ble/peer_manager/pm_buffer.c.obj
                0x0000000000032d20                pm_buffer_ptr_get
 .text.pm_buffer_release
                0x0000000000032d54       0x34 CMakeFiles/jd_smartwatch.dir/__/toolchains/nRF5/nRF5_SDK_16.0.0_98a08e2/components/ble/peer_manager/pm_buffer.c.obj
                0x0000000000032d54                pm_buffer_release
 .text.sd_ble_gap_authenticate
                0x0000000000032d88        0x4 CMakeFiles/jd_smartwatch.dir/__/toolchains/nRF5/nRF5_SDK_16.0.0_98a08e2/components/ble/peer_manager/security_dispatcher.c.obj
 .text.sd_ble_gap_sec_params_reply
                0x0000000000032d8c        0x4 CMakeFiles/jd_smartwatch.dir/__/toolchains/nRF5/nRF5_SDK_16.0.0_98a08e2/components/ble/peer_manager/security_dispatcher.c.obj
 .text.sd_ble_gap_sec_info_reply
                0x0000000000032d90        0x4 CMakeFiles/jd_smartwatch.dir/__/toolchains/nRF5/nRF5_SDK_16.0.0_98a08e2/components/ble/peer_manager/security_dispatcher.c.obj
 .text.smd_conn_sec_config_reply
                0x0000000000032d94       0x10 CMakeFiles/jd_smartwatch.dir/__/toolchains/nRF5/nRF5_SDK_16.0.0_98a08e2/components/ble/peer_manager/security_dispatcher.c.obj
                0x0000000000032d94                smd_conn_sec_config_reply
 .text.smd_init
                0x0000000000032da4       0x90 CMakeFiles/jd_smartwatch.dir/__/toolchains/nRF5/nRF5_SDK_16.0.0_98a08e2/components/ble/peer_manager/security_dispatcher.c.obj
                0x0000000000032da4                smd_init
 .text.smd_params_reply
                0x0000000000032e34      0x1a0 CMakeFiles/jd_smartwatch.dir/__/toolchains/nRF5/nRF5_SDK_16.0.0_98a08e2/components/ble/peer_manager/security_dispatcher.c.obj
                0x0000000000032e34                smd_params_reply
 .text.smd_link_secure
                0x0000000000032fd4       0x2c CMakeFiles/jd_smartwatch.dir/__/toolchains/nRF5/nRF5_SDK_16.0.0_98a08e2/components/ble/peer_manager/security_dispatcher.c.obj
                0x0000000000032fd4                smd_link_secure
 .text.smd_ble_evt_handler
                0x0000000000033000      0x7c8 CMakeFiles/jd_smartwatch.dir/__/toolchains/nRF5/nRF5_SDK_16.0.0_98a08e2/components/ble/peer_manager/security_dispatcher.c.obj
                0x0000000000033000                smd_ble_evt_handler
 .text.events_send_from_err_code
                0x00000000000337c8       0xe0 CMakeFiles/jd_smartwatch.dir/__/toolchains/nRF5/nRF5_SDK_16.0.0_98a08e2/components/ble/peer_manager/security_manager.c.obj
 .text.params_reply_pending_handle
                0x00000000000338a8      0x184 CMakeFiles/jd_smartwatch.dir/__/toolchains/nRF5/nRF5_SDK_16.0.0_98a08e2/components/ble/peer_manager/security_manager.c.obj
 .text.link_secure_pending_handle
                0x0000000000033a2c      0x138 CMakeFiles/jd_smartwatch.dir/__/toolchains/nRF5/nRF5_SDK_16.0.0_98a08e2/components/ble/peer_manager/security_manager.c.obj
 .text.sm_conn_sec_status_get
                0x0000000000033b64       0xa4 CMakeFiles/jd_smartwatch.dir/__/toolchains/nRF5/nRF5_SDK_16.0.0_98a08e2/components/ble/peer_manager/security_manager.c.obj
                0x0000000000033b64                sm_conn_sec_status_get
 .text.sm_smd_evt_handler
                0x0000000000033c08      0x384 CMakeFiles/jd_smartwatch.dir/__/toolchains/nRF5/nRF5_SDK_16.0.0_98a08e2/components/ble/peer_manager/security_manager.c.obj
                0x0000000000033c08                sm_smd_evt_handler
 .text.sm_pdb_evt_handler
                0x0000000000033f8c       0x48 CMakeFiles/jd_smartwatch.dir/__/toolchains/nRF5/nRF5_SDK_16.0.0_98a08e2/components/ble/peer_manager/security_manager.c.obj
                0x0000000000033f8c                sm_pdb_evt_handler
 .text.sm_init  0x0000000000033fd4       0x90 CMakeFiles/jd_smartwatch.dir/__/toolchains/nRF5/nRF5_SDK_16.0.0_98a08e2/components/ble/peer_manager/security_manager.c.obj
                0x0000000000033fd4                sm_init
 .text.sm_ble_evt_handler
                0x0000000000034064       0x34 CMakeFiles/jd_smartwatch.dir/__/toolchains/nRF5/nRF5_SDK_16.0.0_98a08e2/components/ble/peer_manager/security_manager.c.obj
                0x0000000000034064                sm_ble_evt_handler
 .text.sm_sec_params_set
                0x0000000000034098       0x88 CMakeFiles/jd_smartwatch.dir/__/toolchains/nRF5/nRF5_SDK_16.0.0_98a08e2/components/ble/peer_manager/security_manager.c.obj
                0x0000000000034098                sm_sec_params_set
 .text.sm_conn_sec_config_reply
                0x0000000000034120        0x4 CMakeFiles/jd_smartwatch.dir/__/toolchains/nRF5/nRF5_SDK_16.0.0_98a08e2/components/ble/peer_manager/security_manager.c.obj
                0x0000000000034120                sm_conn_sec_config_reply
 .text.sm_link_secure
                0x0000000000034124      0x10c CMakeFiles/jd_smartwatch.dir/__/toolchains/nRF5/nRF5_SDK_16.0.0_98a08e2/components/ble/peer_manager/security_manager.c.obj
                0x0000000000034124                sm_link_secure
 .text.sd_ble_uuid_vs_add
                0x0000000000034230        0x4 CMakeFiles/jd_smartwatch.dir/__/toolchains/nRF5/nRF5_SDK_16.0.0_98a08e2/components/ble/ble_services/ble_ancs_c/nrf_ble_ancs_c.c.obj
 .text.gatt_error_handler
                0x0000000000034234        0x8 CMakeFiles/jd_smartwatch.dir/__/toolchains/nRF5/nRF5_SDK_16.0.0_98a08e2/components/ble/ble_services/ble_ancs_c/nrf_ble_ancs_c.c.obj
 .text.ble_ancs_c_on_db_disc_evt
                0x000000000003423c      0x108 CMakeFiles/jd_smartwatch.dir/__/toolchains/nRF5/nRF5_SDK_16.0.0_98a08e2/components/ble/ble_services/ble_ancs_c/nrf_ble_ancs_c.c.obj
                0x000000000003423c                ble_ancs_c_on_db_disc_evt
 .text.ble_ancs_c_on_ble_evt
                0x0000000000034344       0xec CMakeFiles/jd_smartwatch.dir/__/toolchains/nRF5/nRF5_SDK_16.0.0_98a08e2/components/ble/ble_services/ble_ancs_c/nrf_ble_ancs_c.c.obj
                0x0000000000034344                ble_ancs_c_on_ble_evt
 .text.ble_ancs_c_init
                0x0000000000034430       0xb4 CMakeFiles/jd_smartwatch.dir/__/toolchains/nRF5/nRF5_SDK_16.0.0_98a08e2/components/ble/ble_services/ble_ancs_c/nrf_ble_ancs_c.c.obj
                0x0000000000034430                ble_ancs_c_init
 .text.ble_ancs_c_notif_source_notif_enable
                0x00000000000344e4       0x68 CMakeFiles/jd_smartwatch.dir/__/toolchains/nRF5/nRF5_SDK_16.0.0_98a08e2/components/ble/ble_services/ble_ancs_c/nrf_ble_ancs_c.c.obj
                0x00000000000344e4                ble_ancs_c_notif_source_notif_enable
 .text.ble_ancs_c_data_source_notif_enable
                0x000000000003454c       0x68 CMakeFiles/jd_smartwatch.dir/__/toolchains/nRF5/nRF5_SDK_16.0.0_98a08e2/components/ble/ble_services/ble_ancs_c/nrf_ble_ancs_c.c.obj
                0x000000000003454c                ble_ancs_c_data_source_notif_enable
 .text.nrf_ble_ancs_c_attr_add
                0x00000000000345b4       0x30 CMakeFiles/jd_smartwatch.dir/__/toolchains/nRF5/nRF5_SDK_16.0.0_98a08e2/components/ble/ble_services/ble_ancs_c/nrf_ble_ancs_c.c.obj
                0x00000000000345b4                nrf_ble_ancs_c_attr_add
 .text.nrf_ble_ancs_c_app_attr_add
                0x00000000000345e4       0x34 CMakeFiles/jd_smartwatch.dir/__/toolchains/nRF5/nRF5_SDK_16.0.0_98a08e2/components/ble/ble_services/ble_ancs_c/nrf_ble_ancs_c.c.obj
                0x00000000000345e4                nrf_ble_ancs_c_app_attr_add
 .text.nrf_ble_ancs_c_handles_assign