Archive member included to satisfy reference by file (symbol)

/usr/bin/../lib/gcc/arm-none-eabi/7.3.1/thumb/v7e-m/fpv4-sp/hard/libgcc.a(_aeabi_uldivmod.o)
                              CMakeFiles/jd_smartwatch.dir/lvgl/src/lv_misc/lv_printf.c.obj (__aeabi_uldivmod)
/usr/bin/../lib/gcc/arm-none-eabi/7.3.1/thumb/v7e-m/fpv4-sp/hard/libgcc.a(_udivmoddi4.o)
                              /usr/bin/../lib/gcc/arm-none-eabi/7.3.1/thumb/v7e-m/fpv4-sp/hard/libgcc.a(_aeabi_uldivmod.o) (__udivmoddi4)
/usr/bin/../lib/gcc/arm-none-eabi/7.3.1/thumb/v7e-m/fpv4-sp/hard/libgcc.a(_dvmd_tls.o)
                              /usr/bin/../lib/gcc/arm-none-eabi/7.3.1/thumb/v7e-m/fpv4-sp/hard/libgcc.a(_aeabi_uldivmod.o) (__aeabi_ldiv0)
/usr/bin/../lib/gcc/arm-none-eabi/7.3.1/../../../../arm-none-eabi/lib/thumb/v7e-m/fpv4-sp/hard/libc_nano.a(lib_a-exit.o)
                              /usr/bin/../lib/gcc/arm-none-eabi/7.3.1/../../../../arm-none-eabi/lib/thumb/v7e-m/fpv4-sp/hard/crt0.o (exit)
/usr/bin/../lib/gcc/arm-none-eabi/7.3.1/../../../../arm-none-eabi/lib/thumb/v7e-m/fpv4-sp/hard/libc_nano.a(lib_a-impure.o)
                              /usr/bin/../lib/gcc/arm-none-eabi/7.3.1/../../../../arm-none-eabi/lib/thumb/v7e-m/fpv4-sp/hard/libc_nano.a(lib_a-exit.o) (_global_impure_ptr)
/usr/bin/../lib/gcc/arm-none-eabi/7.3.1/../../../../arm-none-eabi/lib/thumb/v7e-m/fpv4-sp/hard/libc_nano.a(lib_a-init.o)
                              /usr/bin/../lib/gcc/arm-none-eabi/7.3.1/../../../../arm-none-eabi/lib/thumb/v7e-m/fpv4-sp/hard/crt0.o (__libc_init_array)
/usr/bin/../lib/gcc/arm-none-eabi/7.3.1/../../../../arm-none-eabi/lib/thumb/v7e-m/fpv4-sp/hard/libc_nano.a(lib_a-locale.o)
                              CMakeFiles/jd_smartwatch.dir/__/toolchains/nRF5/nRF5_SDK_16.0.0_98a08e2/components/libraries/log/src/nrf_log_str_formatter.c.obj (__locale_ctype_ptr)
/usr/bin/../lib/gcc/arm-none-eabi/7.3.1/../../../../arm-none-eabi/lib/thumb/v7e-m/fpv4-sp/hard/libc_nano.a(lib_a-mbtowc_r.o)
                              /usr/bin/../lib/gcc/arm-none-eabi/7.3.1/../../../../arm-none-eabi/lib/thumb/v7e-m/fpv4-sp/hard/libc_nano.a(lib_a-locale.o) (__ascii_mbtowc)
/usr/bin/../lib/gcc/arm-none-eabi/7.3.1/../../../../arm-none-eabi/lib/thumb/v7e-m/fpv4-sp/hard/libc_nano.a(lib_a-memcmp.o)
                              CMakeFiles/jd_smartwatch.dir/__/toolchains/nRF5/nRF5_SDK_16.0.0_98a08e2/components/ble/common/ble_advdata.c.obj (memcmp)
/usr/bin/../lib/gcc/arm-none-eabi/7.3.1/../../../../arm-none-eabi/lib/thumb/v7e-m/fpv4-sp/hard/libc_nano.a(lib_a-memcpy-stub.o)
                              CMakeFiles/jd_smartwatch.dir/__/toolchains/nRF5/nRF5_SDK_16.0.0_98a08e2/components/libraries/ringbuf/nrf_ringbuf.c.obj (memcpy)
/usr/bin/../lib/gcc/arm-none-eabi/7.3.1/../../../../arm-none-eabi/lib/thumb/v7e-m/fpv4-sp/hard/libc_nano.a(lib_a-memset.o)
                              /usr/bin/../lib/gcc/arm-none-eabi/7.3.1/../../../../arm-none-eabi/lib/thumb/v7e-m/fpv4-sp/hard/crt0.o (memset)
/usr/bin/../lib/gcc/arm-none-eabi/7.3.1/../../../../arm-none-eabi/lib/thumb/v7e-m/fpv4-sp/hard/libc_nano.a(lib_a-nano-vfprintf_float.o)
                              (_printf_float)
/usr/bin/../lib/gcc/arm-none-eabi/7.3.1/../../../../arm-none-eabi/lib/thumb/v7e-m/fpv4-sp/hard/libc_nano.a(lib_a-nano-vfprintf_i.o)
                              /usr/bin/../lib/gcc/arm-none-eabi/7.3.1/../../../../arm-none-eabi/lib/thumb/v7e-m/fpv4-sp/hard/libc_nano.a(lib_a-nano-vfprintf_float.o) (_printf_common)
/usr/bin/../lib/gcc/arm-none-eabi/7.3.1/../../../../arm-none-eabi/lib/thumb/v7e-m/fpv4-sp/hard/libc_nano.a(lib_a-snprintf.o)
                              CMakeFiles/jd_smartwatch.dir/components/display/brightness/display_brightness.c.obj (snprintf)
/usr/bin/../lib/gcc/arm-none-eabi/7.3.1/../../../../arm-none-eabi/lib/thumb/v7e-m/fpv4-sp/hard/libc_nano.a(lib_a-strcat.o)
                              CMakeFiles/jd_smartwatch.dir/lvgl/src/lv_widgets/lv_dropdown.c.obj (strcat)
/usr/bin/../lib/gcc/arm-none-eabi/7.3.1/../../../../arm-none-eabi/lib/thumb/v7e-m/fpv4-sp/hard/libc_nano.a(lib_a-strcmp.o)
                              CMakeFiles/jd_smartwatch.dir/lvgl/src/lv_core/lv_obj.c.obj (strcmp)
/usr/bin/../lib/gcc/arm-none-eabi/7.3.1/../../../../arm-none-eabi/lib/thumb/v7e-m/fpv4-sp/hard/libc_nano.a(lib_a-strcpy.o)
                              CMakeFiles/jd_smartwatch.dir/__/toolchains/nRF5/nRF5_SDK_16.0.0_98a08e2/external/segger_rtt/SEGGER_RTT.c.obj (strcpy)
/usr/bin/../lib/gcc/arm-none-eabi/7.3.1/../../../../arm-none-eabi/lib/thumb/v7e-m/fpv4-sp/hard/libc_nano.a(lib_a-strlen.o)
                              CMakeFiles/jd_smartwatch.dir/__/toolchains/nRF5/nRF5_SDK_16.0.0_98a08e2/external/fprintf/nrf_fprintf_format.c.obj (strlen)
/usr/bin/../lib/gcc/arm-none-eabi/7.3.1/../../../../arm-none-eabi/lib/thumb/v7e-m/fpv4-sp/hard/libc_nano.a(lib_a-strncpy.o)
                              CMakeFiles/jd_smartwatch.dir/lvgl/src/lv_widgets/lv_chart.c.obj (strncpy)
[...]
Memory Configuration

Name             Origin             Length             Attributes
FLASH            0x0000000000026000 0x000000000005a000 xr
RAM              0x0000000020002290 0x000000000000dd70 xrw
*default*        0x0000000000000000 0xffffffffffffffff

Linker script and memory map


.text           0x0000000000026000    0x35d24
 *(.isr_vector)
 .isr_vector    0x0000000000026000      0x200 CMakeFiles/jd_smartwatch.dir/__/toolchains/nRF5/nRF5_SDK_16.0.0_98a08e2/modules/nrfx/mdk/gcc_startup_nrf52.S.obj
                0x0000000000026000                __isr_vector
 *(.text*)
 .text          0x0000000000026200       0x40 /usr/bin/../lib/gcc/arm-none-eabi/7.3.1/thumb/v7e-m/fpv4-sp/hard/crtbegin.o
 .text          0x0000000000026240       0x74 /usr/bin/../lib/gcc/arm-none-eabi/7.3.1/../../../../arm-none-eabi/lib/thumb/v7e-m/fpv4-sp/hard/crt0.o
                0x0000000000026240                _mainCRTStartup
                0x0000000000026240                _start
 .text          0x00000000000262b4       0x3c CMakeFiles/jd_smartwatch.dir/__/toolchains/nRF5/nRF5_SDK_16.0.0_98a08e2/modules/nrfx/mdk/gcc_startup_nrf52.S.obj
                0x00000000000262b4                Reset_Handler
                0x00000000000262dc                NMI_Handler
                0x00000000000262de                HardFault_Handler
                0x00000000000262e0                MemoryManagement_Handler
                0x00000000000262e2                BusFault_Handler
                0x00000000000262e4                UsageFault_Handler
                0x00000000000262e8                DebugMon_Handler
                0x00000000000262ec                SysTick_Handler
                0x00000000000262ee                RTC0_IRQHandler
                0x00000000000262ee                SWI0_EGU0_IRQHandler
                0x00000000000262ee                PWM1_IRQHandler
                0x00000000000262ee                RADIO_IRQHandler
                0x00000000000262ee                PDM_IRQHandler
                0x00000000000262ee                TEMP_IRQHandler
                0x00000000000262ee                QDEC_IRQHandler
                0x00000000000262ee                FPU_IRQHandler
                0x00000000000262ee                I2S_IRQHandler
                0x00000000000262ee                SWI4_EGU4_IRQHandler
                0x00000000000262ee                PWM2_IRQHandler
                0x00000000000262ee                ECB_IRQHandler
                0x00000000000262ee                Default_Handler
                0x00000000000262ee                CCM_AAR_IRQHandler
                0x00000000000262ee                WDT_IRQHandler
                0x00000000000262ee                SWI5_EGU5_IRQHandler
                0x00000000000262ee                RNG_IRQHandler
                0x00000000000262ee                RTC2_IRQHandler
                0x00000000000262ee                PWM0_IRQHandler
                0x00000000000262ee                SWI3_EGU3_IRQHandler
                0x00000000000262ee                SWI1_EGU1_IRQHandler
                0x00000000000262ee                SPIM2_SPIS2_SPI2_IRQHandler
                0x00000000000262ee                NFCT_IRQHandler
                0x00000000000262ee                MWU_IRQHandler
                0x00000000000262ee                COMP_LPCOMP_IRQHandler
 .text.SystemInit
                0x00000000000262f0      0x3c0 CMakeFiles/jd_smartwatch.dir/__/toolchains/nRF5/nRF5_SDK_16.0.0_98a08e2/modules/nrfx/mdk/system_nrf52.c.obj
                0x00000000000262f0                SystemInit
 .text.nrf_atomic_u32_fetch_store
                0x00000000000266b0       0x14 CMakeFiles/jd_smartwatch.dir/__/toolchains/nRF5/nRF5_SDK_16.0.0_98a08e2/components/libraries/atomic/nrf_atomic.c.obj
                0x00000000000266b0                nrf_atomic_u32_fetch_store
 .text.nrf_atomic_u32_fetch_or
                0x00000000000266c4       0x18 CMakeFiles/jd_smartwatch.dir/__/toolchains/nRF5/nRF5_SDK_16.0.0_98a08e2/components/libraries/atomic/nrf_atomic.c.obj
                0x00000000000266c4                nrf_atomic_u32_fetch_or
 .text.nrf_atomic_u32_or
                0x00000000000266dc       0x18 CMakeFiles/jd_smartwatch.dir/__/toolchains/nRF5/nRF5_SDK_16.0.0_98a08e2/components/libraries/atomic/nrf_atomic.c.obj
                0x00000000000266dc                nrf_atomic_u32_or
 .text.nrf_atomic_u32_and
                0x00000000000266f4       0x18 CMakeFiles/jd_smartwatch.dir/__/toolchains/nRF5/nRF5_SDK_16.0.0_98a08e2/components/libraries/atomic/nrf_atomic.c.obj
                0x00000000000266f4                nrf_atomic_u32_and
 .text.nrf_atomic_u32_fetch_add
                0x000000000002670c       0x18 CMakeFiles/jd_smartwatch.dir/__/toolchains/nRF5/nRF5_SDK_16.0.0_98a08e2/components/libraries/atomic/nrf_atomic.c.obj
                0x000000000002670c                nrf_atomic_u32_fetch_add
 .text.nrf_atomic_u32_add
                0x0000000000026724       0x18 CMakeFiles/jd_smartwatch.dir/__/toolchains/nRF5/nRF5_SDK_16.0.0_98a08e2/components/libraries/atomic/nrf_atomic.c.obj
                0x0000000000026724                nrf_atomic_u32_add
 .text.nrf_atomic_u32_sub
                0x000000000002673c       0x18 CMakeFiles/jd_smartwatch.dir/__/toolchains/nRF5/nRF5_SDK_16.0.0_98a08e2/components/libraries/atomic/nrf_atomic.c.obj
                0x000000000002673c                nrf_atomic_u32_sub
 .text.nrf_atomic_flag_set_fetch
                0x0000000000026754       0x18 CMakeFiles/jd_smartwatch.dir/__/toolchains/nRF5/nRF5_SDK_16.0.0_98a08e2/components/libraries/atomic/nrf_atomic.c.obj
                0x0000000000026754                nrf_atomic_flag_set_fetch
 .text.nrf_atomic_flag_set
                0x000000000002676c       0x18 CMakeFiles/jd_smartwatch.dir/__/toolchains/nRF5/nRF5_SDK_16.0.0_98a08e2/components/libraries/atomic/nrf_atomic.c.obj
                0x000000000002676c                nrf_atomic_flag_set
 .text.nrf_atomic_flag_clear_fetch
                0x0000000000026784       0x18 CMakeFiles/jd_smartwatch.dir/__/toolchains/nRF5/nRF5_SDK_16.0.0_98a08e2/components/libraries/atomic/nrf_atomic.c.obj
                0x0000000000026784                nrf_atomic_flag_clear_fetch
 .text.nrf_atomic_flag_clear
                0x000000000002679c       0x18 CMakeFiles/jd_smartwatch.dir/__/toolchains/nRF5/nRF5_SDK_16.0.0_98a08e2/components/libraries/atomic/nrf_atomic.c.obj
                0x000000000002679c                nrf_atomic_flag_clear
 .text.nrf_ringbuf_init
                0x00000000000267b4       0x1c CMakeFiles/jd_smartwatch.dir/__/toolchains/nRF5/nRF5_SDK_16.0.0_98a08e2/components/libraries/ringbuf/nrf_ringbuf.c.obj
                0x00000000000267b4                nrf_ringbuf_init
 .text.nrf_ringbuf_alloc
                0x00000000000267d0       0x90 CMakeFiles/jd_smartwatch.dir/__/toolchains/nRF5/nRF5_SDK_16.0.0_98a08e2/components/libraries/ringbuf/nrf_ringbuf.c.obj
                0x00000000000267d0                nrf_ringbuf_alloc
 .text.nrf_ringbuf_put
                0x0000000000026860       0x34 CMakeFiles/jd_smartwatch.dir/__/toolchains/nRF5/nRF5_SDK_16.0.0_98a08e2/components/libraries/ringbuf/nrf_ringbuf.c.obj
                0x0000000000026860                nrf_ringbuf_put
 .text.nrf_ringbuf_free
                0x0000000000026894       0x28 CMakeFiles/jd_smartwatch.dir/__/toolchains/nRF5/nRF5_SDK_16.0.0_98a08e2/components/libraries/ringbuf/nrf_ringbuf.c.obj
                0x0000000000026894                nrf_ringbuf_free
 .text.nrf_balloc_init
                0x00000000000268bc       0x38 CMakeFiles/jd_smartwatch.dir/__/toolchains/nRF5/nRF5_SDK_16.0.0_98a08e2/components/libraries/balloc/nrf_balloc.c.obj
                0x00000000000268bc                nrf_balloc_init
 .text.nrf_balloc_alloc
                0x00000000000268f4       0x50 CMakeFiles/jd_smartwatch.dir/__/toolchains/nRF5/nRF5_SDK_16.0.0_98a08e2/components/libraries/balloc/nrf_balloc.c.obj
                0x00000000000268f4                nrf_balloc_alloc
 .text.nrf_balloc_free
                0x0000000000026944       0x38 CMakeFiles/jd_smartwatch.dir/__/toolchains/nRF5/nRF5_SDK_16.0.0_98a08e2/components/libraries/balloc/nrf_balloc.c.obj
                0x0000000000026944                nrf_balloc_free
 .text.nrf_memobj_pool_init
                0x000000000002697c        0x4 CMakeFiles/jd_smartwatch.dir/__/toolchains/nRF5/nRF5_SDK_16.0.0_98a08e2/components/libraries/memobj/nrf_memobj.c.obj
                0x000000000002697c                nrf_memobj_pool_init
 .text.nrf_memobj_alloc
                0x0000000000026980       0x84 CMakeFiles/jd_smartwatch.dir/__/toolchains/nRF5/nRF5_SDK_16.0.0_98a08e2/components/libraries/memobj/nrf_memobj.c.obj
                0x0000000000026980                nrf_memobj_alloc
 .text.nrf_memobj_free
                0x0000000000026a04       0x34 CMakeFiles/jd_smartwatch.dir/__/toolchains/nRF5/nRF5_SDK_16.0.0_98a08e2/components/libraries/memobj/nrf_memobj.c.obj
                0x0000000000026a04                nrf_memobj_free
 .text.nrf_memobj_get
                0x0000000000026a38        0x8 CMakeFiles/jd_smartwatch.dir/__/toolchains/nRF5/nRF5_SDK_16.0.0_98a08e2/components/libraries/memobj/nrf_memobj.c.obj
                0x0000000000026a38                nrf_memobj_get
 .text.nrf_memobj_put
                0x0000000000026a40       0x44 CMakeFiles/jd_smartwatch.dir/__/toolchains/nRF5/nRF5_SDK_16.0.0_98a08e2/components/libraries/memobj/nrf_memobj.c.obj
                0x0000000000026a40                nrf_memobj_put
 .text.nrf_memobj_write
                0x0000000000026a84       0x68 CMakeFiles/jd_smartwatch.dir/__/toolchains/nRF5/nRF5_SDK_16.0.0_98a08e2/components/libraries/memobj/nrf_memobj.c.obj
                0x0000000000026a84                nrf_memobj_write
 .text.nrf_memobj_read
                0x0000000000026aec       0x68 CMakeFiles/jd_smartwatch.dir/__/toolchains/nRF5/nRF5_SDK_16.0.0_98a08e2/components/libraries/memobj/nrf_memobj.c.obj
                0x0000000000026aec                nrf_memobj_read
 .text.nrf_strerror_get
                0x0000000000026b54       0x6c CMakeFiles/jd_smartwatch.dir/__/toolchains/nRF5/nRF5_SDK_16.0.0_98a08e2/components/libraries/strerror/nrf_strerror.c.obj
                0x0000000000026b54                nrf_strerror_get
 .text.nrf_fprintf_buffer_flush
                0x0000000000026bc0       0x18 CMakeFiles/jd_smartwatch.dir/__/toolchains/nRF5/nRF5_SDK_16.0.0_98a08e2/external/fprintf/nrf_fprintf.c.obj
                0x0000000000026bc0                nrf_fprintf_buffer_flush
 .text.nrf_fprintf
                0x0000000000026bd8       0x20 CMakeFiles/jd_smartwatch.dir/__/toolchains/nRF5/nRF5_SDK_16.0.0_98a08e2/external/fprintf/nrf_fprintf.c.obj
                0x0000000000026bd8                nrf_fprintf
 .text.unsigned_print
                0x0000000000026bf8      0x148 CMakeFiles/jd_smartwatch.dir/__/toolchains/nRF5/nRF5_SDK_16.0.0_98a08e2/external/fprintf/nrf_fprintf_format.c.obj
 .text.nrf_fprintf_fmt
                0x0000000000026d40      0x6e4 CMakeFiles/jd_smartwatch.dir/__/toolchains/nRF5/nRF5_SDK_16.0.0_98a08e2/external/fprintf/nrf_fprintf_format.c.obj
                0x0000000000026d40                nrf_fprintf_fmt
 .text.nrf_log_std_entry_process
                0x0000000000027424      0x14c CMakeFiles/jd_smartwatch.dir/__/toolchains/nRF5/nRF5_SDK_16.0.0_98a08e2/components/libraries/log/src/nrf_log_str_formatter.c.obj
                0x0000000000027424                nrf_log_std_entry_process
 .text.nrf_log_hexdump_entry_process
                0x0000000000027570      0x160 CMakeFiles/jd_smartwatch.dir/__/toolchains/nRF5/nRF5_SDK_16.0.0_98a08e2/components/libraries/log/src/nrf_log_str_formatter.c.obj
                0x0000000000027570                nrf_log_hexdump_entry_process
 .text.log_skip
                0x00000000000276d0       0xd4 CMakeFiles/jd_smartwatch.dir/__/toolchains/nRF5/nRF5_SDK_16.0.0_98a08e2/components/libraries/log/src/nrf_log_frontend.c.obj
 .text.nrf_log_init
                0x00000000000277a4       0x3c CMakeFiles/jd_smartwatch.dir/__/toolchains/nRF5/nRF5_SDK_16.0.0_98a08e2/components/libraries/log/src/nrf_log_frontend.c.obj
                0x00000000000277a4                nrf_log_init
 .text.nrf_log_module_name_get
                0x00000000000277e0       0x58 CMakeFiles/jd_smartwatch.dir/__/toolchains/nRF5/nRF5_SDK_16.0.0_98a08e2/components/libraries/log/src/nrf_log_frontend.c.obj
                0x00000000000277e0                nrf_log_module_name_get
 .text.nrf_log_color_id_get
                0x0000000000027838       0x2c CMakeFiles/jd_smartwatch.dir/__/toolchains/nRF5/nRF5_SDK_16.0.0_98a08e2/components/libraries/log/src/nrf_log_frontend.c.obj
                0x0000000000027838                nrf_log_color_id_get
 .text.nrf_log_push
                0x0000000000027864       0x64 CMakeFiles/jd_smartwatch.dir/__/toolchains/nRF5/nRF5_SDK_16.0.0_98a08e2/components/libraries/log/src/nrf_log_frontend.c.obj
                0x0000000000027864                nrf_log_push
 .text.nrf_log_frontend_std_0
                0x00000000000278c8       0xf0 CMakeFiles/jd_smartwatch.dir/__/toolchains/nRF5/nRF5_SDK_16.0.0_98a08e2/components/libraries/log/src/nrf_log_frontend.c.obj
                0x00000000000278c8                nrf_log_frontend_std_0
 .text.nrf_log_frontend_dequeue.part.6
                0x00000000000279b8      0x26c CMakeFiles/jd_smartwatch.dir/__/toolchains/nRF5/nRF5_SDK_16.0.0_98a08e2/components/libraries/log/src/nrf_log_frontend.c.obj
 .text.nrf_log_frontend_std_1
                0x0000000000027c24      0x100 CMakeFiles/jd_smartwatch.dir/__/toolchains/nRF5/nRF5_SDK_16.0.0_98a08e2/components/libraries/log/src/nrf_log_frontend.c.obj
                0x0000000000027c24                nrf_log_frontend_std_1
 .text.nrf_log_frontend_std_2
                0x0000000000027d24      0x104 CMakeFiles/jd_smartwatch.dir/__/toolchains/nRF5/nRF5_SDK_16.0.0_98a08e2/components/libraries/log/src/nrf_log_frontend.c.obj
                0x0000000000027d24                nrf_log_frontend_std_2
 .text.nrf_log_frontend_std_3
                0x0000000000027e28      0x110 CMakeFiles/jd_smartwatch.dir/__/toolchains/nRF5/nRF5_SDK_16.0.0_98a08e2/components/libraries/log/src/nrf_log_frontend.c.obj
                0x0000000000027e28                nrf_log_frontend_std_3
 .text.nrf_log_frontend_std_4
                0x0000000000027f38      0x12c CMakeFiles/jd_smartwatch.dir/__/toolchains/nRF5/nRF5_SDK_16.0.0_98a08e2/components/libraries/log/src/nrf_log_frontend.c.obj
                0x0000000000027f38                nrf_log_frontend_std_4
 .text.nrf_log_frontend_std_5
                0x0000000000028064      0x13c CMakeFiles/jd_smartwatch.dir/__/toolchains/nRF5/nRF5_SDK_16.0.0_98a08e2/components/libraries/log/src/nrf_log_frontend.c.obj
                0x0000000000028064                nrf_log_frontend_std_5
 .text.nrf_log_frontend_dequeue
                0x00000000000281a0       0x18 CMakeFiles/jd_smartwatch.dir/__/toolchains/nRF5/nRF5_SDK_16.0.0_98a08e2/components/libraries/log/src/nrf_log_frontend.c.obj
                0x00000000000281a0                nrf_log_frontend_dequeue
 .text.nrf_log_backend_add
                0x00000000000281b8       0x68 CMakeFiles/jd_smartwatch.dir/__/toolchains/nRF5/nRF5_SDK_16.0.0_98a08e2/components/libraries/log/src/nrf_log_frontend.c.obj
                0x00000000000281b8                nrf_log_backend_add
 .text.nrf_log_panic
                0x0000000000028220       0x2c CMakeFiles/jd_smartwatch.dir/__/toolchains/nRF5/nRF5_SDK_16.0.0_98a08e2/components/libraries/log/src/nrf_log_frontend.c.obj
                0x0000000000028220                nrf_log_panic
 .text.nrf_log_default_backends_init
                0x000000000002824c       0x20 CMakeFiles/jd_smartwatch.dir/__/toolchains/nRF5/nRF5_SDK_16.0.0_98a08e2/components/libraries/log/src/nrf_log_default_backends.c.obj
                0x000000000002824c                nrf_log_default_backends_init
 .text.nrf_log_backend_rtt_flush
                0x000000000002826c        0x4 CMakeFiles/jd_smartwatch.dir/__/toolchains/nRF5/nRF5_SDK_16.0.0_98a08e2/components/libraries/log/src/nrf_log_backend_rtt.c.obj
 .text.nrf_log_backend_rtt_put
                0x0000000000028270       0x20 CMakeFiles/jd_smartwatch.dir/__/toolchains/nRF5/nRF5_SDK_16.0.0_98a08e2/components/libraries/log/src/nrf_log_backend_rtt.c.obj
 .text.serial_tx
                0x0000000000028290       0x54 CMakeFiles/jd_smartwatch.dir/__/toolchains/nRF5/nRF5_SDK_16.0.0_98a08e2/components/libraries/log/src/nrf_log_backend_rtt.c.obj
 .text.nrf_log_backend_rtt_panic_set
                0x00000000000282e4        0x4 CMakeFiles/jd_smartwatch.dir/__/toolchains/nRF5/nRF5_SDK_16.0.0_98a08e2/components/libraries/log/src/nrf_log_backend_rtt.c.obj
 .text.nrf_log_backend_rtt_init
                0x00000000000282e8        0x4 CMakeFiles/jd_smartwatch.dir/__/toolchains/nRF5/nRF5_SDK_16.0.0_98a08e2/components/libraries/log/src/nrf_log_backend_rtt.c.obj
                0x00000000000282e8                nrf_log_backend_rtt_init
 .text.nrf_log_backend_serial_put
                0x00000000000282ec       0xd4 CMakeFiles/jd_smartwatch.dir/__/toolchains/nRF5/nRF5_SDK_16.0.0_98a08e2/components/libraries/log/src/nrf_log_backend_serial.c.obj
                0x00000000000282ec                nrf_log_backend_serial_put
 .text.SEGGER_RTT_WriteNoLock
                0x00000000000283c0      0x168 CMakeFiles/jd_smartwatch.dir/__/toolchains/nRF5/nRF5_SDK_16.0.0_98a08e2/external/segger_rtt/SEGGER_RTT.c.obj
                0x00000000000283c0                SEGGER_RTT_WriteNoLock
 .text.SEGGER_RTT_Init
                0x0000000000028528       0x60 CMakeFiles/jd_smartwatch.dir/__/toolchains/nRF5/nRF5_SDK_16.0.0_98a08e2/external/segger_rtt/SEGGER_RTT.c.obj
                0x0000000000028528                SEGGER_RTT_Init
 .text.app_error_handler_bare
                0x0000000000028588       0x20 CMakeFiles/jd_smartwatch.dir/__/toolchains/nRF5/nRF5_SDK_16.0.0_98a08e2/components/libraries/util/app_error.c.obj
                0x0000000000028588                app_error_handler_bare
 .text.app_error_save_and_stop
                0x00000000000285a8       0x64 CMakeFiles/jd_smartwatch.dir/__/toolchains/nRF5/nRF5_SDK_16.0.0_98a08e2/components/libraries/util/app_error.c.obj
                0x00000000000285a8                app_error_save_and_stop
 .text.app_error_fault_handler
                0x000000000002860c       0xdc CMakeFiles/jd_smartwatch.dir/__/toolchains/nRF5/nRF5_SDK_16.0.0_98a08e2/components/libraries/util/app_error_weak.c.obj
                0x000000000002860c                app_error_fault_handler
 .text.clock_irq_handler
                0x00000000000286e8       0x44 CMakeFiles/jd_smartwatch.dir/__/toolchains/nRF5/nRF5_SDK_16.0.0_98a08e2/integration/nrfx/legacy/nrf_drv_clock.c.obj
 .text.soc_evt_handler
                0x000000000002872c       0x28 CMakeFiles/jd_smartwatch.dir/__/toolchains/nRF5/nRF5_SDK_16.0.0_98a08e2/integration/nrfx/legacy/nrf_drv_clock.c.obj
 .text.sd_state_evt_handler
                0x0000000000028754       0xa0 CMakeFiles/jd_smartwatch.dir/__/toolchains/nRF5/nRF5_SDK_16.0.0_98a08e2/integration/nrfx/legacy/nrf_drv_clock.c.obj
 .text.nrf_drv_clock_init
                0x00000000000287f4       0x3c CMakeFiles/jd_smartwatch.dir/__/toolchains/nRF5/nRF5_SDK_16.0.0_98a08e2/integration/nrfx/legacy/nrf_drv_clock.c.obj
                0x00000000000287f4                nrf_drv_clock_init
 .text.nrf_drv_clock_lfclk_request
                0x0000000000028830       0x6c CMakeFiles/jd_smartwatch.dir/__/toolchains/nRF5/nRF5_SDK_16.0.0_98a08e2/integration/nrfx/legacy/nrf_drv_clock.c.obj
                0x0000000000028830                nrf_drv_clock_lfclk_request
 .text.nrfx_clock_init
                0x000000000002889c       0x1c CMakeFiles/jd_smartwatch.dir/__/toolchains/nRF5/nRF5_SDK_16.0.0_98a08e2/modules/nrfx/drivers/src/nrfx_clock.c.obj
                0x000000000002889c                nrfx_clock_init
 .text.nrfx_clock_enable
                0x00000000000288b8       0x24 CMakeFiles/jd_smartwatch.dir/__/toolchains/nRF5/nRF5_SDK_16.0.0_98a08e2/modules/nrfx/drivers/src/nrfx_clock.c.obj
                0x00000000000288b8                nrfx_clock_enable
 .text.nrfx_clock_lfclk_start
                0x00000000000288dc       0x60 CMakeFiles/jd_smartwatch.dir/__/toolchains/nRF5/nRF5_SDK_16.0.0_98a08e2/modules/nrfx/drivers/src/nrfx_clock.c.obj
                0x00000000000288dc                nrfx_clock_lfclk_start
 .text.nrfx_clock_lfclk_stop
                0x000000000002893c       0x18 CMakeFiles/jd_smartwatch.dir/__/toolchains/nRF5/nRF5_SDK_16.0.0_98a08e2/modules/nrfx/drivers/src/nrfx_clock.c.obj
                0x000000000002893c                nrfx_clock_lfclk_stop
 .text.POWER_CLOCK_IRQHandler
                0x0000000000028954       0xb8 CMakeFiles/jd_smartwatch.dir/__/toolchains/nRF5/nRF5_SDK_16.0.0_98a08e2/modules/nrfx/drivers/src/nrfx_clock.c.obj
                0x0000000000028954                POWER_CLOCK_IRQHandler
 .text.nrf_atflags_set
                0x0000000000028a0c       0x14 CMakeFiles/jd_smartwatch.dir/__/toolchains/nRF5/nRF5_SDK_16.0.0_98a08e2/components/libraries/atomic_flags/nrf_atflags.c.obj
                0x0000000000028a0c                nrf_atflags_set
 .text.nrf_atflags_fetch_set
                0x0000000000028a20       0x20 CMakeFiles/jd_smartwatch.dir/__/toolchains/nRF5/nRF5_SDK_16.0.0_98a08e2/components/libraries/atomic_flags/nrf_atflags.c.obj
                0x0000000000028a20                nrf_atflags_fetch_set
 .text.nrf_atflags_clear
                0x0000000000028a40       0x14 CMakeFiles/jd_smartwatch.dir/__/toolchains/nRF5/nRF5_SDK_16.0.0_98a08e2/components/libraries/atomic_flags/nrf_atflags.c.obj
                0x0000000000028a40                nrf_atflags_clear
 .text.nrf_atflags_get
                0x0000000000028a54       0x14 CMakeFiles/jd_smartwatch.dir/__/toolchains/nRF5/nRF5_SDK_16.0.0_98a08e2/components/libraries/atomic_flags/nrf_atflags.c.obj
                0x0000000000028a54                nrf_atflags_get
 .text.nrf_atflags_find_and_set_flag
                0x0000000000028a68       0x88 CMakeFiles/jd_smartwatch.dir/__/toolchains/nRF5/nRF5_SDK_16.0.0_98a08e2/components/libraries/atomic_flags/nrf_atflags.c.obj
                0x0000000000028a68                nrf_atflags_find_and_set_flag
 .text.app_util_critical_region_enter
                0x0000000000028af0       0x4c CMakeFiles/jd_smartwatch.dir/__/toolchains/nRF5/nRF5_SDK_16.0.0_98a08e2/components/libraries/util/app_util_platform.c.obj
                0x0000000000028af0                app_util_critical_region_enter
 .text.app_util_critical_region_exit
                0x0000000000028b3c       0x30 CMakeFiles/jd_smartwatch.dir/__/toolchains/nRF5/nRF5_SDK_16.0.0_98a08e2/components/libraries/util/app_util_platform.c.obj
                0x0000000000028b3c                app_util_critical_region_exit
 .text.nrf_section_iter_init
                0x0000000000028b6c       0x14 CMakeFiles/jd_smartwatch.dir/__/toolchains/nRF5/nRF5_SDK_16.0.0_98a08e2/components/libraries/experimental_section_vars/nrf_section_iter.c.obj
                0x0000000000028b6c                nrf_section_iter_init
 .text.nrf_section_iter_next
                0x0000000000028b80       0x18 CMakeFiles/jd_smartwatch.dir/__/toolchains/nRF5/nRF5_SDK_16.0.0_98a08e2/components/libraries/experimental_section_vars/nrf_section_iter.c.obj
                0x0000000000028b80                nrf_section_iter_next
 .text.sd_evt_get
                0x0000000000028b98        0x4 CMakeFiles/jd_smartwatch.dir/__/toolchains/nRF5/nRF5_SDK_16.0.0_98a08e2/components/softdevice/common/nrf_sdh_soc.c.obj
 .text.nrf_sdh_soc_evts_poll
                0x0000000000028b9c       0x4c CMakeFiles/jd_smartwatch.dir/__/toolchains/nRF5/nRF5_SDK_16.0.0_98a08e2/components/softdevice/common/nrf_sdh_soc.c.obj
 .text.sd_ble_enable
                0x0000000000028be8        0x4 CMakeFiles/jd_smartwatch.dir/__/toolchains/nRF5/nRF5_SDK_16.0.0_98a08e2/components/softdevice/common/nrf_sdh_ble.c.obj
 .text.sd_ble_cfg_set
                0x0000000000028bec        0x4 CMakeFiles/jd_smartwatch.dir/__/toolchains/nRF5/nRF5_SDK_16.0.0_98a08e2/components/softdevice/common/nrf_sdh_ble.c.obj
 .text.sd_ble_evt_get
                0x0000000000028bf0        0x4 CMakeFiles/jd_smartwatch.dir/__/toolchains/nRF5/nRF5_SDK_16.0.0_98a08e2/components/softdevice/common/nrf_sdh_ble.c.obj
 .text.nrf_sdh_ble_evts_poll
                0x0000000000028bf4       0x58 CMakeFiles/jd_smartwatch.dir/__/toolchains/nRF5/nRF5_SDK_16.0.0_98a08e2/components/softdevice/common/nrf_sdh_ble.c.obj
 .text.nrf_sdh_ble_default_cfg_set
                0x0000000000028c4c      0x178 CMakeFiles/jd_smartwatch.dir/__/toolchains/nRF5/nRF5_SDK_16.0.0_98a08e2/components/softdevice/common/nrf_sdh_ble.c.obj
                0x0000000000028c4c                nrf_sdh_ble_default_cfg_set
 .text.nrf_sdh_ble_enable
                0x0000000000028dc4       0x9c CMakeFiles/jd_smartwatch.dir/__/toolchains/nRF5/nRF5_SDK_16.0.0_98a08e2/components/softdevice/common/nrf_sdh_ble.c.obj
                0x0000000000028dc4                nrf_sdh_ble_enable
 .text.sd_softdevice_enable
                0x0000000000028e60        0x4 CMakeFiles/jd_smartwatch.dir/__/toolchains/nRF5/nRF5_SDK_16.0.0_98a08e2/components/softdevice/common/nrf_sdh.c.obj
 .text.sd_softdevice_disable
                0x0000000000028e64        0x4 CMakeFiles/jd_smartwatch.dir/__/toolchains/nRF5/nRF5_SDK_16.0.0_98a08e2/components/softdevice/common/nrf_sdh.c.obj
 .text.nrf_sdh_enable_request
                0x0000000000028e68      0x114 CMakeFiles/jd_smartwatch.dir/__/toolchains/nRF5/nRF5_SDK_16.0.0_98a08e2/components/softdevice/common/nrf_sdh.c.obj
                0x0000000000028e68                nrf_sdh_enable_request
 .text.nrf_sdh_disable_request
                0x0000000000028f7c       0xe0 CMakeFiles/jd_smartwatch.dir/__/toolchains/nRF5/nRF5_SDK_16.0.0_98a08e2/components/softdevice/common/nrf_sdh.c.obj
                0x0000000000028f7c                nrf_sdh_disable_request
 .text.nrf_sdh_request_continue
                0x000000000002905c       0x20 CMakeFiles/jd_smartwatch.dir/__/toolchains/nRF5/nRF5_SDK_16.0.0_98a08e2/components/softdevice/common/nrf_sdh.c.obj
                0x000000000002905c                nrf_sdh_request_continue
 .text.nrf_sdh_is_enabled
                0x000000000002907c        0xc CMakeFiles/jd_smartwatch.dir/__/toolchains/nRF5/nRF5_SDK_16.0.0_98a08e2/components/softdevice/common/nrf_sdh.c.obj
                0x000000000002907c                nrf_sdh_is_enabled
 .text.nrf_sdh_evts_poll
                0x0000000000029088       0x2c CMakeFiles/jd_smartwatch.dir/__/toolchains/nRF5/nRF5_SDK_16.0.0_98a08e2/components/softdevice/common/nrf_sdh.c.obj
                0x0000000000029088                nrf_sdh_evts_poll
 .text.ble_evt_handler
                0x00000000000290b4      0x160 CMakeFiles/jd_smartwatch.dir/__/toolchains/nRF5/nRF5_SDK_16.0.0_98a08e2/components/ble/common/ble_conn_state.c.obj
 .text.ble_conn_state_valid
                0x0000000000029214       0x14 CMakeFiles/jd_smartwatch.dir/__/toolchains/nRF5/nRF5_SDK_16.0.0_98a08e2/components/ble/common/ble_conn_state.c.obj
                0x0000000000029214                ble_conn_state_valid
 .text.ble_conn_state_role
                0x0000000000029228       0x34 CMakeFiles/jd_smartwatch.dir/__/toolchains/nRF5/nRF5_SDK_16.0.0_98a08e2/components/ble/common/ble_conn_state.c.obj
                0x0000000000029228                ble_conn_state_role
 .text.ble_conn_state_status
                0x000000000002925c       0x34 CMakeFiles/jd_smartwatch.dir/__/toolchains/nRF5/nRF5_SDK_16.0.0_98a08e2/components/ble/common/ble_conn_state.c.obj
                0x000000000002925c                ble_conn_state_status
 .text.ble_conn_state_encrypted
                0x0000000000029290       0x30 CMakeFiles/jd_smartwatch.dir/__/toolchains/nRF5/nRF5_SDK_16.0.0_98a08e2/components/ble/common/ble_conn_state.c.obj
                0x0000000000029290                ble_conn_state_encrypted
 .text.ble_conn_state_mitm_protected
                0x00000000000292c0       0x30 CMakeFiles/jd_smartwatch.dir/__/toolchains/nRF5/nRF5_SDK_16.0.0_98a08e2/components/ble/common/ble_conn_state.c.obj
                0x00000000000292c0                ble_conn_state_mitm_protected
 .text.ble_conn_state_lesc
                0x00000000000292f0       0x30 CMakeFiles/jd_smartwatch.dir/__/toolchains/nRF5/nRF5_SDK_16.0.0_98a08e2/components/ble/common/ble_conn_state.c.obj
                0x00000000000292f0                ble_conn_state_lesc
 .text.ble_conn_state_user_flag_acquire
                0x0000000000029320       0x14 CMakeFiles/jd_smartwatch.dir/__/toolchains/nRF5/nRF5_SDK_16.0.0_98a08e2/components/ble/common/ble_conn_state.c.obj
                0x0000000000029320                ble_conn_state_user_flag_acquire
 .text.ble_conn_state_user_flag_get
                0x0000000000029334       0x38 CMakeFiles/jd_smartwatch.dir/__/toolchains/nRF5/nRF5_SDK_16.0.0_98a08e2/components/ble/common/ble_conn_state.c.obj
                0x0000000000029334                ble_conn_state_user_flag_get
 .text.ble_conn_state_user_flag_set
                0x000000000002936c       0x44 CMakeFiles/jd_smartwatch.dir/__/toolchains/nRF5/nRF5_SDK_16.0.0_98a08e2/components/ble/common/ble_conn_state.c.obj
                0x000000000002936c                ble_conn_state_user_flag_set
 .text.ble_conn_state_for_each_set_user_flag
                0x00000000000293b0       0x58 CMakeFiles/jd_smartwatch.dir/__/toolchains/nRF5/nRF5_SDK_16.0.0_98a08e2/components/ble/common/ble_conn_state.c.obj
                0x00000000000293b0                ble_conn_state_for_each_set_user_flag
 .text.sd_ble_gap_conn_param_update
                0x0000000000029408        0x4 CMakeFiles/jd_smartwatch.dir/__/toolchains/nRF5/nRF5_SDK_16.0.0_98a08e2/components/ble/common/ble_conn_params.c.obj
 .text.sd_ble_gap_disconnect
                0x000000000002940c        0x4 CMakeFiles/jd_smartwatch.dir/__/toolchains/nRF5/nRF5_SDK_16.0.0_98a08e2/components/ble/common/ble_conn_params.c.obj
 .text.sd_ble_gap_ppcp_set
                0x0000000000029410        0x4 CMakeFiles/jd_smartwatch.dir/__/toolchains/nRF5/nRF5_SDK_16.0.0_98a08e2/components/ble/common/ble_conn_params.c.obj
 .text.sd_ble_gap_ppcp_get
                0x0000000000029414        0x4 CMakeFiles/jd_smartwatch.dir/__/toolchains/nRF5/nRF5_SDK_16.0.0_98a08e2/components/ble/common/ble_conn_params.c.obj
 .text.update_timeout_handler
                0x0000000000029418       0x80 CMakeFiles/jd_smartwatch.dir/__/toolchains/nRF5/nRF5_SDK_16.0.0_98a08e2/components/ble/common/ble_conn_params.c.obj
 .text.ble_evt_handler
                0x0000000000029498      0x1d4 CMakeFiles/jd_smartwatch.dir/__/toolchains/nRF5/nRF5_SDK_16.0.0_98a08e2/components/ble/common/ble_conn_params.c.obj
 .text.ble_conn_params_init
                0x000000000002966c       0x7c CMakeFiles/jd_smartwatch.dir/__/toolchains/nRF5/nRF5_SDK_16.0.0_98a08e2/components/ble/common/ble_conn_params.c.obj
                0x000000000002966c                ble_conn_params_init
 .text.sd_ble_gap_addr_get
                0x00000000000296e8        0x4 CMakeFiles/jd_smartwatch.dir/__/toolchains/nRF5/nRF5_SDK_16.0.0_98a08e2/components/ble/common/ble_advdata.c.obj
 .text.sd_ble_gap_appearance_get
                0x00000000000296ec        0x4 CMakeFiles/jd_smartwatch.dir/__/toolchains/nRF5/nRF5_SDK_16.0.0_98a08e2/components/ble/common/ble_advdata.c.obj
 .text.sd_ble_gap_device_name_get
                0x00000000000296f0        0x4 CMakeFiles/jd_smartwatch.dir/__/toolchains/nRF5/nRF5_SDK_16.0.0_98a08e2/components/ble/common/ble_advdata.c.obj
 .text.sd_ble_uuid_encode
                0x00000000000296f4        0x4 CMakeFiles/jd_smartwatch.dir/__/toolchains/nRF5/nRF5_SDK_16.0.0_98a08e2/components/ble/common/ble_advdata.c.obj
 .text.uuid_list_sized_encode
                0x00000000000296f8       0xb4 CMakeFiles/jd_smartwatch.dir/__/toolchains/nRF5/nRF5_SDK_16.0.0_98a08e2/components/ble/common/ble_advdata.c.obj
 .text.ble_advdata_encode
                0x00000000000297ac      0x3fc CMakeFiles/jd_smartwatch.dir/__/toolchains/nRF5/nRF5_SDK_16.0.0_98a08e2/components/ble/common/ble_advdata.c.obj
                0x00000000000297ac                ble_advdata_encode
 .text.ble_advdata_parse
                0x0000000000029ba8       0x58 CMakeFiles/jd_smartwatch.dir/__/toolchains/nRF5/nRF5_SDK_16.0.0_98a08e2/components/ble/common/ble_advdata.c.obj
                0x0000000000029ba8                ble_advdata_parse
 .text.ble_srv_is_notification_enabled
                0x0000000000029c00        0x8 CMakeFiles/jd_smartwatch.dir/__/toolchains/nRF5/nRF5_SDK_16.0.0_98a08e2/components/ble/common/ble_srv_common.c.obj
                0x0000000000029c00                ble_srv_is_notification_enabled
 .text.nrf_queue_push
                0x0000000000029c08       0xec CMakeFiles/jd_smartwatch.dir/__/toolchains/nRF5/nRF5_SDK_16.0.0_98a08e2/components/libraries/queue/nrf_queue.c.obj
                0x0000000000029c08                nrf_queue_push
 .text.nrf_queue_generic_pop
                0x0000000000029cf4       0xd0 CMakeFiles/jd_smartwatch.dir/__/toolchains/nRF5/nRF5_SDK_16.0.0_98a08e2/components/libraries/queue/nrf_queue.c.obj
                0x0000000000029cf4                nrf_queue_generic_pop
 .text.nrf_queue_is_empty
                0x0000000000029dc4       0x10 CMakeFiles/jd_smartwatch.dir/__/toolchains/nRF5/nRF5_SDK_16.0.0_98a08e2/components/libraries/queue/nrf_queue.c.obj
                0x0000000000029dc4                nrf_queue_is_empty
 .text.nrf_pwr_mgmt_init
                0x0000000000029dd4       0x2c CMakeFiles/jd_smartwatch.dir/__/toolchains/nRF5/nRF5_SDK_16.0.0_98a08e2/components/libraries/pwr_mgmt/nrf_pwr_mgmt.c.obj
                0x0000000000029dd4                nrf_pwr_mgmt_init
 .text.nrfx_gpiote_out_task_disable
                0x0000000000029e00       0x24 CMakeFiles/jd_smartwatch.dir/__/toolchains/nRF5/nRF5_SDK_16.0.0_98a08e2/modules/nrfx/drivers/src/nrfx_gpiote.c.obj
                0x0000000000029e00                nrfx_gpiote_out_task_disable
 .text.nrfx_gpiote_set_task_addr_get
                0x0000000000029e24       0x1c CMakeFiles/jd_smartwatch.dir/__/toolchains/nRF5/nRF5_SDK_16.0.0_98a08e2/modules/nrfx/drivers/src/nrfx_gpiote.c.obj
                0x0000000000029e24                nrfx_gpiote_set_task_addr_get
 .text.nrfx_gpiote_clr_task_addr_get
                0x0000000000029e40       0x1c CMakeFiles/jd_smartwatch.dir/__/toolchains/nRF5/nRF5_SDK_16.0.0_98a08e2/modules/nrfx/drivers/src/nrfx_gpiote.c.obj
                0x0000000000029e40                nrfx_gpiote_clr_task_addr_get
 .text.GPIOTE_IRQHandler
                0x0000000000029e5c      0x2f0 CMakeFiles/jd_smartwatch.dir/__/toolchains/nRF5/nRF5_SDK_16.0.0_98a08e2/modules/nrfx/drivers/src/nrfx_gpiote.c.obj
                0x0000000000029e5c                GPIOTE_IRQHandler
 .text.UARTE0_UART0_IRQHandler
                0x000000000002a14c        0xc CMakeFiles/jd_smartwatch.dir/__/toolchains/nRF5/nRF5_SDK_16.0.0_98a08e2/modules/nrfx/drivers/src/prs/nrfx_prs.c.obj
                0x000000000002a14c                UARTE0_UART0_IRQHandler
 .text.nrfx_prs_acquire
                0x000000000002a158       0x4c CMakeFiles/jd_smartwatch.dir/__/toolchains/nRF5/nRF5_SDK_16.0.0_98a08e2/modules/nrfx/drivers/src/prs/nrfx_prs.c.obj
                0x000000000002a158                nrfx_prs_acquire
 .text.SAADC_IRQHandler
                0x000000000002a1a4      0x1f0 CMakeFiles/jd_smartwatch.dir/__/toolchains/nRF5/nRF5_SDK_16.0.0_98a08e2/modules/nrfx/drivers/src/nrfx_saadc.c.obj
                0x000000000002a1a4                SAADC_IRQHandler
 .text.nrfx_saadc_init
                0x000000000002a394       0xa8 CMakeFiles/jd_smartwatch.dir/__/toolchains/nRF5/nRF5_SDK_16.0.0_98a08e2/modules/nrfx/drivers/src/nrfx_saadc.c.obj
                0x000000000002a394                nrfx_saadc_init
 .text.nrfx_saadc_buffer_convert
                0x000000000002a43c       0xc4 CMakeFiles/jd_smartwatch.dir/__/toolchains/nRF5/nRF5_SDK_16.0.0_98a08e2/modules/nrfx/drivers/src/nrfx_saadc.c.obj
                0x000000000002a43c                nrfx_saadc_buffer_convert
 .text.nrfx_saadc_calibrate_offset
                0x000000000002a500       0x44 CMakeFiles/jd_smartwatch.dir/__/toolchains/nRF5/nRF5_SDK_16.0.0_98a08e2/modules/nrfx/drivers/src/nrfx_saadc.c.obj
                0x000000000002a500                nrfx_saadc_calibrate_offset
 .text.nrfx_saadc_abort
                0x000000000002a544       0x64 CMakeFiles/jd_smartwatch.dir/__/toolchains/nRF5/nRF5_SDK_16.0.0_98a08e2/modules/nrfx/drivers/src/nrfx_saadc.c.obj
                0x000000000002a544                nrfx_saadc_abort
 .text.SPIM1_SPIS1_TWIM1_TWIS1_SPI1_TWI1_IRQHandler
                0x000000000002a5a8       0x54 CMakeFiles/jd_smartwatch.dir/__/toolchains/nRF5/nRF5_SDK_16.0.0_98a08e2/modules/nrfx/drivers/src/nrfx_spim.c.obj
                0x000000000002a5a8                SPIM1_SPIS1_TWIM1_TWIS1_SPI1_TWI1_IRQHandler
 .text.nrfx_spim_init
                0x000000000002a5fc      0x1f4 CMakeFiles/jd_smartwatch.dir/__/toolchains/nRF5/nRF5_SDK_16.0.0_98a08e2/modules/nrfx/drivers/src/nrfx_spim.c.obj
                0x000000000002a5fc                nrfx_spim_init
 .text.nrfx_spim_xfer
                0x000000000002a7f0      0x158 CMakeFiles/jd_smartwatch.dir/__/toolchains/nRF5/nRF5_SDK_16.0.0_98a08e2/modules/nrfx/drivers/src/nrfx_spim.c.obj
                0x000000000002a7f0                nrfx_spim_xfer
 .text.nrfx_twi_twim_bus_recover
                0x000000000002a948       0x98 CMakeFiles/jd_smartwatch.dir/__/toolchains/nRF5/nRF5_SDK_16.0.0_98a08e2/modules/nrfx/drivers/src/nrfx_twi_twim.c.obj
                0x000000000002a948                nrfx_twi_twim_bus_recover
 .text.SPIM0_SPIS0_TWIM0_TWIS0_SPI0_TWI0_IRQHandler
                0x000000000002a9e0      0x208 CMakeFiles/jd_smartwatch.dir/__/toolchains/nRF5/nRF5_SDK_16.0.0_98a08e2/modules/nrfx/drivers/src/nrfx_twim.c.obj
                0x000000000002a9e0                SPIM0_SPIS0_TWIM0_TWIS0_SPI0_TWI0_IRQHandler
 .text.nrfx_twim_init
                0x000000000002abe8       0xf0 CMakeFiles/jd_smartwatch.dir/__/toolchains/nRF5/nRF5_SDK_16.0.0_98a08e2/modules/nrfx/drivers/src/nrfx_twim.c.obj
                0x000000000002abe8                nrfx_twim_init
 .text.nrfx_ppi_channel_assign
                0x000000000002acd8       0x4c CMakeFiles/jd_smartwatch.dir/__/toolchains/nRF5/nRF5_SDK_16.0.0_98a08e2/modules/nrfx/drivers/src/nrfx_ppi.c.obj
                0x000000000002acd8                nrfx_ppi_channel_assign
 .text.nrfx_ppi_channel_enable
                0x000000000002ad24       0x30 CMakeFiles/jd_smartwatch.dir/__/toolchains/nRF5/nRF5_SDK_16.0.0_98a08e2/modules/nrfx/drivers/src/nrfx_ppi.c.obj
                0x000000000002ad24                nrfx_ppi_channel_enable
 .text.nrfx_ppi_channel_disable
                0x000000000002ad54       0x30 CMakeFiles/jd_smartwatch.dir/__/toolchains/nRF5/nRF5_SDK_16.0.0_98a08e2/modules/nrfx/drivers/src/nrfx_ppi.c.obj
                0x000000000002ad54                nrfx_ppi_channel_disable
 .text.app_pwm_channel_duty_set
                0x000000000002ad84      0x1d4 CMakeFiles/jd_smartwatch.dir/__/toolchains/nRF5/nRF5_SDK_16.0.0_98a08e2/components/libraries/pwm/app_pwm.c.obj
                0x000000000002ad84                app_pwm_channel_duty_set
 .text.app_pwm_disable
                0x000000000002af58       0x70 CMakeFiles/jd_smartwatch.dir/__/toolchains/nRF5/nRF5_SDK_16.0.0_98a08e2/components/libraries/pwm/app_pwm.c.obj
                0x000000000002af58                app_pwm_disable
 .text.app_timer_callback
                0x000000000002afc8       0x20 CMakeFiles/jd_smartwatch.dir/__/toolchains/nRF5/nRF5_SDK_16.0.0_98a08e2/components/libraries/timer/app_timer_freertos.c.obj
 .text.app_timer_init
                0x000000000002afe8        0x4 CMakeFiles/jd_smartwatch.dir/__/toolchains/nRF5/nRF5_SDK_16.0.0_98a08e2/components/libraries/timer/app_timer_freertos.c.obj
                0x000000000002afe8                app_timer_init
 .text.app_timer_create
                0x000000000002afec       0x64 CMakeFiles/jd_smartwatch.dir/__/toolchains/nRF5/nRF5_SDK_16.0.0_98a08e2/components/libraries/timer/app_timer_freertos.c.obj
                0x000000000002afec                app_timer_create
 .text.app_timer_start
                0x000000000002b050       0xc4 CMakeFiles/jd_smartwatch.dir/__/toolchains/nRF5/nRF5_SDK_16.0.0_98a08e2/components/libraries/timer/app_timer_freertos.c.obj
                0x000000000002b050                app_timer_start
 .text.app_timer_stop
                0x000000000002b114       0x68 CMakeFiles/jd_smartwatch.dir/__/toolchains/nRF5/nRF5_SDK_16.0.0_98a08e2/components/libraries/timer/app_timer_freertos.c.obj
                0x000000000002b114                app_timer_stop
 .text.nrfx_timer_disable
                0x000000000002b17c       0x1c CMakeFiles/jd_smartwatch.dir/__/toolchains/nRF5/nRF5_SDK_16.0.0_98a08e2/modules/nrfx/drivers/src/nrfx_timer.c.obj
                0x000000000002b17c                nrfx_timer_disable
 .text.nrfx_timer_compare
                0x000000000002b198       0x3c CMakeFiles/jd_smartwatch.dir/__/toolchains/nRF5/nRF5_SDK_16.0.0_98a08e2/modules/nrfx/drivers/src/nrfx_timer.c.obj
                0x000000000002b198                nrfx_timer_compare
 .text.nrfx_timer_compare_int_enable
                0x000000000002b1d4       0x30 CMakeFiles/jd_smartwatch.dir/__/toolchains/nRF5/nRF5_SDK_16.0.0_98a08e2/modules/nrfx/drivers/src/nrfx_timer.c.obj
                0x000000000002b1d4                nrfx_timer_compare_int_enable
 .text.nrfx_timer_compare_int_disable
                0x000000000002b204       0x10 CMakeFiles/jd_smartwatch.dir/__/toolchains/nRF5/nRF5_SDK_16.0.0_98a08e2/modules/nrfx/drivers/src/nrfx_timer.c.obj
                0x000000000002b204                nrfx_timer_compare_int_disable
 .text.TIMER0_IRQHandler
                0x000000000002b214       0x58 CMakeFiles/jd_smartwatch.dir/__/toolchains/nRF5/nRF5_SDK_16.0.0_98a08e2/modules/nrfx/drivers/src/nrfx_timer.c.obj
                0x000000000002b214                TIMER0_IRQHandler
 .text.TIMER1_IRQHandler
                0x000000000002b26c       0x58 CMakeFiles/jd_smartwatch.dir/__/toolchains/nRF5/nRF5_SDK_16.0.0_98a08e2/modules/nrfx/drivers/src/nrfx_timer.c.obj
                0x000000000002b26c                TIMER1_IRQHandler
 .text.TIMER2_IRQHandler
                0x000000000002b2c4       0x58 CMakeFiles/jd_smartwatch.dir/__/toolchains/nRF5/nRF5_SDK_16.0.0_98a08e2/modules/nrfx/drivers/src/nrfx_timer.c.obj
                0x000000000002b2c4                TIMER2_IRQHandler
 .text.TIMER3_IRQHandler
                0x000000000002b31c       0x58 CMakeFiles/jd_smartwatch.dir/__/toolchains/nRF5/nRF5_SDK_16.0.0_98a08e2/modules/nrfx/drivers/src/nrfx_timer.c.obj
                0x000000000002b31c                TIMER3_IRQHandler
 .text.TIMER4_IRQHandler
                0x000000000002b374       0x58 CMakeFiles/jd_smartwatch.dir/__/toolchains/nRF5/nRF5_SDK_16.0.0_98a08e2/modules/nrfx/drivers/src/nrfx_timer.c.obj
                0x000000000002b374                TIMER4_IRQHandler
 .text.sd_ble_gap_data_length_update
                0x000000000002b3cc        0x4 CMakeFiles/jd_smartwatch.dir/__/toolchains/nRF5/nRF5_SDK_16.0.0_98a08e2/components/ble/nrf_ble_gatt/nrf_ble_gatt.c.obj
 .text.sd_ble_gattc_exchange_mtu_request
                0x000000000002b3d0        0x4 CMakeFiles/jd_smartwatch.dir/__/toolchains/nRF5/nRF5_SDK_16.0.0_98a08e2/components/ble/nrf_ble_gatt/nrf_ble_gatt.c.obj
 .text.sd_ble_gatts_exchange_mtu_reply
                0x000000000002b3d4        0x4 CMakeFiles/jd_smartwatch.dir/__/toolchains/nRF5/nRF5_SDK_16.0.0_98a08e2/components/ble/nrf_ble_gatt/nrf_ble_gatt.c.obj
 .text.nrf_ble_gatt_init
                0x000000000002b3d8       0x2c CMakeFiles/jd_smartwatch.dir/__/toolchains/nRF5/nRF5_SDK_16.0.0_98a08e2/components/ble/nrf_ble_gatt/nrf_ble_gatt.c.obj
                0x000000000002b3d8                nrf_ble_gatt_init
 .text.nrf_ble_gatt_on_ble_evt
                0x000000000002b404      0x240 CMakeFiles/jd_smartwatch.dir/__/toolchains/nRF5/nRF5_SDK_16.0.0_98a08e2/components/ble/nrf_ble_gatt/nrf_ble_gatt.c.obj
                0x000000000002b404                nrf_ble_gatt_on_ble_evt
 .text.sd_ble_gatts_rw_authorize_reply
                0x000000000002b644        0x4 CMakeFiles/jd_smartwatch.dir/__/toolchains/nRF5/nRF5_SDK_16.0.0_98a08e2/components/ble/nrf_ble_qwr/nrf_ble_qwr.c.obj
 .text.sd_ble_user_mem_reply
                0x000000000002b648        0x4 CMakeFiles/jd_smartwatch.dir/__/toolchains/nRF5/nRF5_SDK_16.0.0_98a08e2/components/ble/nrf_ble_qwr/nrf_ble_qwr.c.obj
 .text.nrf_ble_qwr_init
                0x000000000002b64c       0x54 CMakeFiles/jd_smartwatch.dir/__/toolchains/nRF5/nRF5_SDK_16.0.0_98a08e2/components/ble/nrf_ble_qwr/nrf_ble_qwr.c.obj
                0x000000000002b64c                nrf_ble_qwr_init
 .text.nrf_ble_qwr_conn_handle_assign
                0x000000000002b6a0       0x18 CMakeFiles/jd_smartwatch.dir/__/toolchains/nRF5/nRF5_SDK_16.0.0_98a08e2/components/ble/nrf_ble_qwr/nrf_ble_qwr.c.obj
                0x000000000002b6a0                nrf_ble_qwr_conn_handle_assign
 .text.nrf_ble_qwr_on_ble_evt
                0x000000000002b6b8      0x3c8 CMakeFiles/jd_smartwatch.dir/__/toolchains/nRF5/nRF5_SDK_16.0.0_98a08e2/components/ble/nrf_ble_qwr/nrf_ble_qwr.c.obj
                0x000000000002b6b8                nrf_ble_qwr_on_ble_evt
 .text.sd_ble_gap_adv_set_configure
                0x000000000002ba80        0x4 CMakeFiles/jd_smartwatch.dir/__/toolchains/nRF5/nRF5_SDK_16.0.0_98a08e2/components/ble/ble_advertising/ble_advertising.c.obj
 .text.sd_ble_gap_adv_start
                0x000000000002ba84        0x4 CMakeFiles/jd_smartwatch.dir/__/toolchains/nRF5/nRF5_SDK_16.0.0_98a08e2/components/ble/ble_advertising/ble_advertising.c.obj
 .text.sd_ble_gap_adv_stop
                0x000000000002ba88        0x4 CMakeFiles/jd_smartwatch.dir/__/toolchains/nRF5/nRF5_SDK_16.0.0_98a08e2/components/ble/ble_advertising/ble_advertising.c.obj
 .text.ble_advertising_start.part.4
                0x000000000002ba8c      0x2b8 CMakeFiles/jd_smartwatch.dir/__/toolchains/nRF5/nRF5_SDK_16.0.0_98a08e2/components/ble/ble_advertising/ble_advertising.c.obj
 .text.ble_advertising_conn_cfg_tag_set
                0x000000000002bd44        0x8 CMakeFiles/jd_smartwatch.dir/__/toolchains/nRF5/nRF5_SDK_16.0.0_98a08e2/components/ble/ble_advertising/ble_advertising.c.obj
                0x000000000002bd44                ble_advertising_conn_cfg_tag_set
 .text.ble_advertising_init
                0x000000000002bd4c      0x100 CMakeFiles/jd_smartwatch.dir/__/toolchains/nRF5/nRF5_SDK_16.0.0_98a08e2/components/ble/ble_advertising/ble_advertising.c.obj
                0x000000000002bd4c                ble_advertising_init
 .text.ble_advertising_start
                0x000000000002be4c      0x2c0 CMakeFiles/jd_smartwatch.dir/__/toolchains/nRF5/nRF5_SDK_16.0.0_98a08e2/components/ble/ble_advertising/ble_advertising.c.obj
                0x000000000002be4c                ble_advertising_start
 .text.ble_advertising_on_ble_evt
                0x000000000002c10c       0x8c CMakeFiles/jd_smartwatch.dir/__/toolchains/nRF5/nRF5_SDK_16.0.0_98a08e2/components/ble/ble_advertising/ble_advertising.c.obj
                0x000000000002c10c                ble_advertising_on_ble_evt
 .text.ble_advertising_whitelist_reply
                0x000000000002c198       0x2c CMakeFiles/jd_smartwatch.dir/__/toolchains/nRF5/nRF5_SDK_16.0.0_98a08e2/components/ble/ble_advertising/ble_advertising.c.obj
                0x000000000002c198                ble_advertising_whitelist_reply
 .text.ble_advertising_restart_without_whitelist
                0x000000000002c1c4       0x60 CMakeFiles/jd_smartwatch.dir/__/toolchains/nRF5/nRF5_SDK_16.0.0_98a08e2/components/ble/ble_advertising/ble_advertising.c.obj
                0x000000000002c1c4                ble_advertising_restart_without_whitelist
 .text.nrf_atfifo_init
                0x000000000002c224       0x30 CMakeFiles/jd_smartwatch.dir/__/toolchains/nRF5/nRF5_SDK_16.0.0_98a08e2/components/libraries/atomic_fifo/nrf_atfifo.c.obj
                0x000000000002c224                nrf_atfifo_init
 .text.nrf_atfifo_clear
                0x000000000002c254       0x44 CMakeFiles/jd_smartwatch.dir/__/toolchains/nRF5/nRF5_SDK_16.0.0_98a08e2/components/libraries/atomic_fifo/nrf_atfifo.c.obj
                0x000000000002c254                nrf_atfifo_clear
 .text.nrf_atfifo_item_alloc
                0x000000000002c298       0x58 CMakeFiles/jd_smartwatch.dir/__/toolchains/nRF5/nRF5_SDK_16.0.0_98a08e2/components/libraries/atomic_fifo/nrf_atfifo.c.obj
                0x000000000002c298                nrf_atfifo_item_alloc
 .text.nrf_atfifo_item_put
                0x000000000002c2f0       0x20 CMakeFiles/jd_smartwatch.dir/__/toolchains/nRF5/nRF5_SDK_16.0.0_98a08e2/components/libraries/atomic_fifo/nrf_atfifo.c.obj
                0x000000000002c2f0                nrf_atfifo_item_put
 .text.nrf_atfifo_item_get
                0x000000000002c310       0x5c CMakeFiles/jd_smartwatch.dir/__/toolchains/nRF5/nRF5_SDK_16.0.0_98a08e2/components/libraries/atomic_fifo/nrf_atfifo.c.obj
                0x000000000002c310                nrf_atfifo_item_get
 .text.nrf_atfifo_item_free
                0x000000000002c36c       0x20 CMakeFiles/jd_smartwatch.dir/__/toolchains/nRF5/nRF5_SDK_16.0.0_98a08e2/components/libraries/atomic_fifo/nrf_atfifo.c.obj
                0x000000000002c36c                nrf_atfifo_item_free
 .text.gc_record_find_next
                0x000000000002c38c       0xe4 CMakeFiles/jd_smartwatch.dir/__/toolchains/nRF5/nRF5_SDK_16.0.0_98a08e2/components/libraries/fds/fds.c.obj
 .text.record_find_by_desc
                0x000000000002c470       0xf8 CMakeFiles/jd_smartwatch.dir/__/toolchains/nRF5/nRF5_SDK_16.0.0_98a08e2/components/libraries/fds/fds.c.obj
 .text.queue_process
                0x000000000002c568      0x810 CMakeFiles/jd_smartwatch.dir/__/toolchains/nRF5/nRF5_SDK_16.0.0_98a08e2/components/libraries/fds/fds.c.obj
 .text.fs_event_handler
                0x000000000002cd78        0x8 CMakeFiles/jd_smartwatch.dir/__/toolchains/nRF5/nRF5_SDK_16.0.0_98a08e2/components/libraries/fds/fds.c.obj
 .text.fds_register
                0x000000000002cd80       0x30 CMakeFiles/jd_smartwatch.dir/__/toolchains/nRF5/nRF5_SDK_16.0.0_98a08e2/components/libraries/fds/fds.c.obj
                0x000000000002cd80                fds_register
 .text.fds_init
                0x000000000002cdb0      0x3e4 CMakeFiles/jd_smartwatch.dir/__/toolchains/nRF5/nRF5_SDK_16.0.0_98a08e2/components/libraries/fds/fds.c.obj
                0x000000000002cdb0                fds_init
 .text.fds_record_open
                0x000000000002d194       0x54 CMakeFiles/jd_smartwatch.dir/__/toolchains/nRF5/nRF5_SDK_16.0.0_98a08e2/components/libraries/fds/fds.c.obj
                0x000000000002d194                fds_record_open
 .text.fds_record_close
                0x000000000002d1e8       0x54 CMakeFiles/jd_smartwatch.dir/__/toolchains/nRF5/nRF5_SDK_16.0.0_98a08e2/components/libraries/fds/fds.c.obj
                0x000000000002d1e8                fds_record_close
 .text.fds_record_write
                0x000000000002d23c      0x14c CMakeFiles/jd_smartwatch.dir/__/toolchains/nRF5/nRF5_SDK_16.0.0_98a08e2/components/libraries/fds/fds.c.obj
                0x000000000002d23c                fds_record_write
 .text.fds_record_update
                0x000000000002d388      0x150 CMakeFiles/jd_smartwatch.dir/__/toolchains/nRF5/nRF5_SDK_16.0.0_98a08e2/components/libraries/fds/fds.c.obj
                0x000000000002d388                fds_record_update
 .text.fds_file_delete
                0x000000000002d4d8       0x78 CMakeFiles/jd_smartwatch.dir/__/toolchains/nRF5/nRF5_SDK_16.0.0_98a08e2/components/libraries/fds/fds.c.obj
                0x000000000002d4d8                fds_file_delete
 .text.fds_gc   0x000000000002d550       0x7c CMakeFiles/jd_smartwatch.dir/__/toolchains/nRF5/nRF5_SDK_16.0.0_98a08e2/components/libraries/fds/fds.c.obj
                0x000000000002d550                fds_gc
 .text.fds_record_find
                0x000000000002d5cc       0xfc CMakeFiles/jd_smartwatch.dir/__/toolchains/nRF5/nRF5_SDK_16.0.0_98a08e2/components/libraries/fds/fds.c.obj
                0x000000000002d5cc                fds_record_find
 .text.fds_record_find_by_key
                0x000000000002d6c8       0xf0 CMakeFiles/jd_smartwatch.dir/__/toolchains/nRF5/nRF5_SDK_16.0.0_98a08e2/components/libraries/fds/fds.c.obj
                0x000000000002d6c8                fds_record_find_by_key
 .text.fds_record_find_in_file
                0x000000000002d7b8       0xf0 CMakeFiles/jd_smartwatch.dir/__/toolchains/nRF5/nRF5_SDK_16.0.0_98a08e2/components/libraries/fds/fds.c.obj
                0x000000000002d7b8                fds_record_find_in_file
 .text.fds_record_id_from_desc
                0x000000000002d8a8       0x14 CMakeFiles/jd_smartwatch.dir/__/toolchains/nRF5/nRF5_SDK_16.0.0_98a08e2/components/libraries/fds/fds.c.obj
                0x000000000002d8a8                fds_record_id_from_desc
 .text.fds_stat
                0x000000000002d8bc      0x190 CMakeFiles/jd_smartwatch.dir/__/toolchains/nRF5/nRF5_SDK_16.0.0_98a08e2/components/libraries/fds/fds.c.obj
                0x000000000002d8bc                fds_stat
 .text.nrf_fstorage_init
                0x000000000002da4c       0x5c CMakeFiles/jd_smartwatch.dir/__/toolchains/nRF5/nRF5_SDK_16.0.0_98a08e2/components/libraries/fstorage/nrf_fstorage.c.obj
                0x000000000002da4c                nrf_fstorage_init
 .text.nrf_fstorage_write
                0x000000000002daa8      0x13c CMakeFiles/jd_smartwatch.dir/__/toolchains/nRF5/nRF5_SDK_16.0.0_98a08e2/components/libraries/fstorage/nrf_fstorage.c.obj
                0x000000000002daa8                nrf_fstorage_write
 .text.nrf_fstorage_erase
                0x000000000002dbe4       0xf4 CMakeFiles/jd_smartwatch.dir/__/toolchains/nRF5/nRF5_SDK_16.0.0_98a08e2/components/libraries/fstorage/nrf_fstorage.c.obj
                0x000000000002dbe4                nrf_fstorage_erase
 .text.sd_flash_write
                0x000000000002dcd8        0x4 CMakeFiles/jd_smartwatch.dir/__/toolchains/nRF5/nRF5_SDK_16.0.0_98a08e2/components/libraries/fstorage/nrf_fstorage_sd.c.obj
 .text.sd_flash_page_erase
                0x000000000002dcdc        0x4 CMakeFiles/jd_smartwatch.dir/__/toolchains/nRF5/nRF5_SDK_16.0.0_98a08e2/components/libraries/fstorage/nrf_fstorage_sd.c.obj
 .text.rmap     0x000000000002dce0        0x4 CMakeFiles/jd_smartwatch.dir/__/toolchains/nRF5/nRF5_SDK_16.0.0_98a08e2/components/libraries/fstorage/nrf_fstorage_sd.c.obj
 .text.wmap     0x000000000002dce4        0x4 CMakeFiles/jd_smartwatch.dir/__/toolchains/nRF5/nRF5_SDK_16.0.0_98a08e2/components/libraries/fstorage/nrf_fstorage_sd.c.obj
 .text.is_busy  0x000000000002dce8       0x10 CMakeFiles/jd_smartwatch.dir/__/toolchains/nRF5/nRF5_SDK_16.0.0_98a08e2/components/libraries/fstorage/nrf_fstorage_sd.c.obj
 .text.nrf_fstorage_sdh_req_handler
                0x000000000002dcf8       0x14 CMakeFiles/jd_smartwatch.dir/__/toolchains/nRF5/nRF5_SDK_16.0.0_98a08e2/components/libraries/fstorage/nrf_fstorage_sd.c.obj
                0x000000000002dcf8                nrf_fstorage_sdh_req_handler
 .text.read     0x000000000002dd0c       0x10 CMakeFiles/jd_smartwatch.dir/__/toolchains/nRF5/nRF5_SDK_16.0.0_98a08e2/components/libraries/fstorage/nrf_fstorage_sd.c.obj
 .text.uninit   0x000000000002dd1c       0x20 CMakeFiles/jd_smartwatch.dir/__/toolchains/nRF5/nRF5_SDK_16.0.0_98a08e2/components/libraries/fstorage/nrf_fstorage_sd.c.obj
 .text.init     0x000000000002dd3c       0x38 CMakeFiles/jd_smartwatch.dir/__/toolchains/nRF5/nRF5_SDK_16.0.0_98a08e2/components/libraries/fstorage/nrf_fstorage_sd.c.obj
 .text.queue_process
                0x000000000002dd74      0x18c CMakeFiles/jd_smartwatch.dir/__/toolchains/nRF5/nRF5_SDK_16.0.0_98a08e2/components/libraries/fstorage/nrf_fstorage_sd.c.obj
 .text.write    0x000000000002df00       0x70 CMakeFiles/jd_smartwatch.dir/__/toolchains/nRF5/nRF5_SDK_16.0.0_98a08e2/components/libraries/fstorage/nrf_fstorage_sd.c.obj
 .text.erase    0x000000000002df70       0x6c CMakeFiles/jd_smartwatch.dir/__/toolchains/nRF5/nRF5_SDK_16.0.0_98a08e2/components/libraries/fstorage/nrf_fstorage_sd.c.obj
 .text.nrf_fstorage_sdh_state_handler
                0x000000000002dfdc      0x1a0 CMakeFiles/jd_smartwatch.dir/__/toolchains/nRF5/nRF5_SDK_16.0.0_98a08e2/components/libraries/fstorage/nrf_fstorage_sd.c.obj
                0x000000000002dfdc                nrf_fstorage_sdh_state_handler
 .text.nrf_fstorage_sys_evt_handler
                0x000000000002e17c      0x254 CMakeFiles/jd_smartwatch.dir/__/toolchains/nRF5/nRF5_SDK_16.0.0_98a08e2/components/libraries/fstorage/nrf_fstorage_sd.c.obj
                0x000000000002e17c                nrf_fstorage_sys_evt_handler
 .text.sd_ble_gattc_char_value_by_uuid_read
                0x000000000002e3d0        0x4 CMakeFiles/jd_smartwatch.dir/__/toolchains/nRF5/nRF5_SDK_16.0.0_98a08e2/components/ble/peer_manager/gatt_cache_manager.c.obj
 .text.sd_ble_gattc_read
                0x000000000002e3d4        0x4 CMakeFiles/jd_smartwatch.dir/__/toolchains/nRF5/nRF5_SDK_16.0.0_98a08e2/components/ble/peer_manager/gatt_cache_manager.c.obj
 .text.sd_ble_gatts_value_get
                0x000000000002e3d8        0x4 CMakeFiles/jd_smartwatch.dir/__/toolchains/nRF5/nRF5_SDK_16.0.0_98a08e2/components/ble/peer_manager/gatt_cache_manager.c.obj
 .text.sd_ble_gatts_initial_user_handle_get
                0x000000000002e3dc        0x4 CMakeFiles/jd_smartwatch.dir/__/toolchains/nRF5/nRF5_SDK_16.0.0_98a08e2/components/ble/peer_manager/gatt_cache_manager.c.obj
 .text.sd_ble_gatts_attr_get
                0x000000000002e3e0        0x4 CMakeFiles/jd_smartwatch.dir/__/toolchains/nRF5/nRF5_SDK_16.0.0_98a08e2/components/ble/peer_manager/gatt_cache_manager.c.obj
 .text.car_update_pending_handle
                0x000000000002e3e4       0x4c CMakeFiles/jd_smartwatch.dir/__/toolchains/nRF5/nRF5_SDK_16.0.0_98a08e2/components/ble/peer_manager/gatt_cache_manager.c.obj
 .text.db_update_pending_handle
                0x000000000002e430      0x108 CMakeFiles/jd_smartwatch.dir/__/toolchains/nRF5/nRF5_SDK_16.0.0_98a08e2/components/ble/peer_manager/gatt_cache_manager.c.obj
 .text.local_db_apply_in_evt
                0x000000000002e538       0xfc CMakeFiles/jd_smartwatch.dir/__/toolchains/nRF5/nRF5_SDK_16.0.0_98a08e2/components/ble/peer_manager/gatt_cache_manager.c.obj
 .text.sc_send_pending_handle
                0x000000000002e634      0x180 CMakeFiles/jd_smartwatch.dir/__/toolchains/nRF5/nRF5_SDK_16.0.0_98a08e2/components/ble/peer_manager/gatt_cache_manager.c.obj
 .text.apply_pending_handle
                0x000000000002e7b4       0xfc CMakeFiles/jd_smartwatch.dir/__/toolchains/nRF5/nRF5_SDK_16.0.0_98a08e2/components/ble/peer_manager/gatt_cache_manager.c.obj
 .text.gcm_im_evt_handler
                0x000000000002e8b0      0x180 CMakeFiles/jd_smartwatch.dir/__/toolchains/nRF5/nRF5_SDK_16.0.0_98a08e2/components/ble/peer_manager/gatt_cache_manager.c.obj
                0x000000000002e8b0                gcm_im_evt_handler
 .text.gcm_pdb_evt_handler
                0x000000000002ea30       0xe8 CMakeFiles/jd_smartwatch.dir/__/toolchains/nRF5/nRF5_SDK_16.0.0_98a08e2/components/ble/peer_manager/gatt_cache_manager.c.obj
                0x000000000002ea30                gcm_pdb_evt_handler
 .text.gcm_init
                0x000000000002eb18       0xc4 CMakeFiles/jd_smartwatch.dir/__/toolchains/nRF5/nRF5_SDK_16.0.0_98a08e2/components/ble/peer_manager/gatt_cache_manager.c.obj
                0x000000000002eb18                gcm_init
 .text.gcm_ble_evt_handler
                0x000000000002ebdc      0x2ec CMakeFiles/jd_smartwatch.dir/__/toolchains/nRF5/nRF5_SDK_16.0.0_98a08e2/components/ble/peer_manager/gatt_cache_manager.c.obj
                0x000000000002ebdc                gcm_ble_evt_handler
 .text.sd_ble_gatts_service_changed
                0x000000000002eec8        0x4 CMakeFiles/jd_smartwatch.dir/__/toolchains/nRF5/nRF5_SDK_16.0.0_98a08e2/components/ble/peer_manager/gatts_cache_manager.c.obj
 .text.sd_ble_gatts_sys_attr_set
                0x000000000002eecc        0x4 CMakeFiles/jd_smartwatch.dir/__/toolchains/nRF5/nRF5_SDK_16.0.0_98a08e2/components/ble/peer_manager/gatts_cache_manager.c.obj
 .text.sd_ble_gatts_sys_attr_get
                0x000000000002eed0        0x4 CMakeFiles/jd_smartwatch.dir/__/toolchains/nRF5/nRF5_SDK_16.0.0_98a08e2/components/ble/peer_manager/gatts_cache_manager.c.obj
 .text.sd_ble_gatts_initial_user_handle_get
                0x000000000002eed4        0x4 CMakeFiles/jd_smartwatch.dir/__/toolchains/nRF5/nRF5_SDK_16.0.0_98a08e2/components/ble/peer_manager/gatts_cache_manager.c.obj
 .text.service_changed_pending_set
                0x000000000002eed8       0xac CMakeFiles/jd_smartwatch.dir/__/toolchains/nRF5/nRF5_SDK_16.0.0_98a08e2/components/ble/peer_manager/gatts_cache_manager.c.obj
 .text.gscm_pdb_evt_handler
                0x000000000002ef84       0x18 CMakeFiles/jd_smartwatch.dir/__/toolchains/nRF5/nRF5_SDK_16.0.0_98a08e2/components/ble/peer_manager/gatts_cache_manager.c.obj
                0x000000000002ef84                gscm_pdb_evt_handler
 .text.gscm_init
                0x000000000002ef9c       0x10 CMakeFiles/jd_smartwatch.dir/__/toolchains/nRF5/nRF5_SDK_16.0.0_98a08e2/components/ble/peer_manager/gatts_cache_manager.c.obj
                0x000000000002ef9c                gscm_init
 .text.gscm_local_db_cache_update
                0x000000000002efac       0xd4 CMakeFiles/jd_smartwatch.dir/__/toolchains/nRF5/nRF5_SDK_16.0.0_98a08e2/components/ble/peer_manager/gatts_cache_manager.c.obj
                0x000000000002efac                gscm_local_db_cache_update
 .text.gscm_local_db_cache_apply
                0x000000000002f080       0xac CMakeFiles/jd_smartwatch.dir/__/toolchains/nRF5/nRF5_SDK_16.0.0_98a08e2/components/ble/peer_manager/gatts_cache_manager.c.obj
                0x000000000002f080                gscm_local_db_cache_apply
 .text.gscm_service_changed_ind_needed
                0x000000000002f12c       0x2c CMakeFiles/jd_smartwatch.dir/__/toolchains/nRF5/nRF5_SDK_16.0.0_98a08e2/components/ble/peer_manager/gatts_cache_manager.c.obj
                0x000000000002f12c                gscm_service_changed_ind_needed
 .text.gscm_service_changed_ind_send
                0x000000000002f158       0x5c CMakeFiles/jd_smartwatch.dir/__/toolchains/nRF5/nRF5_SDK_16.0.0_98a08e2/components/ble/peer_manager/gatts_cache_manager.c.obj
                0x000000000002f158                gscm_service_changed_ind_send
 .text.gscm_db_change_notification_done
                0x000000000002f1b4       0x24 CMakeFiles/jd_smartwatch.dir/__/toolchains/nRF5/nRF5_SDK_16.0.0_98a08e2/components/ble/peer_manager/gatts_cache_manager.c.obj
                0x000000000002f1b4                gscm_db_change_notification_done
 .text.sd_ble_gap_whitelist_set
                0x000000000002f1d8        0x4 CMakeFiles/jd_smartwatch.dir/__/toolchains/nRF5/nRF5_SDK_16.0.0_98a08e2/components/ble/peer_manager/id_manager.c.obj
 .text.sd_ble_gap_device_identities_set
                0x000000000002f1dc        0x4 CMakeFiles/jd_smartwatch.dir/__/toolchains/nRF5/nRF5_SDK_16.0.0_98a08e2/components/ble/peer_manager/id_manager.c.obj
 .text.sd_ecb_block_encrypt
                0x000000000002f1e0        0x4 CMakeFiles/jd_smartwatch.dir/__/toolchains/nRF5/nRF5_SDK_16.0.0_98a08e2/components/ble/peer_manager/id_manager.c.obj
 .text.peers_id_keys_get
                0x000000000002f1e4      0x1f8 CMakeFiles/jd_smartwatch.dir/__/toolchains/nRF5/nRF5_SDK_16.0.0_98a08e2/components/ble/peer_manager/id_manager.c.obj
 .text.im_ble_evt_handler
                0x000000000002f3dc      0x1e4 CMakeFiles/jd_smartwatch.dir/__/toolchains/nRF5/nRF5_SDK_16.0.0_98a08e2/components/ble/peer_manager/id_manager.c.obj
                0x000000000002f3dc                im_ble_evt_handler
 .text.im_is_duplicate_bonding_data
                0x000000000002f5c0      0x100 CMakeFiles/jd_smartwatch.dir/__/toolchains/nRF5/nRF5_SDK_16.0.0_98a08e2/components/ble/peer_manager/id_manager.c.obj
                0x000000000002f5c0                im_is_duplicate_bonding_data
 .text.im_find_duplicate_bonding_data
                0x000000000002f6c0       0x40 CMakeFiles/jd_smartwatch.dir/__/toolchains/nRF5/nRF5_SDK_16.0.0_98a08e2/components/ble/peer_manager/id_manager.c.obj
                0x000000000002f6c0                im_find_duplicate_bonding_data
 .text.im_peer_id_get_by_conn_handle
                0x000000000002f700       0x2c CMakeFiles/jd_smartwatch.dir/__/toolchains/nRF5/nRF5_SDK_16.0.0_98a08e2/components/ble/peer_manager/id_manager.c.obj
                0x000000000002f700                im_peer_id_get_by_conn_handle
 .text.im_ble_addr_get
                0x000000000002f72c       0x3c CMakeFiles/jd_smartwatch.dir/__/toolchains/nRF5/nRF5_SDK_16.0.0_98a08e2/components/ble/peer_manager/id_manager.c.obj
                0x000000000002f72c                im_ble_addr_get
 .text.im_master_ids_compare
                0x000000000002f768       0x44 CMakeFiles/jd_smartwatch.dir/__/toolchains/nRF5/nRF5_SDK_16.0.0_98a08e2/components/ble/peer_manager/id_manager.c.obj
                0x000000000002f768                im_master_ids_compare
 .text.im_peer_id_get_by_master_id
                0x000000000002f7ac       0xf0 CMakeFiles/jd_smartwatch.dir/__/toolchains/nRF5/nRF5_SDK_16.0.0_98a08e2/components/ble/peer_manager/id_manager.c.obj
                0x000000000002f7ac                im_peer_id_get_by_master_id
 .text.im_conn_handle_get
                0x000000000002f89c       0x40 CMakeFiles/jd_smartwatch.dir/__/toolchains/nRF5/nRF5_SDK_16.0.0_98a08e2/components/ble/peer_manager/id_manager.c.obj
                0x000000000002f89c                im_conn_handle_get
 .text.im_new_peer_id
                0x000000000002f8dc       0x14 CMakeFiles/jd_smartwatch.dir/__/toolchains/nRF5/nRF5_SDK_16.0.0_98a08e2/components/ble/peer_manager/id_manager.c.obj
                0x000000000002f8dc                im_new_peer_id
 .text.im_peer_free
                0x000000000002f8f0       0x5c CMakeFiles/jd_smartwatch.dir/__/toolchains/nRF5/nRF5_SDK_16.0.0_98a08e2/components/ble/peer_manager/id_manager.c.obj
                0x000000000002f8f0                im_peer_free
 .text.im_device_identities_list_set
                0x000000000002f94c      0x114 CMakeFiles/jd_smartwatch.dir/__/toolchains/nRF5/nRF5_SDK_16.0.0_98a08e2/components/ble/peer_manager/id_manager.c.obj
                0x000000000002f94c                im_device_identities_list_set
 .text.im_whitelist_get
                0x000000000002fa60       0x3c CMakeFiles/jd_smartwatch.dir/__/toolchains/nRF5/nRF5_SDK_16.0.0_98a08e2/components/ble/peer_manager/id_manager.c.obj
                0x000000000002fa60                im_whitelist_get
 .text.im_whitelist_set
                0x000000000002fa9c       0x9c CMakeFiles/jd_smartwatch.dir/__/toolchains/nRF5/nRF5_SDK_16.0.0_98a08e2/components/ble/peer_manager/id_manager.c.obj
                0x000000000002fa9c                im_whitelist_set
 .text.peer_data_delete_process
                0x000000000002fb38       0xd0 CMakeFiles/jd_smartwatch.dir/__/toolchains/nRF5/nRF5_SDK_16.0.0_98a08e2/components/ble/peer_manager/peer_data_storage.c.obj
 .text.fds_evt_handler
                0x000000000002fc08       0xfc CMakeFiles/jd_smartwatch.dir/__/toolchains/nRF5/nRF5_SDK_16.0.0_98a08e2/components/ble/peer_manager/peer_data_storage.c.obj
 .text.pds_init
                0x000000000002fd04       0xac CMakeFiles/jd_smartwatch.dir/__/toolchains/nRF5/nRF5_SDK_16.0.0_98a08e2/components/ble/peer_manager/peer_data_storage.c.obj
                0x000000000002fd04                pds_init
 .text.pds_peer_data_read
                0x000000000002fdb0       0x8c CMakeFiles/jd_smartwatch.dir/__/toolchains/nRF5/nRF5_SDK_16.0.0_98a08e2/components/ble/peer_manager/peer_data_storage.c.obj
                0x000000000002fdb0                pds_peer_data_read
 .text.pds_peer_data_iterate_prepare
                0x000000000002fe3c       0x10 CMakeFiles/jd_smartwatch.dir/__/toolchains/nRF5/nRF5_SDK_16.0.0_98a08e2/components/ble/peer_manager/peer_data_storage.c.obj
                0x000000000002fe3c                pds_peer_data_iterate_prepare
 .text.pds_peer_data_iterate
                0x000000000002fe4c       0x5c CMakeFiles/jd_smartwatch.dir/__/toolchains/nRF5/nRF5_SDK_16.0.0_98a08e2/components/ble/peer_manager/peer_data_storage.c.obj
                0x000000000002fe4c                pds_peer_data_iterate
 .text.pds_peer_data_store
                0x000000000002fea8       0xc4 CMakeFiles/jd_smartwatch.dir/__/toolchains/nRF5/nRF5_SDK_16.0.0_98a08e2/components/ble/peer_manager/peer_data_storage.c.obj
                0x000000000002fea8                pds_peer_data_store
 .text.pds_peer_id_allocate
                0x000000000002ff6c        0x8 CMakeFiles/jd_smartwatch.dir/__/toolchains/nRF5/nRF5_SDK_16.0.0_98a08e2/components/ble/peer_manager/peer_data_storage.c.obj
                0x000000000002ff6c                pds_peer_id_allocate
 .text.pds_peer_id_free
                0x000000000002ff74       0x18 CMakeFiles/jd_smartwatch.dir/__/toolchains/nRF5/nRF5_SDK_16.0.0_98a08e2/components/ble/peer_manager/peer_data_storage.c.obj
                0x000000000002ff74                pds_peer_id_free
 .text.pds_peer_id_is_allocated
                0x000000000002ff8c        0x4 CMakeFiles/jd_smartwatch.dir/__/toolchains/nRF5/nRF5_SDK_16.0.0_98a08e2/components/ble/peer_manager/peer_data_storage.c.obj
                0x000000000002ff8c                pds_peer_id_is_allocated
 .text.pds_peer_id_is_deleted
                0x000000000002ff90        0x4 CMakeFiles/jd_smartwatch.dir/__/toolchains/nRF5/nRF5_SDK_16.0.0_98a08e2/components/ble/peer_manager/peer_data_storage.c.obj
                0x000000000002ff90                pds_peer_id_is_deleted
 .text.pds_next_peer_id_get
                0x000000000002ff94        0x4 CMakeFiles/jd_smartwatch.dir/__/toolchains/nRF5/nRF5_SDK_16.0.0_98a08e2/components/ble/peer_manager/peer_data_storage.c.obj
                0x000000000002ff94                pds_next_peer_id_get
 .text.pds_next_deleted_peer_id_get
                0x000000000002ff98        0x4 CMakeFiles/jd_smartwatch.dir/__/toolchains/nRF5/nRF5_SDK_16.0.0_98a08e2/components/ble/peer_manager/peer_data_storage.c.obj
                0x000000000002ff98                pds_next_deleted_peer_id_get
 .text.write_buf_store
                0x000000000002ff9c      0x10c CMakeFiles/jd_smartwatch.dir/__/toolchains/nRF5/nRF5_SDK_16.0.0_98a08e2/components/ble/peer_manager/peer_database.c.obj
                0x000000000002ff9c                write_buf_store
 .text.pdb_pds_evt_handler
                0x00000000000300a8      0x1f0 CMakeFiles/jd_smartwatch.dir/__/toolchains/nRF5/nRF5_SDK_16.0.0_98a08e2/components/ble/peer_manager/peer_database.c.obj
                0x00000000000300a8                pdb_pds_evt_handler
 .text.pdb_init
                0x0000000000030298       0xd8 CMakeFiles/jd_smartwatch.dir/__/toolchains/nRF5/nRF5_SDK_16.0.0_98a08e2/components/ble/peer_manager/peer_database.c.obj
                0x0000000000030298                pdb_init
 .text.pdb_peer_free
                0x0000000000030370      0x1b8 CMakeFiles/jd_smartwatch.dir/__/toolchains/nRF5/nRF5_SDK_16.0.0_98a08e2/components/ble/peer_manager/peer_database.c.obj
                0x0000000000030370                pdb_peer_free
 .text.pdb_peer_data_ptr_get
                0x0000000000030528        0x8 CMakeFiles/jd_smartwatch.dir/__/toolchains/nRF5/nRF5_SDK_16.0.0_98a08e2/components/ble/peer_manager/peer_database.c.obj
                0x0000000000030528                pdb_peer_data_ptr_get
 .text.pdb_write_buf_get
                0x0000000000030530      0x300 CMakeFiles/jd_smartwatch.dir/__/toolchains/nRF5/nRF5_SDK_16.0.0_98a08e2/components/ble/peer_manager/peer_database.c.obj
                0x0000000000030530                pdb_write_buf_get
 .text.pdb_write_buf_release
                0x0000000000030830      0x138 CMakeFiles/jd_smartwatch.dir/__/toolchains/nRF5/nRF5_SDK_16.0.0_98a08e2/components/ble/peer_manager/peer_database.c.obj
                0x0000000000030830                pdb_write_buf_release
 .text.pdb_write_buf_store
                0x0000000000030968      0x114 CMakeFiles/jd_smartwatch.dir/__/toolchains/nRF5/nRF5_SDK_16.0.0_98a08e2/components/ble/peer_manager/peer_database.c.obj
                0x0000000000030968                pdb_write_buf_store
 .text.peer_id_init
                0x0000000000030a7c       0x10 CMakeFiles/jd_smartwatch.dir/__/toolchains/nRF5/nRF5_SDK_16.0.0_98a08e2/components/ble/peer_manager/peer_id.c.obj
                0x0000000000030a7c                peer_id_init
 .text.peer_id_allocate
                0x0000000000030a8c       0x3c CMakeFiles/jd_smartwatch.dir/__/toolchains/nRF5/nRF5_SDK_16.0.0_98a08e2/components/ble/peer_manager/peer_id.c.obj
                0x0000000000030a8c                peer_id_allocate
 .text.peer_id_delete
                0x0000000000030ac8       0x24 CMakeFiles/jd_smartwatch.dir/__/toolchains/nRF5/nRF5_SDK_16.0.0_98a08e2/components/ble/peer_manager/peer_id.c.obj
                0x0000000000030ac8                peer_id_delete
 .text.peer_id_free
                0x0000000000030aec       0x28 CMakeFiles/jd_smartwatch.dir/__/toolchains/nRF5/nRF5_SDK_16.0.0_98a08e2/components/ble/peer_manager/peer_id.c.obj
                0x0000000000030aec                peer_id_free
 .text.peer_id_is_allocated
                0x0000000000030b14       0x14 CMakeFiles/jd_smartwatch.dir/__/toolchains/nRF5/nRF5_SDK_16.0.0_98a08e2/components/ble/peer_manager/peer_id.c.obj
                0x0000000000030b14                peer_id_is_allocated
 .text.peer_id_is_deleted
                0x0000000000030b28       0x14 CMakeFiles/jd_smartwatch.dir/__/toolchains/nRF5/nRF5_SDK_16.0.0_98a08e2/components/ble/peer_manager/peer_id.c.obj
                0x0000000000030b28                peer_id_is_deleted
 .text.peer_id_get_next_used
                0x0000000000030b3c       0x7c CMakeFiles/jd_smartwatch.dir/__/toolchains/nRF5/nRF5_SDK_16.0.0_98a08e2/components/ble/peer_manager/peer_id.c.obj
                0x0000000000030b3c                peer_id_get_next_used
 .text.peer_id_get_next_deleted
                0x0000000000030bb8       0x40 CMakeFiles/jd_smartwatch.dir/__/toolchains/nRF5/nRF5_SDK_16.0.0_98a08e2/components/ble/peer_manager/peer_id.c.obj
                0x0000000000030bb8                peer_id_get_next_deleted
 .text.ble_evt_handler
                0x0000000000030bf8       0x24 CMakeFiles/jd_smartwatch.dir/__/toolchains/nRF5/nRF5_SDK_16.0.0_98a08e2/components/ble/peer_manager/peer_manager.c.obj
 .text.pm_peer_ranks_get.part.4
                0x0000000000030c1c       0xe8 CMakeFiles/jd_smartwatch.dir/__/toolchains/nRF5/nRF5_SDK_16.0.0_98a08e2/components/ble/peer_manager/peer_manager.c.obj
 .text.pm_pdb_evt_handler
                0x0000000000030d04      0x290 CMakeFiles/jd_smartwatch.dir/__/toolchains/nRF5/nRF5_SDK_16.0.0_98a08e2/components/ble/peer_manager/peer_manager.c.obj
                0x0000000000030d04                pm_pdb_evt_handler
 .text.pm_sm_evt_handler
                0x0000000000030f94       0x2c CMakeFiles/jd_smartwatch.dir/__/toolchains/nRF5/nRF5_SDK_16.0.0_98a08e2/components/ble/peer_manager/peer_manager.c.obj
                0x0000000000030f94                pm_sm_evt_handler
 .text.pm_gcm_evt_handler
                0x0000000000030fc0       0x28 CMakeFiles/jd_smartwatch.dir/__/toolchains/nRF5/nRF5_SDK_16.0.0_98a08e2/components/ble/peer_manager/peer_manager.c.obj
                0x0000000000030fc0                pm_gcm_evt_handler
 .text.pm_gscm_evt_handler
                0x0000000000030fe8       0x28 CMakeFiles/jd_smartwatch.dir/__/toolchains/nRF5/nRF5_SDK_16.0.0_98a08e2/components/ble/peer_manager/peer_manager.c.obj
                0x0000000000030fe8                pm_gscm_evt_handler
 .text.pm_im_evt_handler
                0x0000000000031010       0x28 CMakeFiles/jd_smartwatch.dir/__/toolchains/nRF5/nRF5_SDK_16.0.0_98a08e2/components/ble/peer_manager/peer_manager.c.obj
                0x0000000000031010                pm_im_evt_handler
 .text.pm_init  0x0000000000031038       0xe8 CMakeFiles/jd_smartwatch.dir/__/toolchains/nRF5/nRF5_SDK_16.0.0_98a08e2/components/ble/peer_manager/peer_manager.c.obj
                0x0000000000031038                pm_init
 .text.pm_register
                0x0000000000031120       0x38 CMakeFiles/jd_smartwatch.dir/__/toolchains/nRF5/nRF5_SDK_16.0.0_98a08e2/components/ble/peer_manager/peer_manager.c.obj
                0x0000000000031120                pm_register
 .text.pm_sec_params_set
                0x0000000000031158       0x14 CMakeFiles/jd_smartwatch.dir/__/toolchains/nRF5/nRF5_SDK_16.0.0_98a08e2/components/ble/peer_manager/peer_manager.c.obj
                0x0000000000031158                pm_sec_params_set
 .text.pm_conn_secure
                0x000000000003116c       0x1c CMakeFiles/jd_smartwatch.dir/__/toolchains/nRF5/nRF5_SDK_16.0.0_98a08e2/components/ble/peer_manager/peer_manager.c.obj
                0x000000000003116c                pm_conn_secure
 .text.pm_conn_sec_config_reply
                0x0000000000031188        0x8 CMakeFiles/jd_smartwatch.dir/__/toolchains/nRF5/nRF5_SDK_16.0.0_98a08e2/components/ble/peer_manager/peer_manager.c.obj
                0x0000000000031188                pm_conn_sec_config_reply
 .text.pm_whitelist_set
                0x0000000000031190       0x14 CMakeFiles/jd_smartwatch.dir/__/toolchains/nRF5/nRF5_SDK_16.0.0_98a08e2/components/ble/peer_manager/peer_manager.c.obj
                0x0000000000031190                pm_whitelist_set
 .text.pm_whitelist_get
                0x00000000000311a4       0x30 CMakeFiles/jd_smartwatch.dir/__/toolchains/nRF5/nRF5_SDK_16.0.0_98a08e2/components/ble/peer_manager/peer_manager.c.obj
                0x00000000000311a4                pm_whitelist_get
 .text.pm_device_identities_list_set
                0x00000000000311d4       0x14 CMakeFiles/jd_smartwatch.dir/__/toolchains/nRF5/nRF5_SDK_16.0.0_98a08e2/components/ble/peer_manager/peer_manager.c.obj
                0x00000000000311d4                pm_device_identities_list_set
 .text.pm_conn_sec_status_get
                0x00000000000311e8       0x14 CMakeFiles/jd_smartwatch.dir/__/toolchains/nRF5/nRF5_SDK_16.0.0_98a08e2/components/ble/peer_manager/peer_manager.c.obj
                0x00000000000311e8                pm_conn_sec_status_get
 .text.pm_peer_id_get
                0x00000000000311fc       0x28 CMakeFiles/jd_smartwatch.dir/__/toolchains/nRF5/nRF5_SDK_16.0.0_98a08e2/components/ble/peer_manager/peer_manager.c.obj
                0x00000000000311fc                pm_peer_id_get
 .text.pm_next_peer_id_get
                0x0000000000031224       0x2c CMakeFiles/jd_smartwatch.dir/__/toolchains/nRF5/nRF5_SDK_16.0.0_98a08e2/components/ble/peer_manager/peer_manager.c.obj
                0x0000000000031224                pm_next_peer_id_get
 .text.pm_peer_data_remote_db_load
                0x0000000000031250       0x3c CMakeFiles/jd_smartwatch.dir/__/toolchains/nRF5/nRF5_SDK_16.0.0_98a08e2/components/ble/peer_manager/peer_manager.c.obj
                0x0000000000031250                pm_peer_data_remote_db_load
 .text.pm_peer_data_remote_db_store
                0x000000000003128c       0x5c CMakeFiles/jd_smartwatch.dir/__/toolchains/nRF5/nRF5_SDK_16.0.0_98a08e2/components/ble/peer_manager/peer_manager.c.obj
                0x000000000003128c                pm_peer_data_remote_db_store
 .text.pm_peer_delete
                0x00000000000312e8       0x14 CMakeFiles/jd_smartwatch.dir/__/toolchains/nRF5/nRF5_SDK_16.0.0_98a08e2/components/ble/peer_manager/peer_manager.c.obj
                0x00000000000312e8                pm_peer_delete
 .text.pm_peers_delete
                0x00000000000312fc       0xd0 CMakeFiles/jd_smartwatch.dir/__/toolchains/nRF5/nRF5_SDK_16.0.0_98a08e2/components/ble/peer_manager/peer_manager.c.obj
                0x00000000000312fc                pm_peers_delete
 .text.pm_peer_ranks_get
                0x00000000000313cc       0x1c CMakeFiles/jd_smartwatch.dir/__/toolchains/nRF5/nRF5_SDK_16.0.0_98a08e2/components/ble/peer_manager/peer_manager.c.obj
                0x00000000000313cc                pm_peer_ranks_get
 .text.pm_peer_rank_highest
                0x00000000000313e8      0x158 CMakeFiles/jd_smartwatch.dir/__/toolchains/nRF5/nRF5_SDK_16.0.0_98a08e2/components/ble/peer_manager/peer_manager.c.obj
                0x00000000000313e8                pm_peer_rank_highest
 .text.sd_ble_gap_disconnect
                0x0000000000031540        0x4 CMakeFiles/jd_smartwatch.dir/__/toolchains/nRF5/nRF5_SDK_16.0.0_98a08e2/components/ble/peer_manager/peer_manager_handler.c.obj
 .text.pm_handler_on_pm_evt
                0x0000000000031544      0x358 CMakeFiles/jd_smartwatch.dir/__/toolchains/nRF5/nRF5_SDK_16.0.0_98a08e2/components/ble/peer_manager/peer_manager_handler.c.obj
                0x0000000000031544                pm_handler_on_pm_evt
 .text.pm_handler_flash_clean
                0x000000000003189c      0x5d4 CMakeFiles/jd_smartwatch.dir/__/toolchains/nRF5/nRF5_SDK_16.0.0_98a08e2/components/ble/peer_manager/peer_manager_handler.c.obj
                0x000000000003189c                pm_handler_flash_clean
 .text.pm_handler_secure_on_connection
                0x0000000000031e70       0xdc CMakeFiles/jd_smartwatch.dir/__/toolchains/nRF5/nRF5_SDK_16.0.0_98a08e2/components/ble/peer_manager/peer_manager_handler.c.obj
                0x0000000000031e70                pm_handler_secure_on_connection
 .text.pm_buffer_init
                0x0000000000031f4c       0x2c CMakeFiles/jd_smartwatch.dir/__/toolchains/nRF5/nRF5_SDK_16.0.0_98a08e2/components/ble/peer_manager/pm_buffer.c.obj
                0x0000000000031f4c                pm_buffer_init
 .text.pm_buffer_block_acquire
                0x0000000000031f78       0x90 CMakeFiles/jd_smartwatch.dir/__/toolchains/nRF5/nRF5_SDK_16.0.0_98a08e2/components/ble/peer_manager/pm_buffer.c.obj
                0x0000000000031f78                pm_buffer_block_acquire
 .text.pm_buffer_ptr_get
                0x0000000000032008       0x34 CMakeFiles/jd_smartwatch.dir/__/toolchains/nRF5/nRF5_SDK_16.0.0_98a08e2/components/ble/peer_manager/pm_buffer.c.obj
                0x0000000000032008                pm_buffer_ptr_get
 .text.pm_buffer_release
                0x000000000003203c       0x34 CMakeFiles/jd_smartwatch.dir/__/toolchains/nRF5/nRF5_SDK_16.0.0_98a08e2/components/ble/peer_manager/pm_buffer.c.obj
                0x000000000003203c                pm_buffer_release
 .text.sd_ble_gap_authenticate
                0x0000000000032070        0x4 CMakeFiles/jd_smartwatch.dir/__/toolchains/nRF5/nRF5_SDK_16.0.0_98a08e2/components/ble/peer_manager/security_dispatcher.c.obj
 .text.sd_ble_gap_sec_params_reply
                0x0000000000032074        0x4 CMakeFiles/jd_smartwatch.dir/__/toolchains/nRF5/nRF5_SDK_16.0.0_98a08e2/components/ble/peer_manager/security_dispatcher.c.obj
 .text.sd_ble_gap_sec_info_reply
                0x0000000000032078        0x4 CMakeFiles/jd_smartwatch.dir/__/toolchains/nRF5/nRF5_SDK_16.0.0_98a08e2/components/ble/peer_manager/security_dispatcher.c.obj
 .text.smd_conn_sec_config_reply
                0x000000000003207c       0x10 CMakeFiles/jd_smartwatch.dir/__/toolchains/nRF5/nRF5_SDK_16.0.0_98a08e2/components/ble/peer_manager/security_dispatcher.c.obj
                0x000000000003207c                smd_conn_sec_config_reply
 .text.smd_init
                0x000000000003208c       0x90 CMakeFiles/jd_smartwatch.dir/__/toolchains/nRF5/nRF5_SDK_16.0.0_98a08e2/components/ble/peer_manager/security_dispatcher.c.obj
                0x000000000003208c                smd_init
 .text.smd_params_reply
                0x000000000003211c      0x1a0 CMakeFiles/jd_smartwatch.dir/__/toolchains/nRF5/nRF5_SDK_16.0.0_98a08e2/components/ble/peer_manager/security_dispatcher.c.obj
                0x000000000003211c                smd_params_reply
 .text.smd_link_secure
                0x00000000000322bc       0x2c CMakeFiles/jd_smartwatch.dir/__/toolchains/nRF5/nRF5_SDK_16.0.0_98a08e2/components/ble/peer_manager/security_dispatcher.c.obj
                0x00000000000322bc                smd_link_secure
 .text.smd_ble_evt_handler
                0x00000000000322e8      0x7c8 CMakeFiles/jd_smartwatch.dir/__/toolchains/nRF5/nRF5_SDK_16.0.0_98a08e2/components/ble/peer_manager/security_dispatcher.c.obj
                0x00000000000322e8                smd_ble_evt_handler
 .text.events_send_from_err_code
                0x0000000000032ab0       0xe0 CMakeFiles/jd_smartwatch.dir/__/toolchains/nRF5/nRF5_SDK_16.0.0_98a08e2/components/ble/peer_manager/security_manager.c.obj
 .text.params_reply_pending_handle
                0x0000000000032b90      0x184 CMakeFiles/jd_smartwatch.dir/__/toolchains/nRF5/nRF5_SDK_16.0.0_98a08e2/components/ble/peer_manager/security_manager.c.obj
 .text.link_secure_pending_handle
                0x0000000000032d14      0x138 CMakeFiles/jd_smartwatch.dir/__/toolchains/nRF5/nRF5_SDK_16.0.0_98a08e2/components/ble/peer_manager/security_manager.c.obj
 .text.sm_conn_sec_status_get
                0x0000000000032e4c       0xa4 CMakeFiles/jd_smartwatch.dir/__/toolchains/nRF5/nRF5_SDK_16.0.0_98a08e2/components/ble/peer_manager/security_manager.c.obj
                0x0000000000032e4c                sm_conn_sec_status_get
 .text.sm_smd_evt_handler
                0x0000000000032ef0      0x384 CMakeFiles/jd_smartwatch.dir/__/toolchains/nRF5/nRF5_SDK_16.0.0_98a08e2/components/ble/peer_manager/security_manager.c.obj
                0x0000000000032ef0                sm_smd_evt_handler
 .text.sm_pdb_evt_handler
                0x0000000000033274       0x48 CMakeFiles/jd_smartwatch.dir/__/toolchains/nRF5/nRF5_SDK_16.0.0_98a08e2/components/ble/peer_manager/security_manager.c.obj
                0x0000000000033274                sm_pdb_evt_handler
 .text.sm_init  0x00000000000332bc       0x90 CMakeFiles/jd_smartwatch.dir/__/toolchains/nRF5/nRF5_SDK_16.0.0_98a08e2/components/ble/peer_manager/security_manager.c.obj
                0x00000000000332bc                sm_init
 .text.sm_ble_evt_handler
                0x000000000003334c       0x34 CMakeFiles/jd_smartwatch.dir/__/toolchains/nRF5/nRF5_SDK_16.0.0_98a08e2/components/ble/peer_manager/security_manager.c.obj
                0x000000000003334c                sm_ble_evt_handler
 .text.sm_sec_params_set
                0x0000000000033380       0x88 CMakeFiles/jd_smartwatch.dir/__/toolchains/nRF5/nRF5_SDK_16.0.0_98a08e2/components/ble/peer_manager/security_manager.c.obj
                0x0000000000033380                sm_sec_params_set
 .text.sm_conn_sec_config_reply
                0x0000000000033408        0x4 CMakeFiles/jd_smartwatch.dir/__/toolchains/nRF5/nRF5_SDK_16.0.0_98a08e2/components/ble/peer_manager/security_manager.c.obj
                0x0000000000033408                sm_conn_sec_config_reply
 .text.sm_link_secure
                0x000000000003340c      0x10c CMakeFiles/jd_smartwatch.dir/__/toolchains/nRF5/nRF5_SDK_16.0.0_98a08e2/components/ble/peer_manager/security_manager.c.obj
                0x000000000003340c                sm_link_secure
 .text.sd_ble_uuid_vs_add
                0x0000000000033518        0x4 CMakeFiles/jd_smartwatch.dir/__/toolchains/nRF5/nRF5_SDK_16.0.0_98a08e2/components/ble/ble_services/ble_ancs_c/nrf_ble_ancs_c.c.obj
 .text.gatt_error_handler
                0x000000000003351c        0x8 CMakeFiles/jd_smartwatch.dir/__/toolchains/nRF5/nRF5_SDK_16.0.0_98a08e2/components/ble/ble_services/ble_ancs_c/nrf_ble_ancs_c.c.obj
 .text.ble_ancs_c_on_db_disc_evt
                0x0000000000033524      0x108 CMakeFiles/jd_smartwatch.dir/__/toolchains/nRF5/nRF5_SDK_16.0.0_98a08e2/components/ble/ble_services/ble_ancs_c/nrf_ble_ancs_c.c.obj
                0x0000000000033524                ble_ancs_c_on_db_disc_evt
 .text.ble_ancs_c_on_ble_evt
                0x000000000003362c       0xec CMakeFiles/jd_smartwatch.dir/__/toolchains/nRF5/nRF5_SDK_16.0.0_98a08e2/components/ble/ble_services/ble_ancs_c/nrf_ble_ancs_c.c.obj
                0x000000000003362c                ble_ancs_c_on_ble_evt
 .text.ble_ancs_c_init
                0x0000000000033718       0xb4 CMakeFiles/jd_smartwatch.dir/__/toolchains/nRF5/nRF5_SDK_16.0.0_98a08e2/components/ble/ble_services/ble_ancs_c/nrf_ble_ancs_c.c.obj
                0x0000000000033718                ble_ancs_c_init
 .text.ble_ancs_c_notif_source_notif_enable
                0x00000000000337cc       0x68 CMakeFiles/jd_smartwatch.dir/__/toolchains/nRF5/nRF5_SDK_16.0.0_98a08e2/components/ble/ble_services/ble_ancs_c/nrf_ble_ancs_c.c.obj
                0x00000000000337cc                ble_ancs_c_notif_source_notif_enable
 .text.ble_ancs_c_data_source_notif_enable
                0x0000000000033834       0x68 CMakeFiles/jd_smartwatch.dir/__/toolchains/nRF5/nRF5_SDK_16.0.0_98a08e2/components/ble/ble_services/ble_ancs_c/nrf_ble_ancs_c.c.obj
                0x0000000000033834                ble_ancs_c_data_source_notif_enable
 .text.nrf_ble_ancs_c_attr_add
                0x000000000003389c       0x30 CMakeFiles/jd_smartwatch.dir/__/toolchains/nRF5/nRF5_SDK_16.0.0_98a08e2/components/ble/ble_services/ble_ancs_c/nrf_ble_ancs_c.c.obj
                0x000000000003389c                nrf_ble_ancs_c_attr_add
 .text.nrf_ble_ancs_c_app_attr_add
                0x00000000000338cc       0x34 CMakeFiles/jd_smartwatch.dir/__/toolchains/nRF5/nRF5_SDK_16.0.0_98a08e2/components/ble/ble_services/ble_ancs_c/nrf_ble_ancs_c.c.obj
                0x00000000000338cc                nrf_ble_ancs_c_app_attr_add
 .text.nrf_ble_ancs_c_handles_assign
                0x0000000000033900       0x28 CMakeFiles/jd_smartwatch.dir/__/toolchains/nRF5/nRF5_SDK_16.0.0_98a08e2/components/ble/ble_services/ble_ancs_c/nrf_ble_ancs_c.c.obj
                0x0000000000033900                nrf_ble_ancs_c_handles_assign
 .text.ancs_parse_get_attrs_response
                0x0000000000033928      0x200 CMakeFiles/jd_smartwatch.dir/__/toolchains/nRF5/nRF5_SDK_16.0.0_98a08e2/components/ble/ble_services/ble_ancs_c/ancs_attr_parser.c.obj
                0x0000000000033928                ancs_parse_get_attrs_response
 .text.descriptors_discover
                0x0000000000033b28       0xd8 CMakeFiles/jd_smartwatch.dir/__/toolchains/nRF5/nRF5_SDK_16.0.0_98a08e2/components/ble/ble_db_discovery/ble_db_discovery.c.obj
 .text.discovery_error_handler
                0x0000000000033c00      0x10c CMakeFiles/jd_smartwatch.dir/__/toolchains/nRF5/nRF5_SDK_16.0.0_98a08e2/components/ble/ble_db_discovery/ble_db_discovery.c.obj
 .text.on_srv_disc_completion
                0x0000000000033d0c      0x1ac CMakeFiles/jd_smartwatch.dir/__/toolchains/nRF5/nRF5_SDK_16.0.0_98a08e2/components/ble/ble_db_discovery/ble_db_discovery.c.obj
 .text.ble_db_discovery_init
                0x0000000000033eb8       0x38 CMakeFiles/jd_smartwatch.dir/__/toolchains/nRF5/nRF5_SDK_16.0.0_98a08e2/components/ble/ble_db_discovery/ble_db_discovery.c.obj
                0x0000000000033eb8                ble_db_discovery_init
 .text.ble_db_discovery_evt_register
                0x0000000000033ef0       0xcc CMakeFiles/jd_smartwatch.dir/__/toolchains/nRF5/nRF5_SDK_16.0.0_98a08e2/components/ble/ble_db_discovery/ble_db_discovery.c.obj
                0x0000000000033ef0                ble_db_discovery_evt_register
 .text.ble_db_discovery_start
                0x0000000000033fbc       0xac CMakeFiles/jd_smartwatch.dir/__/toolchains/nRF5/nRF5_SDK_16.0.0_98a08e2/components/ble/ble_db_discovery/ble_db_discovery.c.obj
                0x0000000000033fbc                ble_db_discovery_start
 .text.ble_db_discovery_on_ble_evt
                0x0000000000034068      0xca8 CMakeFiles/jd_smartwatch.dir/__/toolchains/nRF5/nRF5_SDK_16.0.0_98a08e2/components/ble/ble_db_discovery/ble_db_discovery.c.obj
                0x0000000000034068                ble_db_discovery_on_ble_evt
 .text.sd_ble_gattc_primary_services_discover
                0x0000000000034d10        0x4 CMakeFiles/jd_smartwatch.dir/__/toolchains/nRF5/nRF5_SDK_16.0.0_98a08e2/components/ble/nrf_ble_gq/nrf_ble_gq.c.obj
 .text.sd_ble_gattc_characteristics_discover
                0x0000000000034d14        0x4 CMakeFiles/jd_smartwatch.dir/__/toolchains/nRF5/nRF5_SDK_16.0.0_98a08e2/components/ble/nrf_ble_gq/nrf_ble_gq.c.obj
 .text.sd_ble_gattc_descriptors_discover
                0x0000000000034d18        0x4 CMakeFiles/jd_smartwatch.dir/__/toolchains/nRF5/nRF5_SDK_16.0.0_98a08e2/components/ble/nrf_ble_gq/nrf_ble_gq.c.obj
 .text.sd_ble_gattc_read
                0x0000000000034d1c        0x4 CMakeFiles/jd_smartwatch.dir/__/toolchains/nRF5/nRF5_SDK_16.0.0_98a08e2/components/ble/nrf_ble_gq/nrf_ble_gq.c.obj
 .text.sd_ble_gattc_write
                0x0000000000034d20        0x4 CMakeFiles/jd_smartwatch.dir/__/toolchains/nRF5/nRF5_SDK_16.0.0_98a08e2/components/ble/nrf_ble_gq/nrf_ble_gq.c.obj
 .text.sd_ble_gatts_hvx
                0x0000000000034d24        0x4 CMakeFiles/jd_smartwatch.dir/__/toolchains/nRF5/nRF5_SDK_16.0.0_98a08e2/components/ble/nrf_ble_gq/nrf_ble_gq.c.obj
 .text.gatts_hvx_alloc
                0x0000000000034d28       0x3c CMakeFiles/jd_smartwatch.dir/__/toolchains/nRF5/nRF5_SDK_16.0.0_98a08e2/components/ble/nrf_ble_gq/nrf_ble_gq.c.obj
 .text.gattc_write_alloc
                0x0000000000034d64       0x2c CMakeFiles/jd_smartwatch.dir/__/toolchains/nRF5/nRF5_SDK_16.0.0_98a08e2/components/ble/nrf_ble_gq/nrf_ble_gq.c.obj
 .text.queue_process
                0x0000000000034d90      0x17c CMakeFiles/jd_smartwatch.dir/__/toolchains/nRF5/nRF5_SDK_16.0.0_98a08e2/components/ble/nrf_ble_gq/nrf_ble_gq.c.obj
 .text.nrf_ble_gq_item_add
                0x0000000000034f0c      0x210 CMakeFiles/jd_smartwatch.dir/__/toolchains/nRF5/nRF5_SDK_16.0.0_98a08e2/components/ble/nrf_ble_gq/nrf_ble_gq.c.obj
                0x0000000000034f0c                nrf_ble_gq_item_add
 .text.nrf_ble_gq_conn_handle_register
                0x000000000003511c      0x100 CMakeFiles/jd_smartwatch.dir/__/toolchains/nRF5/nRF5_SDK_16.0.0_98a08e2/components/ble/nrf_ble_gq/nrf_ble_gq.c.obj
                0x000000000003511c                nrf_ble_gq_conn_handle_register
 .text.nrf_ble_gq_on_ble_evt
                0x000000000003521c       0x90 CMakeFiles/jd_smartwatch.dir/__/toolchains/nRF5/nRF5_SDK_16.0.0_98a08e2/components/ble/nrf_ble_gq/nrf_ble_gq.c.obj